ARM GAS  C:\Users\CHUCK~1.ERH\AppData\Local\Temp\ccxaEy0f.s 			page 1


   1              		.cpu cortex-m0
   2              		.fpu softvfp
   3              		.eabi_attribute 20, 1
   4              		.eabi_attribute 21, 1
   5              		.eabi_attribute 23, 3
   6              		.eabi_attribute 24, 1
   7              		.eabi_attribute 25, 1
   8              		.eabi_attribute 26, 1
   9              		.eabi_attribute 30, 6
  10              		.eabi_attribute 34, 0
  11              		.eabi_attribute 18, 4
  12              		.code	16
  13              		.file	"cyfitter_cfg.c"
  14              		.text
  15              	.Ltext0:
  16              		.cfi_sections	.debug_frame
  17              		.section	.text.CYMEMZERO,"ax",%progbits
  18              		.align	2
  19              		.code	16
  20              		.thumb_func
  21              		.type	CYMEMZERO, %function
  22              	CYMEMZERO:
  23              	.LFB0:
  24              		.file 1 ".\\Generated_Source\\PSoC4\\cyfitter_cfg.c"
   1:.\Generated_Source\PSoC4/cyfitter_cfg.c **** /*******************************************************************************
   2:.\Generated_Source\PSoC4/cyfitter_cfg.c **** * FILENAME: cyfitter_cfg.c
   3:.\Generated_Source\PSoC4/cyfitter_cfg.c **** * PSoC Creator 3.0 SP1
   4:.\Generated_Source\PSoC4/cyfitter_cfg.c **** *
   5:.\Generated_Source\PSoC4/cyfitter_cfg.c **** * Description:
   6:.\Generated_Source\PSoC4/cyfitter_cfg.c **** * This file is automatically generated by PSoC Creator with device 
   7:.\Generated_Source\PSoC4/cyfitter_cfg.c **** * initialization code.  Except for the user defined sections in
   8:.\Generated_Source\PSoC4/cyfitter_cfg.c **** * CyClockStartupError(), this file should not be modified.
   9:.\Generated_Source\PSoC4/cyfitter_cfg.c **** *
  10:.\Generated_Source\PSoC4/cyfitter_cfg.c **** ********************************************************************************
  11:.\Generated_Source\PSoC4/cyfitter_cfg.c **** * Copyright 2013, Cypress Semiconductor Corporation.  All rights reserved.
  12:.\Generated_Source\PSoC4/cyfitter_cfg.c **** * You may use this file only in accordance with the license, terms, conditions, 
  13:.\Generated_Source\PSoC4/cyfitter_cfg.c **** * disclaimers, and limitations in the end user license agreement accompanying 
  14:.\Generated_Source\PSoC4/cyfitter_cfg.c **** * the software package with which this file was provided.
  15:.\Generated_Source\PSoC4/cyfitter_cfg.c **** ********************************************************************************/
  16:.\Generated_Source\PSoC4/cyfitter_cfg.c **** 
  17:.\Generated_Source\PSoC4/cyfitter_cfg.c **** #include <string.h>
  18:.\Generated_Source\PSoC4/cyfitter_cfg.c **** #include <cytypes.h>
  19:.\Generated_Source\PSoC4/cyfitter_cfg.c **** #include <cydevice_trm.h>
  20:.\Generated_Source\PSoC4/cyfitter_cfg.c **** #include <cyfitter.h>
  21:.\Generated_Source\PSoC4/cyfitter_cfg.c **** #include <CyLib.h>
  22:.\Generated_Source\PSoC4/cyfitter_cfg.c **** #include <cyfitter_cfg.h>
  23:.\Generated_Source\PSoC4/cyfitter_cfg.c **** 
  24:.\Generated_Source\PSoC4/cyfitter_cfg.c **** 
  25:.\Generated_Source\PSoC4/cyfitter_cfg.c **** #if defined(__GNUC__) || defined(__ARMCC_VERSION)
  26:.\Generated_Source\PSoC4/cyfitter_cfg.c ****     #define CYPACKED 
  27:.\Generated_Source\PSoC4/cyfitter_cfg.c ****     #define CYPACKED_ATTR __attribute__ ((packed))
  28:.\Generated_Source\PSoC4/cyfitter_cfg.c ****     #define CYALIGNED __attribute__ ((aligned))
  29:.\Generated_Source\PSoC4/cyfitter_cfg.c ****     #define CY_CFG_UNUSED __attribute__ ((unused))
  30:.\Generated_Source\PSoC4/cyfitter_cfg.c ****     #define CY_CFG_SECTION __attribute__ ((section(".psocinit")))
  31:.\Generated_Source\PSoC4/cyfitter_cfg.c ****     
  32:.\Generated_Source\PSoC4/cyfitter_cfg.c ****     #if defined(__ARMCC_VERSION)
  33:.\Generated_Source\PSoC4/cyfitter_cfg.c ****         #define CY_CFG_MEMORY_BARRIER() __memory_changed()
ARM GAS  C:\Users\CHUCK~1.ERH\AppData\Local\Temp\ccxaEy0f.s 			page 2


  34:.\Generated_Source\PSoC4/cyfitter_cfg.c ****     #else
  35:.\Generated_Source\PSoC4/cyfitter_cfg.c ****         #define CY_CFG_MEMORY_BARRIER() __sync_synchronize()
  36:.\Generated_Source\PSoC4/cyfitter_cfg.c ****     #endif
  37:.\Generated_Source\PSoC4/cyfitter_cfg.c ****     
  38:.\Generated_Source\PSoC4/cyfitter_cfg.c **** #elif defined(__ICCARM__)
  39:.\Generated_Source\PSoC4/cyfitter_cfg.c ****     #include <intrinsics.h>
  40:.\Generated_Source\PSoC4/cyfitter_cfg.c **** 
  41:.\Generated_Source\PSoC4/cyfitter_cfg.c ****     #define CYPACKED __packed
  42:.\Generated_Source\PSoC4/cyfitter_cfg.c ****     #define CYPACKED_ATTR 
  43:.\Generated_Source\PSoC4/cyfitter_cfg.c ****     #define CYALIGNED _Pragma("data_alignment=4")
  44:.\Generated_Source\PSoC4/cyfitter_cfg.c ****     #define CY_CFG_UNUSED _Pragma("diag_suppress=Pe177")
  45:.\Generated_Source\PSoC4/cyfitter_cfg.c ****     #define CY_CFG_SECTION _Pragma("location=\".psocinit\"")
  46:.\Generated_Source\PSoC4/cyfitter_cfg.c ****     
  47:.\Generated_Source\PSoC4/cyfitter_cfg.c ****     #define CY_CFG_MEMORY_BARRIER() __DMB()
  48:.\Generated_Source\PSoC4/cyfitter_cfg.c ****     
  49:.\Generated_Source\PSoC4/cyfitter_cfg.c **** #else
  50:.\Generated_Source\PSoC4/cyfitter_cfg.c ****     #error Unsupported toolchain
  51:.\Generated_Source\PSoC4/cyfitter_cfg.c **** #endif
  52:.\Generated_Source\PSoC4/cyfitter_cfg.c **** 
  53:.\Generated_Source\PSoC4/cyfitter_cfg.c **** 
  54:.\Generated_Source\PSoC4/cyfitter_cfg.c **** CY_CFG_UNUSED
  55:.\Generated_Source\PSoC4/cyfitter_cfg.c **** static void CYMEMZERO(void *s, size_t n);
  56:.\Generated_Source\PSoC4/cyfitter_cfg.c **** CY_CFG_UNUSED
  57:.\Generated_Source\PSoC4/cyfitter_cfg.c **** static void CYMEMZERO(void *s, size_t n)
  58:.\Generated_Source\PSoC4/cyfitter_cfg.c **** {
  25              		.loc 1 58 0
  26              		.cfi_startproc
  27 0000 80B5     		push	{r7, lr}
  28              	.LCFI0:
  29              		.cfi_def_cfa_offset 8
  30              		.cfi_offset 7, -8
  31              		.cfi_offset 14, -4
  32 0002 82B0     		sub	sp, sp, #8
  33              	.LCFI1:
  34              		.cfi_def_cfa_offset 16
  35 0004 00AF     		add	r7, sp, #0
  36              	.LCFI2:
  37              		.cfi_def_cfa_register 7
  38 0006 7860     		str	r0, [r7, #4]
  39 0008 3960     		str	r1, [r7]
  59:.\Generated_Source\PSoC4/cyfitter_cfg.c **** 	(void)memset(s, 0, n);
  40              		.loc 1 59 0
  41 000a 7A68     		ldr	r2, [r7, #4]
  42 000c 3B68     		ldr	r3, [r7]
  43 000e 101C     		mov	r0, r2
  44 0010 0021     		mov	r1, #0
  45 0012 1A1C     		mov	r2, r3
  46 0014 FFF7FEFF 		bl	memset
  60:.\Generated_Source\PSoC4/cyfitter_cfg.c **** }
  47              		.loc 1 60 0
  48 0018 BD46     		mov	sp, r7
  49 001a 02B0     		add	sp, sp, #8
  50              		@ sp needed for prologue
  51 001c 80BD     		pop	{r7, pc}
  52              		.cfi_endproc
  53              	.LFE0:
  54              		.size	CYMEMZERO, .-CYMEMZERO
ARM GAS  C:\Users\CHUCK~1.ERH\AppData\Local\Temp\ccxaEy0f.s 			page 3


  55 001e C046     		.section	.text.CYCONFIGCPY,"ax",%progbits
  56              		.align	2
  57              		.code	16
  58              		.thumb_func
  59              		.type	CYCONFIGCPY, %function
  60              	CYCONFIGCPY:
  61              	.LFB1:
  61:.\Generated_Source\PSoC4/cyfitter_cfg.c **** CY_CFG_UNUSED
  62:.\Generated_Source\PSoC4/cyfitter_cfg.c **** static void CYCONFIGCPY(void *dest, const void *src, size_t n);
  63:.\Generated_Source\PSoC4/cyfitter_cfg.c **** CY_CFG_UNUSED
  64:.\Generated_Source\PSoC4/cyfitter_cfg.c **** static void CYCONFIGCPY(void *dest, const void *src, size_t n)
  65:.\Generated_Source\PSoC4/cyfitter_cfg.c **** {
  62              		.loc 1 65 0
  63              		.cfi_startproc
  64 0000 80B5     		push	{r7, lr}
  65              	.LCFI3:
  66              		.cfi_def_cfa_offset 8
  67              		.cfi_offset 7, -8
  68              		.cfi_offset 14, -4
  69 0002 84B0     		sub	sp, sp, #16
  70              	.LCFI4:
  71              		.cfi_def_cfa_offset 24
  72 0004 00AF     		add	r7, sp, #0
  73              	.LCFI5:
  74              		.cfi_def_cfa_register 7
  75 0006 F860     		str	r0, [r7, #12]
  76 0008 B960     		str	r1, [r7, #8]
  77 000a 7A60     		str	r2, [r7, #4]
  66:.\Generated_Source\PSoC4/cyfitter_cfg.c **** 	(void)memcpy(dest, src, n);
  78              		.loc 1 66 0
  79 000c F968     		ldr	r1, [r7, #12]
  80 000e BA68     		ldr	r2, [r7, #8]
  81 0010 7B68     		ldr	r3, [r7, #4]
  82 0012 081C     		mov	r0, r1
  83 0014 111C     		mov	r1, r2
  84 0016 1A1C     		mov	r2, r3
  85 0018 FFF7FEFF 		bl	memcpy
  67:.\Generated_Source\PSoC4/cyfitter_cfg.c **** }
  86              		.loc 1 67 0
  87 001c BD46     		mov	sp, r7
  88 001e 04B0     		add	sp, sp, #16
  89              		@ sp needed for prologue
  90 0020 80BD     		pop	{r7, pc}
  91              		.cfi_endproc
  92              	.LFE1:
  93              		.size	CYCONFIGCPY, .-CYCONFIGCPY
  94 0022 C046     		.section	.text.CYCONFIGCPYCODE,"ax",%progbits
  95              		.align	2
  96              		.code	16
  97              		.thumb_func
  98              		.type	CYCONFIGCPYCODE, %function
  99              	CYCONFIGCPYCODE:
 100              	.LFB2:
  68:.\Generated_Source\PSoC4/cyfitter_cfg.c **** CY_CFG_UNUSED
  69:.\Generated_Source\PSoC4/cyfitter_cfg.c **** static void CYCONFIGCPYCODE(void *dest, const void *src, size_t n);
  70:.\Generated_Source\PSoC4/cyfitter_cfg.c **** CY_CFG_UNUSED
  71:.\Generated_Source\PSoC4/cyfitter_cfg.c **** static void CYCONFIGCPYCODE(void *dest, const void *src, size_t n)
ARM GAS  C:\Users\CHUCK~1.ERH\AppData\Local\Temp\ccxaEy0f.s 			page 4


  72:.\Generated_Source\PSoC4/cyfitter_cfg.c **** {
 101              		.loc 1 72 0
 102              		.cfi_startproc
 103 0000 80B5     		push	{r7, lr}
 104              	.LCFI6:
 105              		.cfi_def_cfa_offset 8
 106              		.cfi_offset 7, -8
 107              		.cfi_offset 14, -4
 108 0002 84B0     		sub	sp, sp, #16
 109              	.LCFI7:
 110              		.cfi_def_cfa_offset 24
 111 0004 00AF     		add	r7, sp, #0
 112              	.LCFI8:
 113              		.cfi_def_cfa_register 7
 114 0006 F860     		str	r0, [r7, #12]
 115 0008 B960     		str	r1, [r7, #8]
 116 000a 7A60     		str	r2, [r7, #4]
  73:.\Generated_Source\PSoC4/cyfitter_cfg.c **** 	(void)memcpy(dest, src, n);
 117              		.loc 1 73 0
 118 000c F968     		ldr	r1, [r7, #12]
 119 000e BA68     		ldr	r2, [r7, #8]
 120 0010 7B68     		ldr	r3, [r7, #4]
 121 0012 081C     		mov	r0, r1
 122 0014 111C     		mov	r1, r2
 123 0016 1A1C     		mov	r2, r3
 124 0018 FFF7FEFF 		bl	memcpy
  74:.\Generated_Source\PSoC4/cyfitter_cfg.c **** }
 125              		.loc 1 74 0
 126 001c BD46     		mov	sp, r7
 127 001e 04B0     		add	sp, sp, #16
 128              		@ sp needed for prologue
 129 0020 80BD     		pop	{r7, pc}
 130              		.cfi_endproc
 131              	.LFE2:
 132              		.size	CYCONFIGCPYCODE, .-CYCONFIGCPYCODE
 133 0022 C046     		.section	.psocinit,"ax",%progbits
 134              		.align	2
 135              		.code	16
 136              		.thumb_func
 137              		.type	SetIMOBGTrims, %function
 138              	SetIMOBGTrims:
 139              	.LFB3:
  75:.\Generated_Source\PSoC4/cyfitter_cfg.c **** 
  76:.\Generated_Source\PSoC4/cyfitter_cfg.c **** 
  77:.\Generated_Source\PSoC4/cyfitter_cfg.c **** 
  78:.\Generated_Source\PSoC4/cyfitter_cfg.c **** /* Clock startup error codes                                                   */
  79:.\Generated_Source\PSoC4/cyfitter_cfg.c **** #define CYCLOCKSTART_NO_ERROR    0u
  80:.\Generated_Source\PSoC4/cyfitter_cfg.c **** #define CYCLOCKSTART_XTAL_ERROR  1u
  81:.\Generated_Source\PSoC4/cyfitter_cfg.c **** #define CYCLOCKSTART_32KHZ_ERROR 2u
  82:.\Generated_Source\PSoC4/cyfitter_cfg.c **** #define CYCLOCKSTART_PLL_ERROR   3u
  83:.\Generated_Source\PSoC4/cyfitter_cfg.c **** 
  84:.\Generated_Source\PSoC4/cyfitter_cfg.c **** #ifdef CY_NEED_CYCLOCKSTARTUPERROR
  85:.\Generated_Source\PSoC4/cyfitter_cfg.c **** /*******************************************************************************
  86:.\Generated_Source\PSoC4/cyfitter_cfg.c **** * Function Name: CyClockStartupError
  87:.\Generated_Source\PSoC4/cyfitter_cfg.c **** ********************************************************************************
  88:.\Generated_Source\PSoC4/cyfitter_cfg.c **** * Summary:
  89:.\Generated_Source\PSoC4/cyfitter_cfg.c **** *  If an error is encountered during clock configuration (crystal startup error,
ARM GAS  C:\Users\CHUCK~1.ERH\AppData\Local\Temp\ccxaEy0f.s 			page 5


  90:.\Generated_Source\PSoC4/cyfitter_cfg.c **** *  PLL lock error, etc.), the system will end up here.  Unless reimplemented by
  91:.\Generated_Source\PSoC4/cyfitter_cfg.c **** *  the customer, this function will stop in an infinite loop.
  92:.\Generated_Source\PSoC4/cyfitter_cfg.c **** *
  93:.\Generated_Source\PSoC4/cyfitter_cfg.c **** * Parameters:
  94:.\Generated_Source\PSoC4/cyfitter_cfg.c **** *   void
  95:.\Generated_Source\PSoC4/cyfitter_cfg.c **** *
  96:.\Generated_Source\PSoC4/cyfitter_cfg.c **** * Return:
  97:.\Generated_Source\PSoC4/cyfitter_cfg.c **** *   void
  98:.\Generated_Source\PSoC4/cyfitter_cfg.c **** *
  99:.\Generated_Source\PSoC4/cyfitter_cfg.c **** *******************************************************************************/
 100:.\Generated_Source\PSoC4/cyfitter_cfg.c **** CY_CFG_UNUSED
 101:.\Generated_Source\PSoC4/cyfitter_cfg.c **** static void CyClockStartupError(uint8 errorCode);
 102:.\Generated_Source\PSoC4/cyfitter_cfg.c **** CY_CFG_UNUSED
 103:.\Generated_Source\PSoC4/cyfitter_cfg.c **** static void CyClockStartupError(uint8 errorCode)
 104:.\Generated_Source\PSoC4/cyfitter_cfg.c **** {
 105:.\Generated_Source\PSoC4/cyfitter_cfg.c ****     /* To remove the compiler warning if errorCode not used.                */
 106:.\Generated_Source\PSoC4/cyfitter_cfg.c ****     errorCode = errorCode;
 107:.\Generated_Source\PSoC4/cyfitter_cfg.c **** 
 108:.\Generated_Source\PSoC4/cyfitter_cfg.c ****     /* `#START CyClockStartupError` */
 109:.\Generated_Source\PSoC4/cyfitter_cfg.c **** 
 110:.\Generated_Source\PSoC4/cyfitter_cfg.c ****     /* If we have a clock startup error (bad MHz crystal, PLL lock, etc.),  */
 111:.\Generated_Source\PSoC4/cyfitter_cfg.c ****     /* we will end up here to allow the customer to implement something to  */
 112:.\Generated_Source\PSoC4/cyfitter_cfg.c ****     /* deal with the clock condition.                                       */
 113:.\Generated_Source\PSoC4/cyfitter_cfg.c **** 
 114:.\Generated_Source\PSoC4/cyfitter_cfg.c ****     /* `#END` */
 115:.\Generated_Source\PSoC4/cyfitter_cfg.c **** 
 116:.\Generated_Source\PSoC4/cyfitter_cfg.c ****     /* If nothing else, stop here since the clocks have not started         */
 117:.\Generated_Source\PSoC4/cyfitter_cfg.c ****     /* correctly.                                                           */
 118:.\Generated_Source\PSoC4/cyfitter_cfg.c ****     while(1) {}
 119:.\Generated_Source\PSoC4/cyfitter_cfg.c **** }
 120:.\Generated_Source\PSoC4/cyfitter_cfg.c **** #endif
 121:.\Generated_Source\PSoC4/cyfitter_cfg.c **** 
 122:.\Generated_Source\PSoC4/cyfitter_cfg.c **** 
 123:.\Generated_Source\PSoC4/cyfitter_cfg.c **** /*******************************************************************************
 124:.\Generated_Source\PSoC4/cyfitter_cfg.c **** * Function Name: SetIMOBGTrims
 125:.\Generated_Source\PSoC4/cyfitter_cfg.c **** ********************************************************************************
 126:.\Generated_Source\PSoC4/cyfitter_cfg.c **** *
 127:.\Generated_Source\PSoC4/cyfitter_cfg.c **** * Summary:
 128:.\Generated_Source\PSoC4/cyfitter_cfg.c **** *   Performs the configuration of the bandgap trim for the IMO based on the given
 129:.\Generated_Source\PSoC4/cyfitter_cfg.c **** *   expected frequency of the IMO. 
 130:.\Generated_Source\PSoC4/cyfitter_cfg.c **** *
 131:.\Generated_Source\PSoC4/cyfitter_cfg.c **** * Parameters:
 132:.\Generated_Source\PSoC4/cyfitter_cfg.c **** *   imoFreq: Frequency for operation of the IMO.
 133:.\Generated_Source\PSoC4/cyfitter_cfg.c **** *
 134:.\Generated_Source\PSoC4/cyfitter_cfg.c **** * Return:
 135:.\Generated_Source\PSoC4/cyfitter_cfg.c **** *   void
 136:.\Generated_Source\PSoC4/cyfitter_cfg.c **** *
 137:.\Generated_Source\PSoC4/cyfitter_cfg.c **** *******************************************************************************/
 138:.\Generated_Source\PSoC4/cyfitter_cfg.c **** static void SetIMOBGTrims(uint8 imoFreq);
 139:.\Generated_Source\PSoC4/cyfitter_cfg.c **** CY_CFG_SECTION
 140:.\Generated_Source\PSoC4/cyfitter_cfg.c **** static void SetIMOBGTrims(uint8 imoFreq)
 141:.\Generated_Source\PSoC4/cyfitter_cfg.c **** {
 140              		.loc 1 141 0
 141              		.cfi_startproc
 142 0000 80B5     		push	{r7, lr}
 143              	.LCFI9:
 144              		.cfi_def_cfa_offset 8
ARM GAS  C:\Users\CHUCK~1.ERH\AppData\Local\Temp\ccxaEy0f.s 			page 6


 145              		.cfi_offset 7, -8
 146              		.cfi_offset 14, -4
 147 0002 84B0     		sub	sp, sp, #16
 148              	.LCFI10:
 149              		.cfi_def_cfa_offset 24
 150 0004 00AF     		add	r7, sp, #0
 151              	.LCFI11:
 152              		.cfi_def_cfa_register 7
 153 0006 021C     		mov	r2, r0
 154 0008 FB1D     		add	r3, r7, #7
 155 000a 1A70     		strb	r2, [r3]
 142:.\Generated_Source\PSoC4/cyfitter_cfg.c **** 	CYPACKED typedef struct {
 143:.\Generated_Source\PSoC4/cyfitter_cfg.c **** 		uint8 freq;
 144:.\Generated_Source\PSoC4/cyfitter_cfg.c **** 		uint8 absolute;
 145:.\Generated_Source\PSoC4/cyfitter_cfg.c **** 		uint8 tmpco;
 146:.\Generated_Source\PSoC4/cyfitter_cfg.c **** 	} CYPACKED_ATTR imo_trim_entry_t;
 147:.\Generated_Source\PSoC4/cyfitter_cfg.c **** 
 148:.\Generated_Source\PSoC4/cyfitter_cfg.c **** 	CYPACKED typedef struct {
 149:.\Generated_Source\PSoC4/cyfitter_cfg.c **** 		imo_trim_entry_t entries[4];
 150:.\Generated_Source\PSoC4/cyfitter_cfg.c **** 	} CYPACKED_ATTR imo_trim_table_t;
 151:.\Generated_Source\PSoC4/cyfitter_cfg.c **** 
 152:.\Generated_Source\PSoC4/cyfitter_cfg.c **** 	static const imo_trim_table_t *imo_trim_table = (const imo_trim_table_t *)CYREG_SFLASH_IMO_MAXF0;
 153:.\Generated_Source\PSoC4/cyfitter_cfg.c **** 	static const uint32 IMO_TRIM_FREQ_TABLE_ENTRIES = sizeof(imo_trim_table->entries)/sizeof(imo_trim_
 154:.\Generated_Source\PSoC4/cyfitter_cfg.c **** 
 155:.\Generated_Source\PSoC4/cyfitter_cfg.c **** 	int32 imoTrimIndex;
 156:.\Generated_Source\PSoC4/cyfitter_cfg.c **** 	uint8 setAbs;
 157:.\Generated_Source\PSoC4/cyfitter_cfg.c **** 	uint8 setTmpCo;
 158:.\Generated_Source\PSoC4/cyfitter_cfg.c **** 
 159:.\Generated_Source\PSoC4/cyfitter_cfg.c **** 	/* Traverse the SFLASH IMO frequency-dependent bandgap trim table to
 160:.\Generated_Source\PSoC4/cyfitter_cfg.c **** 	 * locate the appropriate value to trim the IMO bandgap based on freq. */
 161:.\Generated_Source\PSoC4/cyfitter_cfg.c **** 	setAbs = CY_GET_REG8((const void *)CYREG_SFLASH_IMO_ABS4);
 156              		.loc 1 161 0
 157 000c 224A     		ldr	r2, .L8
 158 000e 3B1C     		mov	r3, r7
 159 0010 0B33     		add	r3, r3, #11
 160 0012 1278     		ldrb	r2, [r2]
 161 0014 1A70     		strb	r2, [r3]
 162:.\Generated_Source\PSoC4/cyfitter_cfg.c **** 	setTmpCo = CY_GET_REG8((const void *)CYREG_SFLASH_IMO_TMPCO4);
 162              		.loc 1 162 0
 163 0016 214A     		ldr	r2, .L8+4
 164 0018 3B1C     		mov	r3, r7
 165 001a 0A33     		add	r3, r3, #10
 166 001c 1278     		ldrb	r2, [r2]
 167 001e 1A70     		strb	r2, [r3]
 163:.\Generated_Source\PSoC4/cyfitter_cfg.c **** 	for (imoTrimIndex = ((int32)IMO_TRIM_FREQ_TABLE_ENTRIES)-1;
 168              		.loc 1 163 0
 169 0020 1F4B     		ldr	r3, .L8+8
 170 0022 1B68     		ldr	r3, [r3]
 171 0024 013B     		sub	r3, r3, #1
 172 0026 FB60     		str	r3, [r7, #12]
 173 0028 1AE0     		b	.L5
 174              	.L7:
 164:.\Generated_Source\PSoC4/cyfitter_cfg.c **** 	     (imoTrimIndex >= 0) && (imoFreq <= imo_trim_table->entries[imoTrimIndex].freq);
 165:.\Generated_Source\PSoC4/cyfitter_cfg.c **** 	     imoTrimIndex--)
 166:.\Generated_Source\PSoC4/cyfitter_cfg.c **** 	{
 167:.\Generated_Source\PSoC4/cyfitter_cfg.c **** 		setAbs = imo_trim_table->entries[imoTrimIndex].absolute;
 175              		.loc 1 167 0
ARM GAS  C:\Users\CHUCK~1.ERH\AppData\Local\Temp\ccxaEy0f.s 			page 7


 176 002a 1E4B     		ldr	r3, .L8+12
 177 002c 1868     		ldr	r0, [r3]
 178 002e 391C     		mov	r1, r7
 179 0030 0B31     		add	r1, r1, #11
 180 0032 FA68     		ldr	r2, [r7, #12]
 181 0034 131C     		mov	r3, r2
 182 0036 5B00     		lsl	r3, r3, #1
 183 0038 9B18     		add	r3, r3, r2
 184 003a C318     		add	r3, r0, r3
 185 003c 0133     		add	r3, r3, #1
 186 003e 1B78     		ldrb	r3, [r3]
 187 0040 0B70     		strb	r3, [r1]
 168:.\Generated_Source\PSoC4/cyfitter_cfg.c **** 		setTmpCo = imo_trim_table->entries[imoTrimIndex].tmpco;
 188              		.loc 1 168 0
 189 0042 184B     		ldr	r3, .L8+12
 190 0044 1868     		ldr	r0, [r3]
 191 0046 391C     		mov	r1, r7
 192 0048 0A31     		add	r1, r1, #10
 193 004a FA68     		ldr	r2, [r7, #12]
 194 004c 131C     		mov	r3, r2
 195 004e 5B00     		lsl	r3, r3, #1
 196 0050 9B18     		add	r3, r3, r2
 197 0052 C318     		add	r3, r0, r3
 198 0054 0233     		add	r3, r3, #2
 199 0056 1B78     		ldrb	r3, [r3]
 200 0058 0B70     		strb	r3, [r1]
 165:.\Generated_Source\PSoC4/cyfitter_cfg.c **** 	     imoTrimIndex--)
 201              		.loc 1 165 0
 202 005a FB68     		ldr	r3, [r7, #12]
 203 005c 013B     		sub	r3, r3, #1
 204 005e FB60     		str	r3, [r7, #12]
 205              	.L5:
 163:.\Generated_Source\PSoC4/cyfitter_cfg.c **** 	for (imoTrimIndex = ((int32)IMO_TRIM_FREQ_TABLE_ENTRIES)-1;
 206              		.loc 1 163 0 discriminator 1
 207 0060 FB68     		ldr	r3, [r7, #12]
 208 0062 002B     		cmp	r3, #0
 209 0064 0ADB     		blt	.L6
 164:.\Generated_Source\PSoC4/cyfitter_cfg.c **** 	     (imoTrimIndex >= 0) && (imoFreq <= imo_trim_table->entries[imoTrimIndex].freq);
 210              		.loc 1 164 0
 211 0066 0F4B     		ldr	r3, .L8+12
 212 0068 1968     		ldr	r1, [r3]
 213 006a FA68     		ldr	r2, [r7, #12]
 214 006c 131C     		mov	r3, r2
 215 006e 5B00     		lsl	r3, r3, #1
 216 0070 9B18     		add	r3, r3, r2
 217 0072 5B5C     		ldrb	r3, [r3, r1]
 218 0074 FA1D     		add	r2, r7, #7
 219 0076 1278     		ldrb	r2, [r2]
 220 0078 9A42     		cmp	r2, r3
 221 007a D6D9     		bls	.L7
 222              	.L6:
 169:.\Generated_Source\PSoC4/cyfitter_cfg.c **** 	}
 170:.\Generated_Source\PSoC4/cyfitter_cfg.c **** 
 171:.\Generated_Source\PSoC4/cyfitter_cfg.c **** 	CY_SET_REG32((void *)CYREG_PWR_BG_TRIM4, setAbs);
 223              		.loc 1 171 0
 224 007c 0A4B     		ldr	r3, .L8+16
 225 007e 3A1C     		mov	r2, r7
ARM GAS  C:\Users\CHUCK~1.ERH\AppData\Local\Temp\ccxaEy0f.s 			page 8


 226 0080 0B32     		add	r2, r2, #11
 227 0082 1278     		ldrb	r2, [r2]
 228 0084 1A60     		str	r2, [r3]
 172:.\Generated_Source\PSoC4/cyfitter_cfg.c **** 	CY_SET_REG32((void *)CYREG_PWR_BG_TRIM5, setTmpCo);
 229              		.loc 1 172 0
 230 0086 094B     		ldr	r3, .L8+20
 231 0088 3A1C     		mov	r2, r7
 232 008a 0A32     		add	r2, r2, #10
 233 008c 1278     		ldrb	r2, [r2]
 234 008e 1A60     		str	r2, [r3]
 173:.\Generated_Source\PSoC4/cyfitter_cfg.c **** }
 235              		.loc 1 173 0
 236 0090 BD46     		mov	sp, r7
 237 0092 04B0     		add	sp, sp, #16
 238              		@ sp needed for prologue
 239 0094 80BD     		pop	{r7, pc}
 240              	.L9:
 241 0096 C046     		.align	2
 242              	.L8:
 243 0098 CCF1FF0F 		.word	268431820
 244 009c CDF1FF0F 		.word	268431821
 245 00a0 0C000000 		.word	IMO_TRIM_FREQ_TABLE_ENTRIES.4621
 246 00a4 00000000 		.word	imo_trim_table.4620
 247 00a8 1CFF0B40 		.word	1074528028
 248 00ac 20FF0B40 		.word	1074528032
 249              		.cfi_endproc
 250              	.LFE3:
 251              		.size	SetIMOBGTrims, .-SetIMOBGTrims
 252              		.align	2
 253              		.code	16
 254              		.thumb_func
 255              		.type	ClockSetup, %function
 256              	ClockSetup:
 257              	.LFB4:
 174:.\Generated_Source\PSoC4/cyfitter_cfg.c **** 
 175:.\Generated_Source\PSoC4/cyfitter_cfg.c **** 
 176:.\Generated_Source\PSoC4/cyfitter_cfg.c **** 
 177:.\Generated_Source\PSoC4/cyfitter_cfg.c **** /*******************************************************************************
 178:.\Generated_Source\PSoC4/cyfitter_cfg.c **** * Function Name: ClockSetup
 179:.\Generated_Source\PSoC4/cyfitter_cfg.c **** ********************************************************************************
 180:.\Generated_Source\PSoC4/cyfitter_cfg.c **** *
 181:.\Generated_Source\PSoC4/cyfitter_cfg.c **** * Summary:
 182:.\Generated_Source\PSoC4/cyfitter_cfg.c **** *   Performs the initialization of all of the clocks in the device based on the
 183:.\Generated_Source\PSoC4/cyfitter_cfg.c **** *   settings in the Clock tab of the DWR.  This includes enabling the requested
 184:.\Generated_Source\PSoC4/cyfitter_cfg.c **** *   clocks and setting the necessary dividers to produce the desired frequency. 
 185:.\Generated_Source\PSoC4/cyfitter_cfg.c **** *
 186:.\Generated_Source\PSoC4/cyfitter_cfg.c **** * Parameters:
 187:.\Generated_Source\PSoC4/cyfitter_cfg.c **** *   void
 188:.\Generated_Source\PSoC4/cyfitter_cfg.c **** *
 189:.\Generated_Source\PSoC4/cyfitter_cfg.c **** * Return:
 190:.\Generated_Source\PSoC4/cyfitter_cfg.c **** *   void
 191:.\Generated_Source\PSoC4/cyfitter_cfg.c **** *
 192:.\Generated_Source\PSoC4/cyfitter_cfg.c **** *******************************************************************************/
 193:.\Generated_Source\PSoC4/cyfitter_cfg.c **** static void ClockSetup(void);
 194:.\Generated_Source\PSoC4/cyfitter_cfg.c **** CY_CFG_SECTION
 195:.\Generated_Source\PSoC4/cyfitter_cfg.c **** static void ClockSetup(void)
 196:.\Generated_Source\PSoC4/cyfitter_cfg.c **** {
ARM GAS  C:\Users\CHUCK~1.ERH\AppData\Local\Temp\ccxaEy0f.s 			page 9


 258              		.loc 1 196 0
 259              		.cfi_startproc
 260 00b0 80B5     		push	{r7, lr}
 261              	.LCFI12:
 262              		.cfi_def_cfa_offset 8
 263              		.cfi_offset 7, -8
 264              		.cfi_offset 14, -4
 265 00b2 00AF     		add	r7, sp, #0
 266              	.LCFI13:
 267              		.cfi_def_cfa_register 7
 197:.\Generated_Source\PSoC4/cyfitter_cfg.c **** 	/* Enable HALF_EN before trimming for the flash accelerator. */
 198:.\Generated_Source\PSoC4/cyfitter_cfg.c **** 	CY_SET_REG32((void CYXDATA *)(CYREG_CLK_SELECT), (CY_GET_REG32((void *)CYREG_CLK_SELECT) | 0x00040
 268              		.loc 1 198 0
 269 00b4 164B     		ldr	r3, .L11
 270 00b6 164A     		ldr	r2, .L11
 271 00b8 1268     		ldr	r2, [r2]
 272 00ba 8021     		mov	r1, #128
 273 00bc C902     		lsl	r1, r1, #11
 274 00be 0A43     		orr	r2, r1
 275 00c0 1A60     		str	r2, [r3]
 199:.\Generated_Source\PSoC4/cyfitter_cfg.c **** 
 200:.\Generated_Source\PSoC4/cyfitter_cfg.c **** 	/* Trim IMO BG based on desired frequency. */
 201:.\Generated_Source\PSoC4/cyfitter_cfg.c **** 	SetIMOBGTrims(48u);
 276              		.loc 1 201 0
 277 00c2 3020     		mov	r0, #48
 278 00c4 FFF79CFF 		bl	SetIMOBGTrims
 202:.\Generated_Source\PSoC4/cyfitter_cfg.c **** 
 203:.\Generated_Source\PSoC4/cyfitter_cfg.c **** 	/* Going faster than 24MHz, so update trim value then adjust to new clock speed. */
 204:.\Generated_Source\PSoC4/cyfitter_cfg.c **** 	CY_SET_REG32((void CYXDATA *)(CYREG_CLK_IMO_TRIM1), (CY_GET_REG8((void *)CYREG_SFLASH_IMO_TRIM45))
 279              		.loc 1 204 0
 280 00c8 124B     		ldr	r3, .L11+4
 281 00ca 134A     		ldr	r2, .L11+8
 282 00cc 1278     		ldrb	r2, [r2]
 283 00ce D2B2     		uxtb	r2, r2
 284 00d0 1A60     		str	r2, [r3]
 205:.\Generated_Source\PSoC4/cyfitter_cfg.c **** 	CyDelayUs(5u);
 285              		.loc 1 205 0
 286 00d2 0520     		mov	r0, #5
 287 00d4 FFF7FEFF 		bl	CyDelayUs
 206:.\Generated_Source\PSoC4/cyfitter_cfg.c **** 	CY_SET_REG32((void CYXDATA *)(CYREG_CLK_IMO_TRIM2), (53u));
 288              		.loc 1 206 0
 289 00d8 104B     		ldr	r3, .L11+12
 290 00da 3522     		mov	r2, #53
 291 00dc 1A60     		str	r2, [r3]
 207:.\Generated_Source\PSoC4/cyfitter_cfg.c **** 
 208:.\Generated_Source\PSoC4/cyfitter_cfg.c **** 	/* CYDEV_CLK_SELECT00 Starting address: CYDEV_CLK_SELECT00 */
 209:.\Generated_Source\PSoC4/cyfitter_cfg.c **** 	CY_SET_XTND_REG32((void CYFAR *)(CYREG_CLK_SELECT02), 0x00000010u);
 292              		.loc 1 209 0
 293 00de 104B     		ldr	r3, .L11+16
 294 00e0 1022     		mov	r2, #16
 295 00e2 1A60     		str	r2, [r3]
 210:.\Generated_Source\PSoC4/cyfitter_cfg.c **** 	CY_SET_XTND_REG32((void CYFAR *)(CYREG_CLK_SELECT03), 0x00000010u);
 296              		.loc 1 210 0
 297 00e4 0F4B     		ldr	r3, .L11+20
 298 00e6 1022     		mov	r2, #16
 299 00e8 1A60     		str	r2, [r3]
 211:.\Generated_Source\PSoC4/cyfitter_cfg.c **** 
ARM GAS  C:\Users\CHUCK~1.ERH\AppData\Local\Temp\ccxaEy0f.s 			page 10


 212:.\Generated_Source\PSoC4/cyfitter_cfg.c **** 	/* CYDEV_CLK_IMO_CONFIG Starting address: CYDEV_CLK_IMO_CONFIG */
 213:.\Generated_Source\PSoC4/cyfitter_cfg.c **** 	CY_SET_XTND_REG32((void CYFAR *)(CYREG_CLK_IMO_CONFIG), 0x80000000u);
 300              		.loc 1 213 0
 301 00ea 0F4B     		ldr	r3, .L11+24
 302 00ec 8022     		mov	r2, #128
 303 00ee 1206     		lsl	r2, r2, #24
 304 00f0 1A60     		str	r2, [r3]
 214:.\Generated_Source\PSoC4/cyfitter_cfg.c **** 
 215:.\Generated_Source\PSoC4/cyfitter_cfg.c **** 	/* CYDEV_CLK_ILO_CONFIG Starting address: CYDEV_CLK_ILO_CONFIG */
 216:.\Generated_Source\PSoC4/cyfitter_cfg.c **** 	CY_SET_XTND_REG32((void CYFAR *)(CYREG_CLK_ILO_CONFIG), 0x80000000u);
 305              		.loc 1 216 0
 306 00f2 0E4B     		ldr	r3, .L11+28
 307 00f4 8022     		mov	r2, #128
 308 00f6 1206     		lsl	r2, r2, #24
 309 00f8 1A60     		str	r2, [r3]
 217:.\Generated_Source\PSoC4/cyfitter_cfg.c **** 
 218:.\Generated_Source\PSoC4/cyfitter_cfg.c **** 	/* CYDEV_CLK_SELECT Starting address: CYDEV_CLK_SELECT */
 219:.\Generated_Source\PSoC4/cyfitter_cfg.c **** 	CY_SET_XTND_REG32((void CYFAR *)(CYREG_CLK_SELECT), 0x00040000u);
 310              		.loc 1 219 0
 311 00fa 054B     		ldr	r3, .L11
 312 00fc 8022     		mov	r2, #128
 313 00fe D202     		lsl	r2, r2, #11
 314 0100 1A60     		str	r2, [r3]
 220:.\Generated_Source\PSoC4/cyfitter_cfg.c **** 
 221:.\Generated_Source\PSoC4/cyfitter_cfg.c **** 	/* CYDEV_CLK_DIVIDER_A00 Starting address: CYDEV_CLK_DIVIDER_A00 */
 222:.\Generated_Source\PSoC4/cyfitter_cfg.c **** 	CY_SET_XTND_REG32((void CYFAR *)(CYREG_CLK_DIVIDER_A00), 0x80000000u);
 315              		.loc 1 222 0
 316 0102 0B4B     		ldr	r3, .L11+32
 317 0104 8022     		mov	r2, #128
 318 0106 1206     		lsl	r2, r2, #24
 319 0108 1A60     		str	r2, [r3]
 223:.\Generated_Source\PSoC4/cyfitter_cfg.c **** 
 224:.\Generated_Source\PSoC4/cyfitter_cfg.c **** }
 320              		.loc 1 224 0
 321 010a BD46     		mov	sp, r7
 322              		@ sp needed for prologue
 323 010c 80BD     		pop	{r7, pc}
 324              	.L12:
 325 010e C046     		.align	2
 326              	.L11:
 327 0110 00010B40 		.word	1074462976
 328 0114 28FF0B40 		.word	1074528040
 329 0118 FDF1FF0F 		.word	268431869
 330 011c 2CFF0B40 		.word	1074528044
 331 0120 08020240 		.word	1073873416
 332 0124 0C020240 		.word	1073873420
 333 0128 08010B40 		.word	1074462984
 334 012c 04010B40 		.word	1074462980
 335 0130 00000240 		.word	1073872896
 336              		.cfi_endproc
 337              	.LFE4:
 338              		.size	ClockSetup, .-ClockSetup
 339              		.section	.text.AnalogSetDefault,"ax",%progbits
 340              		.align	2
 341              		.code	16
 342              		.thumb_func
 343              		.type	AnalogSetDefault, %function
ARM GAS  C:\Users\CHUCK~1.ERH\AppData\Local\Temp\ccxaEy0f.s 			page 11


 344              	AnalogSetDefault:
 345              	.LFB5:
 225:.\Generated_Source\PSoC4/cyfitter_cfg.c **** 
 226:.\Generated_Source\PSoC4/cyfitter_cfg.c **** 
 227:.\Generated_Source\PSoC4/cyfitter_cfg.c **** /* Analog API Functions */
 228:.\Generated_Source\PSoC4/cyfitter_cfg.c **** 
 229:.\Generated_Source\PSoC4/cyfitter_cfg.c **** 
 230:.\Generated_Source\PSoC4/cyfitter_cfg.c **** /*******************************************************************************
 231:.\Generated_Source\PSoC4/cyfitter_cfg.c **** * Function Name: AnalogSetDefault
 232:.\Generated_Source\PSoC4/cyfitter_cfg.c **** ********************************************************************************
 233:.\Generated_Source\PSoC4/cyfitter_cfg.c **** *
 234:.\Generated_Source\PSoC4/cyfitter_cfg.c **** * Summary:
 235:.\Generated_Source\PSoC4/cyfitter_cfg.c **** *  Sets up the analog portions of the chip to default values based on chip
 236:.\Generated_Source\PSoC4/cyfitter_cfg.c **** *  configuration options from the project.
 237:.\Generated_Source\PSoC4/cyfitter_cfg.c **** *
 238:.\Generated_Source\PSoC4/cyfitter_cfg.c **** * Parameters:
 239:.\Generated_Source\PSoC4/cyfitter_cfg.c **** *  void
 240:.\Generated_Source\PSoC4/cyfitter_cfg.c **** *
 241:.\Generated_Source\PSoC4/cyfitter_cfg.c **** * Return:
 242:.\Generated_Source\PSoC4/cyfitter_cfg.c **** *  void
 243:.\Generated_Source\PSoC4/cyfitter_cfg.c **** *
 244:.\Generated_Source\PSoC4/cyfitter_cfg.c **** *******************************************************************************/
 245:.\Generated_Source\PSoC4/cyfitter_cfg.c **** static void AnalogSetDefault(void);
 246:.\Generated_Source\PSoC4/cyfitter_cfg.c **** static void AnalogSetDefault(void)
 247:.\Generated_Source\PSoC4/cyfitter_cfg.c **** {
 346              		.loc 1 247 0
 347              		.cfi_startproc
 348 0000 80B5     		push	{r7, lr}
 349              	.LCFI14:
 350              		.cfi_def_cfa_offset 8
 351              		.cfi_offset 7, -8
 352              		.cfi_offset 14, -4
 353 0002 00AF     		add	r7, sp, #0
 354              	.LCFI15:
 355              		.cfi_def_cfa_register 7
 248:.\Generated_Source\PSoC4/cyfitter_cfg.c **** }
 356              		.loc 1 248 0
 357 0004 BD46     		mov	sp, r7
 358              		@ sp needed for prologue
 359 0006 80BD     		pop	{r7, pc}
 360              		.cfi_endproc
 361              	.LFE5:
 362              		.size	AnalogSetDefault, .-AnalogSetDefault
 363              		.section	.psocinit
 364              		.align	2
 365              		.global	cyfitter_cfg
 366              		.code	16
 367              		.thumb_func
 368              		.type	cyfitter_cfg, %function
 369              	cyfitter_cfg:
 370              	.LFB6:
 249:.\Generated_Source\PSoC4/cyfitter_cfg.c **** 
 250:.\Generated_Source\PSoC4/cyfitter_cfg.c **** #define CY_AMUX_UNUSED CYREG_CM0_ROM_DWT
 251:.\Generated_Source\PSoC4/cyfitter_cfg.c **** 
 252:.\Generated_Source\PSoC4/cyfitter_cfg.c **** 
 253:.\Generated_Source\PSoC4/cyfitter_cfg.c **** /*******************************************************************************
 254:.\Generated_Source\PSoC4/cyfitter_cfg.c **** * Function Name: cyfitter_cfg
ARM GAS  C:\Users\CHUCK~1.ERH\AppData\Local\Temp\ccxaEy0f.s 			page 12


 255:.\Generated_Source\PSoC4/cyfitter_cfg.c **** ********************************************************************************
 256:.\Generated_Source\PSoC4/cyfitter_cfg.c **** * Summary:
 257:.\Generated_Source\PSoC4/cyfitter_cfg.c **** *  This function is called by the start-up code for the selected device. It
 258:.\Generated_Source\PSoC4/cyfitter_cfg.c **** *  performs all of the necessary device configuration based on the design
 259:.\Generated_Source\PSoC4/cyfitter_cfg.c **** *  settings.  This includes settings from the Design Wide Resources (DWR) such
 260:.\Generated_Source\PSoC4/cyfitter_cfg.c **** *  as Clocks and Pins as well as any component configuration that is necessary.
 261:.\Generated_Source\PSoC4/cyfitter_cfg.c **** *
 262:.\Generated_Source\PSoC4/cyfitter_cfg.c **** * Parameters:  
 263:.\Generated_Source\PSoC4/cyfitter_cfg.c **** *   void
 264:.\Generated_Source\PSoC4/cyfitter_cfg.c **** *
 265:.\Generated_Source\PSoC4/cyfitter_cfg.c **** * Return:
 266:.\Generated_Source\PSoC4/cyfitter_cfg.c **** *   void
 267:.\Generated_Source\PSoC4/cyfitter_cfg.c **** *
 268:.\Generated_Source\PSoC4/cyfitter_cfg.c **** *******************************************************************************/
 269:.\Generated_Source\PSoC4/cyfitter_cfg.c **** CY_CFG_SECTION
 270:.\Generated_Source\PSoC4/cyfitter_cfg.c **** void cyfitter_cfg(void)
 271:.\Generated_Source\PSoC4/cyfitter_cfg.c **** {
 371              		.loc 1 271 0
 372              		.cfi_startproc
 373 0134 80B5     		push	{r7, lr}
 374              	.LCFI16:
 375              		.cfi_def_cfa_offset 8
 376              		.cfi_offset 7, -8
 377              		.cfi_offset 14, -4
 378 0136 82B0     		sub	sp, sp, #8
 379              	.LCFI17:
 380              		.cfi_def_cfa_offset 16
 381 0138 00AF     		add	r7, sp, #0
 382              	.LCFI18:
 383              		.cfi_def_cfa_register 7
 272:.\Generated_Source\PSoC4/cyfitter_cfg.c **** 	/* Disable interrupts by default. Let user enable if/when they want. */
 273:.\Generated_Source\PSoC4/cyfitter_cfg.c **** 	CyGlobalIntDisable;
 384              		.loc 1 273 0
 385              	@ 273 ".\Generated_Source\PSoC4\cyfitter_cfg.c" 1
 386 013a 72B6     		CPSID   i
 387              	@ 0 "" 2
 388              		.code	16
 389              	.LBB2:
 274:.\Generated_Source\PSoC4/cyfitter_cfg.c **** 
 275:.\Generated_Source\PSoC4/cyfitter_cfg.c **** 	{
 276:.\Generated_Source\PSoC4/cyfitter_cfg.c **** 
 277:.\Generated_Source\PSoC4/cyfitter_cfg.c **** 		CYPACKED typedef struct {
 278:.\Generated_Source\PSoC4/cyfitter_cfg.c **** 			void CYFAR *address;
 279:.\Generated_Source\PSoC4/cyfitter_cfg.c **** 			uint16 size;
 280:.\Generated_Source\PSoC4/cyfitter_cfg.c **** 		} CYPACKED_ATTR cfg_memset_t;
 281:.\Generated_Source\PSoC4/cyfitter_cfg.c **** 
 282:.\Generated_Source\PSoC4/cyfitter_cfg.c **** 		static const cfg_memset_t CYCODE cfg_memset_list [] = {
 283:.\Generated_Source\PSoC4/cyfitter_cfg.c **** 			/* address, size */
 284:.\Generated_Source\PSoC4/cyfitter_cfg.c **** 			{(void CYFAR *)(CYDEV_UDB_P0_U0_BASE), 1024u},
 285:.\Generated_Source\PSoC4/cyfitter_cfg.c **** 			{(void CYFAR *)(CYDEV_UDB_DSI0_BASE), 1024u},
 286:.\Generated_Source\PSoC4/cyfitter_cfg.c **** 		};
 287:.\Generated_Source\PSoC4/cyfitter_cfg.c **** 
 288:.\Generated_Source\PSoC4/cyfitter_cfg.c **** 		uint8 CYDATA i;
 289:.\Generated_Source\PSoC4/cyfitter_cfg.c **** 
 290:.\Generated_Source\PSoC4/cyfitter_cfg.c **** 		/* Zero out critical memory blocks before beginning configuration */
 291:.\Generated_Source\PSoC4/cyfitter_cfg.c **** 		for (i = 0u; i < (sizeof(cfg_memset_list)/sizeof(cfg_memset_list[0])); i++)
 390              		.loc 1 291 0
ARM GAS  C:\Users\CHUCK~1.ERH\AppData\Local\Temp\ccxaEy0f.s 			page 13


 391 013c FB1D     		add	r3, r7, #7
 392 013e 0022     		mov	r2, #0
 393 0140 1A70     		strb	r2, [r3]
 394 0142 23E0     		b	.L15
 395              	.L16:
 396              	.LBB3:
 292:.\Generated_Source\PSoC4/cyfitter_cfg.c **** 		{
 293:.\Generated_Source\PSoC4/cyfitter_cfg.c **** 			const cfg_memset_t CYCODE * CYDATA ms = &cfg_memset_list[i];
 397              		.loc 1 293 0 discriminator 2
 398 0144 FB1D     		add	r3, r7, #7
 399 0146 1A78     		ldrb	r2, [r3]
 400 0148 131C     		mov	r3, r2
 401 014a 5B00     		lsl	r3, r3, #1
 402 014c 9B18     		add	r3, r3, r2
 403 014e 5B00     		lsl	r3, r3, #1
 404 0150 2A4A     		ldr	r2, .L17
 405 0152 9B18     		add	r3, r3, r2
 406 0154 3B60     		str	r3, [r7]
 294:.\Generated_Source\PSoC4/cyfitter_cfg.c **** 			CYMEMZERO(ms->address, (uint32)(ms->size));
 407              		.loc 1 294 0 discriminator 2
 408 0156 3B68     		ldr	r3, [r7]
 409 0158 1A78     		ldrb	r2, [r3]
 410 015a 5978     		ldrb	r1, [r3, #1]
 411 015c 0902     		lsl	r1, r1, #8
 412 015e 0A43     		orr	r2, r1
 413 0160 9978     		ldrb	r1, [r3, #2]
 414 0162 0904     		lsl	r1, r1, #16
 415 0164 0A43     		orr	r2, r1
 416 0166 DB78     		ldrb	r3, [r3, #3]
 417 0168 1B06     		lsl	r3, r3, #24
 418 016a 1343     		orr	r3, r2
 419 016c 1A1C     		mov	r2, r3
 420 016e 3B68     		ldr	r3, [r7]
 421 0170 1979     		ldrb	r1, [r3, #4]
 422 0172 5B79     		ldrb	r3, [r3, #5]
 423 0174 1B02     		lsl	r3, r3, #8
 424 0176 0B43     		orr	r3, r1
 425 0178 9BB2     		uxth	r3, r3
 426 017a 101C     		mov	r0, r2
 427 017c 191C     		mov	r1, r3
 428 017e FFF7FEFF 		bl	CYMEMZERO
 429              	.LBE3:
 291:.\Generated_Source\PSoC4/cyfitter_cfg.c **** 		for (i = 0u; i < (sizeof(cfg_memset_list)/sizeof(cfg_memset_list[0])); i++)
 430              		.loc 1 291 0 discriminator 2
 431 0182 FB1D     		add	r3, r7, #7
 432 0184 FA1D     		add	r2, r7, #7
 433 0186 1278     		ldrb	r2, [r2]
 434 0188 0132     		add	r2, r2, #1
 435 018a 1A70     		strb	r2, [r3]
 436              	.L15:
 291:.\Generated_Source\PSoC4/cyfitter_cfg.c **** 		for (i = 0u; i < (sizeof(cfg_memset_list)/sizeof(cfg_memset_list[0])); i++)
 437              		.loc 1 291 0 is_stmt 0 discriminator 1
 438 018c FB1D     		add	r3, r7, #7
 439 018e 1B78     		ldrb	r3, [r3]
 440 0190 012B     		cmp	r3, #1
 441 0192 D7D9     		bls	.L16
 295:.\Generated_Source\PSoC4/cyfitter_cfg.c **** 		}
ARM GAS  C:\Users\CHUCK~1.ERH\AppData\Local\Temp\ccxaEy0f.s 			page 14


 296:.\Generated_Source\PSoC4/cyfitter_cfg.c **** 
 297:.\Generated_Source\PSoC4/cyfitter_cfg.c **** 		/* HSIOM Starting address: CYDEV_HSIOM_BASE */
 298:.\Generated_Source\PSoC4/cyfitter_cfg.c **** 		CY_SET_XTND_REG32((void CYFAR *)(CYDEV_HSIOM_BASE), 0xFF000000u);
 442              		.loc 1 298 0 is_stmt 1
 443 0194 1A4B     		ldr	r3, .L17+4
 444 0196 FF22     		mov	r2, #255
 445 0198 1206     		lsl	r2, r2, #24
 446 019a 1A60     		str	r2, [r3]
 299:.\Generated_Source\PSoC4/cyfitter_cfg.c **** 		CY_SET_XTND_REG32((void CYFAR *)(CYREG_HSIOM_PORT_SEL3), 0x000FEEFFu);
 447              		.loc 1 299 0
 448 019c 194B     		ldr	r3, .L17+8
 449 019e 1A4A     		ldr	r2, .L17+12
 450 01a0 1A60     		str	r2, [r3]
 300:.\Generated_Source\PSoC4/cyfitter_cfg.c **** 
 301:.\Generated_Source\PSoC4/cyfitter_cfg.c **** 		/* IOPINS0_0 Starting address: CYDEV_PRT0_DR */
 302:.\Generated_Source\PSoC4/cyfitter_cfg.c **** 		CY_SET_XTND_REG32((void CYFAR *)(CYREG_PRT0_DR), 0x000000C0u);
 451              		.loc 1 302 0
 452 01a2 1A4B     		ldr	r3, .L17+16
 453 01a4 C022     		mov	r2, #192
 454 01a6 1A60     		str	r2, [r3]
 303:.\Generated_Source\PSoC4/cyfitter_cfg.c **** 		CY_SET_XTND_REG32((void CYFAR *)(CYREG_PRT0_PC), 0x00D80000u);
 455              		.loc 1 303 0
 456 01a8 194B     		ldr	r3, .L17+20
 457 01aa D822     		mov	r2, #216
 458 01ac 1204     		lsl	r2, r2, #16
 459 01ae 1A60     		str	r2, [r3]
 304:.\Generated_Source\PSoC4/cyfitter_cfg.c **** 
 305:.\Generated_Source\PSoC4/cyfitter_cfg.c **** 		/* IOPINS0_3 Starting address: CYDEV_PRT3_DR */
 306:.\Generated_Source\PSoC4/cyfitter_cfg.c **** 		CY_SET_XTND_REG32((void CYFAR *)(CYREG_PRT3_DR), 0x00000011u);
 460              		.loc 1 306 0
 461 01b0 184B     		ldr	r3, .L17+24
 462 01b2 1122     		mov	r2, #17
 463 01b4 1A60     		str	r2, [r3]
 307:.\Generated_Source\PSoC4/cyfitter_cfg.c **** 		CY_SET_XTND_REG32((void CYFAR *)(CYREG_PRT3_PC), 0x00006D8Eu);
 464              		.loc 1 307 0
 465 01b6 184B     		ldr	r3, .L17+28
 466 01b8 184A     		ldr	r2, .L17+32
 467 01ba 1A60     		str	r2, [r3]
 308:.\Generated_Source\PSoC4/cyfitter_cfg.c **** 
 309:.\Generated_Source\PSoC4/cyfitter_cfg.c **** 		/* UDB_PA_0 Starting address: CYDEV_UDB_PA0_BASE */
 310:.\Generated_Source\PSoC4/cyfitter_cfg.c **** 		CY_SET_XTND_REG32((void CYFAR *)(CYDEV_UDB_PA0_BASE), 0x00990000u);
 468              		.loc 1 310 0
 469 01bc 184B     		ldr	r3, .L17+36
 470 01be 9922     		mov	r2, #153
 471 01c0 1204     		lsl	r2, r2, #16
 472 01c2 1A60     		str	r2, [r3]
 311:.\Generated_Source\PSoC4/cyfitter_cfg.c **** 
 312:.\Generated_Source\PSoC4/cyfitter_cfg.c **** 		/* UDB_PA_3 Starting address: CYDEV_UDB_PA3_BASE */
 313:.\Generated_Source\PSoC4/cyfitter_cfg.c **** 		CY_SET_XTND_REG32((void CYFAR *)(CYDEV_UDB_PA3_BASE), 0x00990000u);
 473              		.loc 1 313 0
 474 01c4 174B     		ldr	r3, .L17+40
 475 01c6 9922     		mov	r2, #153
 476 01c8 1204     		lsl	r2, r2, #16
 477 01ca 1A60     		str	r2, [r3]
 314:.\Generated_Source\PSoC4/cyfitter_cfg.c **** 
 315:.\Generated_Source\PSoC4/cyfitter_cfg.c **** 		/* Enable digital routing */
 316:.\Generated_Source\PSoC4/cyfitter_cfg.c **** 		CY_SET_XTND_REG8((void *)CYREG_UDB_UDBIF_BANK_CTL, CY_GET_XTND_REG8((void *)CYREG_UDB_UDBIF_BANK_
ARM GAS  C:\Users\CHUCK~1.ERH\AppData\Local\Temp\ccxaEy0f.s 			page 15


 478              		.loc 1 316 0
 479 01cc 164B     		ldr	r3, .L17+44
 480 01ce 164A     		ldr	r2, .L17+44
 481 01d0 1278     		ldrb	r2, [r2]
 482 01d2 D2B2     		uxtb	r2, r2
 483 01d4 0221     		mov	r1, #2
 484 01d6 0A43     		orr	r2, r1
 485 01d8 D2B2     		uxtb	r2, r2
 486 01da 1A70     		strb	r2, [r3]
 317:.\Generated_Source\PSoC4/cyfitter_cfg.c **** 
 318:.\Generated_Source\PSoC4/cyfitter_cfg.c **** 		/* Enable UDB array */
 319:.\Generated_Source\PSoC4/cyfitter_cfg.c **** 		CY_SET_XTND_REG8((void *)CYREG_UDB_UDBIF_BANK_CTL, CY_GET_XTND_REG8((void *)CYREG_UDB_UDBIF_BANK_
 487              		.loc 1 319 0
 488 01dc 124B     		ldr	r3, .L17+44
 489 01de 124A     		ldr	r2, .L17+44
 490 01e0 1278     		ldrb	r2, [r2]
 491 01e2 D2B2     		uxtb	r2, r2
 492 01e4 0621     		mov	r1, #6
 493 01e6 0A43     		orr	r2, r1
 494 01e8 D2B2     		uxtb	r2, r2
 495 01ea 1A70     		strb	r2, [r3]
 496              	.LBE2:
 320:.\Generated_Source\PSoC4/cyfitter_cfg.c **** 	}
 321:.\Generated_Source\PSoC4/cyfitter_cfg.c **** 
 322:.\Generated_Source\PSoC4/cyfitter_cfg.c **** 	/* Setup clocks based on selections from Clock DWR */
 323:.\Generated_Source\PSoC4/cyfitter_cfg.c **** 	ClockSetup();
 497              		.loc 1 323 0
 498 01ec FFF760FF 		bl	ClockSetup
 324:.\Generated_Source\PSoC4/cyfitter_cfg.c **** 
 325:.\Generated_Source\PSoC4/cyfitter_cfg.c **** 	/* Perform basic analog initialization to defaults */
 326:.\Generated_Source\PSoC4/cyfitter_cfg.c **** 	AnalogSetDefault();
 499              		.loc 1 326 0
 500 01f0 FFF7FEFF 		bl	AnalogSetDefault
 327:.\Generated_Source\PSoC4/cyfitter_cfg.c **** 
 328:.\Generated_Source\PSoC4/cyfitter_cfg.c **** }
 501              		.loc 1 328 0
 502 01f4 BD46     		mov	sp, r7
 503 01f6 02B0     		add	sp, sp, #8
 504              		@ sp needed for prologue
 505 01f8 80BD     		pop	{r7, pc}
 506              	.L18:
 507 01fa C046     		.align	2
 508              	.L17:
 509 01fc 00000000 		.word	cfg_memset_list.4645
 510 0200 00000140 		.word	1073807360
 511 0204 0C000140 		.word	1073807372
 512 0208 FFEE0F00 		.word	1044223
 513 020c 00000440 		.word	1074003968
 514 0210 08000440 		.word	1074003976
 515 0214 00030440 		.word	1074004736
 516 0218 08030440 		.word	1074004744
 517 021c 8E6D0000 		.word	28046
 518 0220 00500F40 		.word	1074745344
 519 0224 30500F40 		.word	1074745392
 520 0228 00700F40 		.word	1074753536
 521              		.cfi_endproc
 522              	.LFE6:
ARM GAS  C:\Users\CHUCK~1.ERH\AppData\Local\Temp\ccxaEy0f.s 			page 16


 523              		.size	cyfitter_cfg, .-cyfitter_cfg
 524              		.section	.rodata
 525              		.align	2
 526              		.type	cfg_memset_list.4645, %object
 527              		.size	cfg_memset_list.4645, 12
 528              	cfg_memset_list.4645:
 529 0000 00300F40 		.word	1074737152
 530 0004 0004     		.short	1024
 531 0006 00400F40 		.4byte	1074741248
 532 000a 0004     		.short	1024
 533              		.align	2
 534              		.type	IMO_TRIM_FREQ_TABLE_ENTRIES.4621, %object
 535              		.size	IMO_TRIM_FREQ_TABLE_ENTRIES.4621, 4
 536              	IMO_TRIM_FREQ_TABLE_ENTRIES.4621:
 537 000c 04000000 		.word	4
 538              		.data
 539              		.align	2
 540              		.type	imo_trim_table.4620, %object
 541              		.size	imo_trim_table.4620, 4
 542              	imo_trim_table.4620:
 543 0000 C0F1FF0F 		.word	268431808
 544              		.text
 545              	.Letext0:
 546              		.file 2 "c:\\program files (x86)\\cypress\\psoc creator\\3.0\\psoc creator\\import\\gnu_cs\\arm\\4
 547              		.file 3 "./Generated_Source/PSoC4/cytypes.h"
 548              		.section	.debug_info,"",%progbits
 549              	.Ldebug_info0:
 550 0000 69030000 		.4byte	0x369
 551 0004 0200     		.2byte	0x2
 552 0006 00000000 		.4byte	.Ldebug_abbrev0
 553 000a 04       		.byte	0x4
 554 000b 01       		.uleb128 0x1
 555 000c 1D020000 		.4byte	.LASF43
 556 0010 01       		.byte	0x1
 557 0011 5D010000 		.4byte	.LASF44
 558 0015 B3010000 		.4byte	.LASF45
 559 0019 00000000 		.4byte	.Ldebug_ranges0+0
 560 001d 00000000 		.4byte	0
 561 0021 00000000 		.4byte	0
 562 0025 00000000 		.4byte	.Ldebug_line0
 563 0029 02       		.uleb128 0x2
 564 002a 01       		.byte	0x1
 565 002b 06       		.byte	0x6
 566 002c 8D020000 		.4byte	.LASF0
 567 0030 02       		.uleb128 0x2
 568 0031 01       		.byte	0x1
 569 0032 08       		.byte	0x8
 570 0033 BF000000 		.4byte	.LASF1
 571 0037 02       		.uleb128 0x2
 572 0038 02       		.byte	0x2
 573 0039 05       		.byte	0x5
 574 003a 63000000 		.4byte	.LASF2
 575 003e 02       		.uleb128 0x2
 576 003f 02       		.byte	0x2
 577 0040 07       		.byte	0x7
 578 0041 50000000 		.4byte	.LASF3
 579 0045 03       		.uleb128 0x3
ARM GAS  C:\Users\CHUCK~1.ERH\AppData\Local\Temp\ccxaEy0f.s 			page 17


 580 0046 04       		.byte	0x4
 581 0047 05       		.byte	0x5
 582 0048 696E7400 		.ascii	"int\000"
 583 004c 02       		.uleb128 0x2
 584 004d 04       		.byte	0x4
 585 004e 07       		.byte	0x7
 586 004f 06010000 		.4byte	.LASF4
 587 0053 02       		.uleb128 0x2
 588 0054 08       		.byte	0x8
 589 0055 05       		.byte	0x5
 590 0056 97010000 		.4byte	.LASF5
 591 005a 02       		.uleb128 0x2
 592 005b 08       		.byte	0x8
 593 005c 07       		.byte	0x7
 594 005d 28010000 		.4byte	.LASF6
 595 0061 02       		.uleb128 0x2
 596 0062 04       		.byte	0x4
 597 0063 05       		.byte	0x5
 598 0064 75020000 		.4byte	.LASF7
 599 0068 02       		.uleb128 0x2
 600 0069 04       		.byte	0x4
 601 006a 07       		.byte	0x7
 602 006b 85010000 		.4byte	.LASF8
 603 006f 04       		.uleb128 0x4
 604 0070 04       		.byte	0x4
 605 0071 02       		.uleb128 0x2
 606 0072 04       		.byte	0x4
 607 0073 07       		.byte	0x7
 608 0074 9D000000 		.4byte	.LASF9
 609 0078 02       		.uleb128 0x2
 610 0079 01       		.byte	0x1
 611 007a 08       		.byte	0x8
 612 007b A5010000 		.4byte	.LASF10
 613 007f 05       		.uleb128 0x5
 614 0080 06000000 		.4byte	.LASF11
 615 0084 02       		.byte	0x2
 616 0085 D5       		.byte	0xd5
 617 0086 4C000000 		.4byte	0x4c
 618 008a 05       		.uleb128 0x5
 619 008b 17020000 		.4byte	.LASF12
 620 008f 03       		.byte	0x3
 621 0090 5B       		.byte	0x5b
 622 0091 30000000 		.4byte	0x30
 623 0095 05       		.uleb128 0x5
 624 0096 F8000000 		.4byte	.LASF13
 625 009a 03       		.byte	0x3
 626 009b 5C       		.byte	0x5c
 627 009c 3E000000 		.4byte	0x3e
 628 00a0 05       		.uleb128 0x5
 629 00a1 FF000000 		.4byte	.LASF14
 630 00a5 03       		.byte	0x3
 631 00a6 5D       		.byte	0x5d
 632 00a7 71000000 		.4byte	0x71
 633 00ab 05       		.uleb128 0x5
 634 00ac AF000000 		.4byte	.LASF15
 635 00b0 03       		.byte	0x3
 636 00b1 60       		.byte	0x60
ARM GAS  C:\Users\CHUCK~1.ERH\AppData\Local\Temp\ccxaEy0f.s 			page 18


 637 00b2 61000000 		.4byte	0x61
 638 00b6 02       		.uleb128 0x2
 639 00b7 04       		.byte	0x4
 640 00b8 04       		.byte	0x4
 641 00b9 7B000000 		.4byte	.LASF16
 642 00bd 02       		.uleb128 0x2
 643 00be 08       		.byte	0x8
 644 00bf 04       		.byte	0x4
 645 00c0 CD000000 		.4byte	.LASF17
 646 00c4 05       		.uleb128 0x5
 647 00c5 98000000 		.4byte	.LASF18
 648 00c9 03       		.byte	0x3
 649 00ca F0       		.byte	0xf0
 650 00cb CF000000 		.4byte	0xcf
 651 00cf 06       		.uleb128 0x6
 652 00d0 8A000000 		.4byte	0x8a
 653 00d4 05       		.uleb128 0x5
 654 00d5 00000000 		.4byte	.LASF19
 655 00d9 03       		.byte	0x3
 656 00da F2       		.byte	0xf2
 657 00db DF000000 		.4byte	0xdf
 658 00df 06       		.uleb128 0x6
 659 00e0 A0000000 		.4byte	0xa0
 660 00e4 07       		.uleb128 0x7
 661 00e5 B5000000 		.4byte	.LASF20
 662 00e9 01       		.byte	0x1
 663 00ea 39       		.byte	0x39
 664 00eb 01       		.byte	0x1
 665 00ec 00000000 		.4byte	.LFB0
 666 00f0 1E000000 		.4byte	.LFE0
 667 00f4 00000000 		.4byte	.LLST0
 668 00f8 01       		.byte	0x1
 669 00f9 16010000 		.4byte	0x116
 670 00fd 08       		.uleb128 0x8
 671 00fe 7300     		.ascii	"s\000"
 672 0100 01       		.byte	0x1
 673 0101 39       		.byte	0x39
 674 0102 6F000000 		.4byte	0x6f
 675 0106 02       		.byte	0x2
 676 0107 91       		.byte	0x91
 677 0108 74       		.sleb128 -12
 678 0109 08       		.uleb128 0x8
 679 010a 6E00     		.ascii	"n\000"
 680 010c 01       		.byte	0x1
 681 010d 39       		.byte	0x39
 682 010e 7F000000 		.4byte	0x7f
 683 0112 02       		.byte	0x2
 684 0113 91       		.byte	0x91
 685 0114 70       		.sleb128 -16
 686 0115 00       		.byte	0
 687 0116 07       		.uleb128 0x7
 688 0117 A9020000 		.4byte	.LASF21
 689 011b 01       		.byte	0x1
 690 011c 40       		.byte	0x40
 691 011d 01       		.byte	0x1
 692 011e 00000000 		.4byte	.LFB1
 693 0122 22000000 		.4byte	.LFE1
ARM GAS  C:\Users\CHUCK~1.ERH\AppData\Local\Temp\ccxaEy0f.s 			page 19


 694 0126 38000000 		.4byte	.LLST1
 695 012a 01       		.byte	0x1
 696 012b 58010000 		.4byte	0x158
 697 012f 09       		.uleb128 0x9
 698 0130 8E000000 		.4byte	.LASF22
 699 0134 01       		.byte	0x1
 700 0135 40       		.byte	0x40
 701 0136 6F000000 		.4byte	0x6f
 702 013a 02       		.byte	0x2
 703 013b 91       		.byte	0x91
 704 013c 74       		.sleb128 -12
 705 013d 08       		.uleb128 0x8
 706 013e 73726300 		.ascii	"src\000"
 707 0142 01       		.byte	0x1
 708 0143 40       		.byte	0x40
 709 0144 58010000 		.4byte	0x158
 710 0148 02       		.byte	0x2
 711 0149 91       		.byte	0x91
 712 014a 70       		.sleb128 -16
 713 014b 08       		.uleb128 0x8
 714 014c 6E00     		.ascii	"n\000"
 715 014e 01       		.byte	0x1
 716 014f 40       		.byte	0x40
 717 0150 7F000000 		.4byte	0x7f
 718 0154 02       		.byte	0x2
 719 0155 91       		.byte	0x91
 720 0156 6C       		.sleb128 -20
 721 0157 00       		.byte	0
 722 0158 0A       		.uleb128 0xa
 723 0159 04       		.byte	0x4
 724 015a 5E010000 		.4byte	0x15e
 725 015e 0B       		.uleb128 0xb
 726 015f 07       		.uleb128 0x7
 727 0160 99020000 		.4byte	.LASF23
 728 0164 01       		.byte	0x1
 729 0165 47       		.byte	0x47
 730 0166 01       		.byte	0x1
 731 0167 00000000 		.4byte	.LFB2
 732 016b 22000000 		.4byte	.LFE2
 733 016f 70000000 		.4byte	.LLST2
 734 0173 01       		.byte	0x1
 735 0174 A1010000 		.4byte	0x1a1
 736 0178 09       		.uleb128 0x9
 737 0179 8E000000 		.4byte	.LASF22
 738 017d 01       		.byte	0x1
 739 017e 47       		.byte	0x47
 740 017f 6F000000 		.4byte	0x6f
 741 0183 02       		.byte	0x2
 742 0184 91       		.byte	0x91
 743 0185 74       		.sleb128 -12
 744 0186 08       		.uleb128 0x8
 745 0187 73726300 		.ascii	"src\000"
 746 018b 01       		.byte	0x1
 747 018c 47       		.byte	0x47
 748 018d 58010000 		.4byte	0x158
 749 0191 02       		.byte	0x2
 750 0192 91       		.byte	0x91
ARM GAS  C:\Users\CHUCK~1.ERH\AppData\Local\Temp\ccxaEy0f.s 			page 20


 751 0193 70       		.sleb128 -16
 752 0194 08       		.uleb128 0x8
 753 0195 6E00     		.ascii	"n\000"
 754 0197 01       		.byte	0x1
 755 0198 47       		.byte	0x47
 756 0199 7F000000 		.4byte	0x7f
 757 019d 02       		.byte	0x2
 758 019e 91       		.byte	0x91
 759 019f 6C       		.sleb128 -20
 760 01a0 00       		.byte	0
 761 01a1 0C       		.uleb128 0xc
 762 01a2 6D000000 		.4byte	.LASF24
 763 01a6 01       		.byte	0x1
 764 01a7 8C       		.byte	0x8c
 765 01a8 01       		.byte	0x1
 766 01a9 00000000 		.4byte	.LFB3
 767 01ad B0000000 		.4byte	.LFE3
 768 01b1 A8000000 		.4byte	.LLST3
 769 01b5 01       		.byte	0x1
 770 01b6 90020000 		.4byte	0x290
 771 01ba 09       		.uleb128 0x9
 772 01bb D4000000 		.4byte	.LASF25
 773 01bf 01       		.byte	0x1
 774 01c0 8C       		.byte	0x8c
 775 01c1 8A000000 		.4byte	0x8a
 776 01c5 02       		.byte	0x2
 777 01c6 91       		.byte	0x91
 778 01c7 6F       		.sleb128 -17
 779 01c8 0D       		.uleb128 0xd
 780 01c9 03       		.byte	0x3
 781 01ca 01       		.byte	0x1
 782 01cb 8E       		.byte	0x8e
 783 01cc FB010000 		.4byte	0x1fb
 784 01d0 0E       		.uleb128 0xe
 785 01d1 12020000 		.4byte	.LASF26
 786 01d5 01       		.byte	0x1
 787 01d6 8F       		.byte	0x8f
 788 01d7 8A000000 		.4byte	0x8a
 789 01db 02       		.byte	0x2
 790 01dc 23       		.byte	0x23
 791 01dd 00       		.uleb128 0
 792 01de 0E       		.uleb128 0xe
 793 01df AA010000 		.4byte	.LASF27
 794 01e3 01       		.byte	0x1
 795 01e4 90       		.byte	0x90
 796 01e5 8A000000 		.4byte	0x8a
 797 01e9 02       		.byte	0x2
 798 01ea 23       		.byte	0x23
 799 01eb 01       		.uleb128 0x1
 800 01ec 0E       		.uleb128 0xe
 801 01ed 4A000000 		.4byte	.LASF28
 802 01f1 01       		.byte	0x1
 803 01f2 91       		.byte	0x91
 804 01f3 8A000000 		.4byte	0x8a
 805 01f7 02       		.byte	0x2
 806 01f8 23       		.byte	0x23
 807 01f9 02       		.uleb128 0x2
ARM GAS  C:\Users\CHUCK~1.ERH\AppData\Local\Temp\ccxaEy0f.s 			page 21


 808 01fa 00       		.byte	0
 809 01fb 05       		.uleb128 0x5
 810 01fc 1E000000 		.4byte	.LASF29
 811 0200 01       		.byte	0x1
 812 0201 92       		.byte	0x92
 813 0202 C8010000 		.4byte	0x1c8
 814 0206 0D       		.uleb128 0xd
 815 0207 0C       		.byte	0xc
 816 0208 01       		.byte	0x1
 817 0209 94       		.byte	0x94
 818 020a 2D020000 		.4byte	0x22d
 819 020e 0F       		.uleb128 0xf
 820 020f FB010000 		.4byte	0x1fb
 821 0213 1E020000 		.4byte	0x21e
 822 0217 10       		.uleb128 0x10
 823 0218 68000000 		.4byte	0x68
 824 021c 03       		.byte	0x3
 825 021d 00       		.byte	0
 826 021e 0E       		.uleb128 0xe
 827 021f 7E020000 		.4byte	.LASF30
 828 0223 01       		.byte	0x1
 829 0224 95       		.byte	0x95
 830 0225 0E020000 		.4byte	0x20e
 831 0229 02       		.byte	0x2
 832 022a 23       		.byte	0x23
 833 022b 00       		.uleb128 0
 834 022c 00       		.byte	0
 835 022d 05       		.uleb128 0x5
 836 022e 3F010000 		.4byte	.LASF31
 837 0232 01       		.byte	0x1
 838 0233 96       		.byte	0x96
 839 0234 06020000 		.4byte	0x206
 840 0238 11       		.uleb128 0x11
 841 0239 66020000 		.4byte	.LASF32
 842 023d 01       		.byte	0x1
 843 023e 98       		.byte	0x98
 844 023f 49020000 		.4byte	0x249
 845 0243 05       		.byte	0x5
 846 0244 03       		.byte	0x3
 847 0245 00000000 		.4byte	imo_trim_table.4620
 848 0249 0A       		.uleb128 0xa
 849 024a 04       		.byte	0x4
 850 024b 4F020000 		.4byte	0x24f
 851 024f 12       		.uleb128 0x12
 852 0250 2D020000 		.4byte	0x22d
 853 0254 11       		.uleb128 0x11
 854 0255 DC000000 		.4byte	.LASF33
 855 0259 01       		.byte	0x1
 856 025a 99       		.byte	0x99
 857 025b 90020000 		.4byte	0x290
 858 025f 05       		.byte	0x5
 859 0260 03       		.byte	0x3
 860 0261 0C000000 		.4byte	IMO_TRIM_FREQ_TABLE_ENTRIES.4621
 861 0265 11       		.uleb128 0x11
 862 0266 81000000 		.4byte	.LASF34
 863 026a 01       		.byte	0x1
 864 026b 9B       		.byte	0x9b
ARM GAS  C:\Users\CHUCK~1.ERH\AppData\Local\Temp\ccxaEy0f.s 			page 22


 865 026c AB000000 		.4byte	0xab
 866 0270 02       		.byte	0x2
 867 0271 91       		.byte	0x91
 868 0272 74       		.sleb128 -12
 869 0273 11       		.uleb128 0x11
 870 0274 86020000 		.4byte	.LASF35
 871 0278 01       		.byte	0x1
 872 0279 9C       		.byte	0x9c
 873 027a 8A000000 		.4byte	0x8a
 874 027e 02       		.byte	0x2
 875 027f 91       		.byte	0x91
 876 0280 73       		.sleb128 -13
 877 0281 11       		.uleb128 0x11
 878 0282 8E010000 		.4byte	.LASF36
 879 0286 01       		.byte	0x1
 880 0287 9D       		.byte	0x9d
 881 0288 8A000000 		.4byte	0x8a
 882 028c 02       		.byte	0x2
 883 028d 91       		.byte	0x91
 884 028e 72       		.sleb128 -14
 885 028f 00       		.byte	0
 886 0290 12       		.uleb128 0x12
 887 0291 A0000000 		.4byte	0xa0
 888 0295 13       		.uleb128 0x13
 889 0296 3F000000 		.4byte	.LASF37
 890 029a 01       		.byte	0x1
 891 029b C3       		.byte	0xc3
 892 029c 01       		.byte	0x1
 893 029d B0000000 		.4byte	.LFB4
 894 02a1 34010000 		.4byte	.LFE4
 895 02a5 E0000000 		.4byte	.LLST4
 896 02a9 01       		.byte	0x1
 897 02aa 14       		.uleb128 0x14
 898 02ab 0D000000 		.4byte	.LASF38
 899 02af 01       		.byte	0x1
 900 02b0 F6       		.byte	0xf6
 901 02b1 01       		.byte	0x1
 902 02b2 00000000 		.4byte	.LFB5
 903 02b6 08000000 		.4byte	.LFE5
 904 02ba 0C010000 		.4byte	.LLST5
 905 02be 01       		.byte	0x1
 906 02bf 15       		.uleb128 0x15
 907 02c0 01       		.byte	0x1
 908 02c1 13010000 		.4byte	.LASF46
 909 02c5 01       		.byte	0x1
 910 02c6 0E01     		.2byte	0x10e
 911 02c8 01       		.byte	0x1
 912 02c9 34010000 		.4byte	.LFB6
 913 02cd 2C020000 		.4byte	.LFE6
 914 02d1 38010000 		.4byte	.LLST6
 915 02d5 01       		.byte	0x1
 916 02d6 16       		.uleb128 0x16
 917 02d7 3C010000 		.4byte	.LBB2
 918 02db EC010000 		.4byte	.LBE2
 919 02df 17       		.uleb128 0x17
 920 02e0 06       		.byte	0x6
 921 02e1 01       		.byte	0x1
ARM GAS  C:\Users\CHUCK~1.ERH\AppData\Local\Temp\ccxaEy0f.s 			page 23


 922 02e2 1501     		.2byte	0x115
 923 02e4 07030000 		.4byte	0x307
 924 02e8 18       		.uleb128 0x18
 925 02e9 20010000 		.4byte	.LASF39
 926 02ed 01       		.byte	0x1
 927 02ee 1601     		.2byte	0x116
 928 02f0 6F000000 		.4byte	0x6f
 929 02f4 02       		.byte	0x2
 930 02f5 23       		.byte	0x23
 931 02f6 00       		.uleb128 0
 932 02f7 18       		.uleb128 0x18
 933 02f8 93000000 		.4byte	.LASF40
 934 02fc 01       		.byte	0x1
 935 02fd 1701     		.2byte	0x117
 936 02ff 95000000 		.4byte	0x95
 937 0303 02       		.byte	0x2
 938 0304 23       		.byte	0x23
 939 0305 04       		.uleb128 0x4
 940 0306 00       		.byte	0
 941 0307 19       		.uleb128 0x19
 942 0308 50010000 		.4byte	.LASF41
 943 030c 01       		.byte	0x1
 944 030d 1801     		.2byte	0x118
 945 030f DF020000 		.4byte	0x2df
 946 0313 0F       		.uleb128 0xf
 947 0314 07030000 		.4byte	0x307
 948 0318 23030000 		.4byte	0x323
 949 031c 10       		.uleb128 0x10
 950 031d 68000000 		.4byte	0x68
 951 0321 01       		.byte	0x1
 952 0322 00       		.byte	0
 953 0323 1A       		.uleb128 0x1a
 954 0324 2F000000 		.4byte	.LASF42
 955 0328 01       		.byte	0x1
 956 0329 1A01     		.2byte	0x11a
 957 032b 35030000 		.4byte	0x335
 958 032f 05       		.byte	0x5
 959 0330 03       		.byte	0x3
 960 0331 00000000 		.4byte	cfg_memset_list.4645
 961 0335 12       		.uleb128 0x12
 962 0336 13030000 		.4byte	0x313
 963 033a 1B       		.uleb128 0x1b
 964 033b 6900     		.ascii	"i\000"
 965 033d 01       		.byte	0x1
 966 033e 2001     		.2byte	0x120
 967 0340 8A000000 		.4byte	0x8a
 968 0344 02       		.byte	0x2
 969 0345 91       		.byte	0x91
 970 0346 77       		.sleb128 -9
 971 0347 16       		.uleb128 0x16
 972 0348 44010000 		.4byte	.LBB3
 973 034c 82010000 		.4byte	.LBE3
 974 0350 1B       		.uleb128 0x1b
 975 0351 6D7300   		.ascii	"ms\000"
 976 0354 01       		.byte	0x1
 977 0355 2501     		.2byte	0x125
 978 0357 5E030000 		.4byte	0x35e
ARM GAS  C:\Users\CHUCK~1.ERH\AppData\Local\Temp\ccxaEy0f.s 			page 24


 979 035b 02       		.byte	0x2
 980 035c 91       		.byte	0x91
 981 035d 70       		.sleb128 -16
 982 035e 0A       		.uleb128 0xa
 983 035f 04       		.byte	0x4
 984 0360 64030000 		.4byte	0x364
 985 0364 12       		.uleb128 0x12
 986 0365 07030000 		.4byte	0x307
 987 0369 00       		.byte	0
 988 036a 00       		.byte	0
 989 036b 00       		.byte	0
 990 036c 00       		.byte	0
 991              		.section	.debug_abbrev,"",%progbits
 992              	.Ldebug_abbrev0:
 993 0000 01       		.uleb128 0x1
 994 0001 11       		.uleb128 0x11
 995 0002 01       		.byte	0x1
 996 0003 25       		.uleb128 0x25
 997 0004 0E       		.uleb128 0xe
 998 0005 13       		.uleb128 0x13
 999 0006 0B       		.uleb128 0xb
 1000 0007 03       		.uleb128 0x3
 1001 0008 0E       		.uleb128 0xe
 1002 0009 1B       		.uleb128 0x1b
 1003 000a 0E       		.uleb128 0xe
 1004 000b 55       		.uleb128 0x55
 1005 000c 06       		.uleb128 0x6
 1006 000d 11       		.uleb128 0x11
 1007 000e 01       		.uleb128 0x1
 1008 000f 52       		.uleb128 0x52
 1009 0010 01       		.uleb128 0x1
 1010 0011 10       		.uleb128 0x10
 1011 0012 06       		.uleb128 0x6
 1012 0013 00       		.byte	0
 1013 0014 00       		.byte	0
 1014 0015 02       		.uleb128 0x2
 1015 0016 24       		.uleb128 0x24
 1016 0017 00       		.byte	0
 1017 0018 0B       		.uleb128 0xb
 1018 0019 0B       		.uleb128 0xb
 1019 001a 3E       		.uleb128 0x3e
 1020 001b 0B       		.uleb128 0xb
 1021 001c 03       		.uleb128 0x3
 1022 001d 0E       		.uleb128 0xe
 1023 001e 00       		.byte	0
 1024 001f 00       		.byte	0
 1025 0020 03       		.uleb128 0x3
 1026 0021 24       		.uleb128 0x24
 1027 0022 00       		.byte	0
 1028 0023 0B       		.uleb128 0xb
 1029 0024 0B       		.uleb128 0xb
 1030 0025 3E       		.uleb128 0x3e
 1031 0026 0B       		.uleb128 0xb
 1032 0027 03       		.uleb128 0x3
 1033 0028 08       		.uleb128 0x8
 1034 0029 00       		.byte	0
 1035 002a 00       		.byte	0
ARM GAS  C:\Users\CHUCK~1.ERH\AppData\Local\Temp\ccxaEy0f.s 			page 25


 1036 002b 04       		.uleb128 0x4
 1037 002c 0F       		.uleb128 0xf
 1038 002d 00       		.byte	0
 1039 002e 0B       		.uleb128 0xb
 1040 002f 0B       		.uleb128 0xb
 1041 0030 00       		.byte	0
 1042 0031 00       		.byte	0
 1043 0032 05       		.uleb128 0x5
 1044 0033 16       		.uleb128 0x16
 1045 0034 00       		.byte	0
 1046 0035 03       		.uleb128 0x3
 1047 0036 0E       		.uleb128 0xe
 1048 0037 3A       		.uleb128 0x3a
 1049 0038 0B       		.uleb128 0xb
 1050 0039 3B       		.uleb128 0x3b
 1051 003a 0B       		.uleb128 0xb
 1052 003b 49       		.uleb128 0x49
 1053 003c 13       		.uleb128 0x13
 1054 003d 00       		.byte	0
 1055 003e 00       		.byte	0
 1056 003f 06       		.uleb128 0x6
 1057 0040 35       		.uleb128 0x35
 1058 0041 00       		.byte	0
 1059 0042 49       		.uleb128 0x49
 1060 0043 13       		.uleb128 0x13
 1061 0044 00       		.byte	0
 1062 0045 00       		.byte	0
 1063 0046 07       		.uleb128 0x7
 1064 0047 2E       		.uleb128 0x2e
 1065 0048 01       		.byte	0x1
 1066 0049 03       		.uleb128 0x3
 1067 004a 0E       		.uleb128 0xe
 1068 004b 3A       		.uleb128 0x3a
 1069 004c 0B       		.uleb128 0xb
 1070 004d 3B       		.uleb128 0x3b
 1071 004e 0B       		.uleb128 0xb
 1072 004f 27       		.uleb128 0x27
 1073 0050 0C       		.uleb128 0xc
 1074 0051 11       		.uleb128 0x11
 1075 0052 01       		.uleb128 0x1
 1076 0053 12       		.uleb128 0x12
 1077 0054 01       		.uleb128 0x1
 1078 0055 40       		.uleb128 0x40
 1079 0056 06       		.uleb128 0x6
 1080 0057 9642     		.uleb128 0x2116
 1081 0059 0C       		.uleb128 0xc
 1082 005a 01       		.uleb128 0x1
 1083 005b 13       		.uleb128 0x13
 1084 005c 00       		.byte	0
 1085 005d 00       		.byte	0
 1086 005e 08       		.uleb128 0x8
 1087 005f 05       		.uleb128 0x5
 1088 0060 00       		.byte	0
 1089 0061 03       		.uleb128 0x3
 1090 0062 08       		.uleb128 0x8
 1091 0063 3A       		.uleb128 0x3a
 1092 0064 0B       		.uleb128 0xb
ARM GAS  C:\Users\CHUCK~1.ERH\AppData\Local\Temp\ccxaEy0f.s 			page 26


 1093 0065 3B       		.uleb128 0x3b
 1094 0066 0B       		.uleb128 0xb
 1095 0067 49       		.uleb128 0x49
 1096 0068 13       		.uleb128 0x13
 1097 0069 02       		.uleb128 0x2
 1098 006a 0A       		.uleb128 0xa
 1099 006b 00       		.byte	0
 1100 006c 00       		.byte	0
 1101 006d 09       		.uleb128 0x9
 1102 006e 05       		.uleb128 0x5
 1103 006f 00       		.byte	0
 1104 0070 03       		.uleb128 0x3
 1105 0071 0E       		.uleb128 0xe
 1106 0072 3A       		.uleb128 0x3a
 1107 0073 0B       		.uleb128 0xb
 1108 0074 3B       		.uleb128 0x3b
 1109 0075 0B       		.uleb128 0xb
 1110 0076 49       		.uleb128 0x49
 1111 0077 13       		.uleb128 0x13
 1112 0078 02       		.uleb128 0x2
 1113 0079 0A       		.uleb128 0xa
 1114 007a 00       		.byte	0
 1115 007b 00       		.byte	0
 1116 007c 0A       		.uleb128 0xa
 1117 007d 0F       		.uleb128 0xf
 1118 007e 00       		.byte	0
 1119 007f 0B       		.uleb128 0xb
 1120 0080 0B       		.uleb128 0xb
 1121 0081 49       		.uleb128 0x49
 1122 0082 13       		.uleb128 0x13
 1123 0083 00       		.byte	0
 1124 0084 00       		.byte	0
 1125 0085 0B       		.uleb128 0xb
 1126 0086 26       		.uleb128 0x26
 1127 0087 00       		.byte	0
 1128 0088 00       		.byte	0
 1129 0089 00       		.byte	0
 1130 008a 0C       		.uleb128 0xc
 1131 008b 2E       		.uleb128 0x2e
 1132 008c 01       		.byte	0x1
 1133 008d 03       		.uleb128 0x3
 1134 008e 0E       		.uleb128 0xe
 1135 008f 3A       		.uleb128 0x3a
 1136 0090 0B       		.uleb128 0xb
 1137 0091 3B       		.uleb128 0x3b
 1138 0092 0B       		.uleb128 0xb
 1139 0093 27       		.uleb128 0x27
 1140 0094 0C       		.uleb128 0xc
 1141 0095 11       		.uleb128 0x11
 1142 0096 01       		.uleb128 0x1
 1143 0097 12       		.uleb128 0x12
 1144 0098 01       		.uleb128 0x1
 1145 0099 40       		.uleb128 0x40
 1146 009a 06       		.uleb128 0x6
 1147 009b 9742     		.uleb128 0x2117
 1148 009d 0C       		.uleb128 0xc
 1149 009e 01       		.uleb128 0x1
ARM GAS  C:\Users\CHUCK~1.ERH\AppData\Local\Temp\ccxaEy0f.s 			page 27


 1150 009f 13       		.uleb128 0x13
 1151 00a0 00       		.byte	0
 1152 00a1 00       		.byte	0
 1153 00a2 0D       		.uleb128 0xd
 1154 00a3 13       		.uleb128 0x13
 1155 00a4 01       		.byte	0x1
 1156 00a5 0B       		.uleb128 0xb
 1157 00a6 0B       		.uleb128 0xb
 1158 00a7 3A       		.uleb128 0x3a
 1159 00a8 0B       		.uleb128 0xb
 1160 00a9 3B       		.uleb128 0x3b
 1161 00aa 0B       		.uleb128 0xb
 1162 00ab 01       		.uleb128 0x1
 1163 00ac 13       		.uleb128 0x13
 1164 00ad 00       		.byte	0
 1165 00ae 00       		.byte	0
 1166 00af 0E       		.uleb128 0xe
 1167 00b0 0D       		.uleb128 0xd
 1168 00b1 00       		.byte	0
 1169 00b2 03       		.uleb128 0x3
 1170 00b3 0E       		.uleb128 0xe
 1171 00b4 3A       		.uleb128 0x3a
 1172 00b5 0B       		.uleb128 0xb
 1173 00b6 3B       		.uleb128 0x3b
 1174 00b7 0B       		.uleb128 0xb
 1175 00b8 49       		.uleb128 0x49
 1176 00b9 13       		.uleb128 0x13
 1177 00ba 38       		.uleb128 0x38
 1178 00bb 0A       		.uleb128 0xa
 1179 00bc 00       		.byte	0
 1180 00bd 00       		.byte	0
 1181 00be 0F       		.uleb128 0xf
 1182 00bf 01       		.uleb128 0x1
 1183 00c0 01       		.byte	0x1
 1184 00c1 49       		.uleb128 0x49
 1185 00c2 13       		.uleb128 0x13
 1186 00c3 01       		.uleb128 0x1
 1187 00c4 13       		.uleb128 0x13
 1188 00c5 00       		.byte	0
 1189 00c6 00       		.byte	0
 1190 00c7 10       		.uleb128 0x10
 1191 00c8 21       		.uleb128 0x21
 1192 00c9 00       		.byte	0
 1193 00ca 49       		.uleb128 0x49
 1194 00cb 13       		.uleb128 0x13
 1195 00cc 2F       		.uleb128 0x2f
 1196 00cd 0B       		.uleb128 0xb
 1197 00ce 00       		.byte	0
 1198 00cf 00       		.byte	0
 1199 00d0 11       		.uleb128 0x11
 1200 00d1 34       		.uleb128 0x34
 1201 00d2 00       		.byte	0
 1202 00d3 03       		.uleb128 0x3
 1203 00d4 0E       		.uleb128 0xe
 1204 00d5 3A       		.uleb128 0x3a
 1205 00d6 0B       		.uleb128 0xb
 1206 00d7 3B       		.uleb128 0x3b
ARM GAS  C:\Users\CHUCK~1.ERH\AppData\Local\Temp\ccxaEy0f.s 			page 28


 1207 00d8 0B       		.uleb128 0xb
 1208 00d9 49       		.uleb128 0x49
 1209 00da 13       		.uleb128 0x13
 1210 00db 02       		.uleb128 0x2
 1211 00dc 0A       		.uleb128 0xa
 1212 00dd 00       		.byte	0
 1213 00de 00       		.byte	0
 1214 00df 12       		.uleb128 0x12
 1215 00e0 26       		.uleb128 0x26
 1216 00e1 00       		.byte	0
 1217 00e2 49       		.uleb128 0x49
 1218 00e3 13       		.uleb128 0x13
 1219 00e4 00       		.byte	0
 1220 00e5 00       		.byte	0
 1221 00e6 13       		.uleb128 0x13
 1222 00e7 2E       		.uleb128 0x2e
 1223 00e8 00       		.byte	0
 1224 00e9 03       		.uleb128 0x3
 1225 00ea 0E       		.uleb128 0xe
 1226 00eb 3A       		.uleb128 0x3a
 1227 00ec 0B       		.uleb128 0xb
 1228 00ed 3B       		.uleb128 0x3b
 1229 00ee 0B       		.uleb128 0xb
 1230 00ef 27       		.uleb128 0x27
 1231 00f0 0C       		.uleb128 0xc
 1232 00f1 11       		.uleb128 0x11
 1233 00f2 01       		.uleb128 0x1
 1234 00f3 12       		.uleb128 0x12
 1235 00f4 01       		.uleb128 0x1
 1236 00f5 40       		.uleb128 0x40
 1237 00f6 06       		.uleb128 0x6
 1238 00f7 9642     		.uleb128 0x2116
 1239 00f9 0C       		.uleb128 0xc
 1240 00fa 00       		.byte	0
 1241 00fb 00       		.byte	0
 1242 00fc 14       		.uleb128 0x14
 1243 00fd 2E       		.uleb128 0x2e
 1244 00fe 00       		.byte	0
 1245 00ff 03       		.uleb128 0x3
 1246 0100 0E       		.uleb128 0xe
 1247 0101 3A       		.uleb128 0x3a
 1248 0102 0B       		.uleb128 0xb
 1249 0103 3B       		.uleb128 0x3b
 1250 0104 0B       		.uleb128 0xb
 1251 0105 27       		.uleb128 0x27
 1252 0106 0C       		.uleb128 0xc
 1253 0107 11       		.uleb128 0x11
 1254 0108 01       		.uleb128 0x1
 1255 0109 12       		.uleb128 0x12
 1256 010a 01       		.uleb128 0x1
 1257 010b 40       		.uleb128 0x40
 1258 010c 06       		.uleb128 0x6
 1259 010d 9742     		.uleb128 0x2117
 1260 010f 0C       		.uleb128 0xc
 1261 0110 00       		.byte	0
 1262 0111 00       		.byte	0
 1263 0112 15       		.uleb128 0x15
ARM GAS  C:\Users\CHUCK~1.ERH\AppData\Local\Temp\ccxaEy0f.s 			page 29


 1264 0113 2E       		.uleb128 0x2e
 1265 0114 01       		.byte	0x1
 1266 0115 3F       		.uleb128 0x3f
 1267 0116 0C       		.uleb128 0xc
 1268 0117 03       		.uleb128 0x3
 1269 0118 0E       		.uleb128 0xe
 1270 0119 3A       		.uleb128 0x3a
 1271 011a 0B       		.uleb128 0xb
 1272 011b 3B       		.uleb128 0x3b
 1273 011c 05       		.uleb128 0x5
 1274 011d 27       		.uleb128 0x27
 1275 011e 0C       		.uleb128 0xc
 1276 011f 11       		.uleb128 0x11
 1277 0120 01       		.uleb128 0x1
 1278 0121 12       		.uleb128 0x12
 1279 0122 01       		.uleb128 0x1
 1280 0123 40       		.uleb128 0x40
 1281 0124 06       		.uleb128 0x6
 1282 0125 9642     		.uleb128 0x2116
 1283 0127 0C       		.uleb128 0xc
 1284 0128 00       		.byte	0
 1285 0129 00       		.byte	0
 1286 012a 16       		.uleb128 0x16
 1287 012b 0B       		.uleb128 0xb
 1288 012c 01       		.byte	0x1
 1289 012d 11       		.uleb128 0x11
 1290 012e 01       		.uleb128 0x1
 1291 012f 12       		.uleb128 0x12
 1292 0130 01       		.uleb128 0x1
 1293 0131 00       		.byte	0
 1294 0132 00       		.byte	0
 1295 0133 17       		.uleb128 0x17
 1296 0134 13       		.uleb128 0x13
 1297 0135 01       		.byte	0x1
 1298 0136 0B       		.uleb128 0xb
 1299 0137 0B       		.uleb128 0xb
 1300 0138 3A       		.uleb128 0x3a
 1301 0139 0B       		.uleb128 0xb
 1302 013a 3B       		.uleb128 0x3b
 1303 013b 05       		.uleb128 0x5
 1304 013c 01       		.uleb128 0x1
 1305 013d 13       		.uleb128 0x13
 1306 013e 00       		.byte	0
 1307 013f 00       		.byte	0
 1308 0140 18       		.uleb128 0x18
 1309 0141 0D       		.uleb128 0xd
 1310 0142 00       		.byte	0
 1311 0143 03       		.uleb128 0x3
 1312 0144 0E       		.uleb128 0xe
 1313 0145 3A       		.uleb128 0x3a
 1314 0146 0B       		.uleb128 0xb
 1315 0147 3B       		.uleb128 0x3b
 1316 0148 05       		.uleb128 0x5
 1317 0149 49       		.uleb128 0x49
 1318 014a 13       		.uleb128 0x13
 1319 014b 38       		.uleb128 0x38
 1320 014c 0A       		.uleb128 0xa
ARM GAS  C:\Users\CHUCK~1.ERH\AppData\Local\Temp\ccxaEy0f.s 			page 30


 1321 014d 00       		.byte	0
 1322 014e 00       		.byte	0
 1323 014f 19       		.uleb128 0x19
 1324 0150 16       		.uleb128 0x16
 1325 0151 00       		.byte	0
 1326 0152 03       		.uleb128 0x3
 1327 0153 0E       		.uleb128 0xe
 1328 0154 3A       		.uleb128 0x3a
 1329 0155 0B       		.uleb128 0xb
 1330 0156 3B       		.uleb128 0x3b
 1331 0157 05       		.uleb128 0x5
 1332 0158 49       		.uleb128 0x49
 1333 0159 13       		.uleb128 0x13
 1334 015a 00       		.byte	0
 1335 015b 00       		.byte	0
 1336 015c 1A       		.uleb128 0x1a
 1337 015d 34       		.uleb128 0x34
 1338 015e 00       		.byte	0
 1339 015f 03       		.uleb128 0x3
 1340 0160 0E       		.uleb128 0xe
 1341 0161 3A       		.uleb128 0x3a
 1342 0162 0B       		.uleb128 0xb
 1343 0163 3B       		.uleb128 0x3b
 1344 0164 05       		.uleb128 0x5
 1345 0165 49       		.uleb128 0x49
 1346 0166 13       		.uleb128 0x13
 1347 0167 02       		.uleb128 0x2
 1348 0168 0A       		.uleb128 0xa
 1349 0169 00       		.byte	0
 1350 016a 00       		.byte	0
 1351 016b 1B       		.uleb128 0x1b
 1352 016c 34       		.uleb128 0x34
 1353 016d 00       		.byte	0
 1354 016e 03       		.uleb128 0x3
 1355 016f 08       		.uleb128 0x8
 1356 0170 3A       		.uleb128 0x3a
 1357 0171 0B       		.uleb128 0xb
 1358 0172 3B       		.uleb128 0x3b
 1359 0173 05       		.uleb128 0x5
 1360 0174 49       		.uleb128 0x49
 1361 0175 13       		.uleb128 0x13
 1362 0176 02       		.uleb128 0x2
 1363 0177 0A       		.uleb128 0xa
 1364 0178 00       		.byte	0
 1365 0179 00       		.byte	0
 1366 017a 00       		.byte	0
 1367              		.section	.debug_loc,"",%progbits
 1368              	.Ldebug_loc0:
 1369              	.LLST0:
 1370 0000 00000000 		.4byte	.LFB0
 1371 0004 02000000 		.4byte	.LCFI0
 1372 0008 0200     		.2byte	0x2
 1373 000a 7D       		.byte	0x7d
 1374 000b 00       		.sleb128 0
 1375 000c 02000000 		.4byte	.LCFI0
 1376 0010 04000000 		.4byte	.LCFI1
 1377 0014 0200     		.2byte	0x2
ARM GAS  C:\Users\CHUCK~1.ERH\AppData\Local\Temp\ccxaEy0f.s 			page 31


 1378 0016 7D       		.byte	0x7d
 1379 0017 08       		.sleb128 8
 1380 0018 04000000 		.4byte	.LCFI1
 1381 001c 06000000 		.4byte	.LCFI2
 1382 0020 0200     		.2byte	0x2
 1383 0022 7D       		.byte	0x7d
 1384 0023 10       		.sleb128 16
 1385 0024 06000000 		.4byte	.LCFI2
 1386 0028 1E000000 		.4byte	.LFE0
 1387 002c 0200     		.2byte	0x2
 1388 002e 77       		.byte	0x77
 1389 002f 10       		.sleb128 16
 1390 0030 00000000 		.4byte	0
 1391 0034 00000000 		.4byte	0
 1392              	.LLST1:
 1393 0038 00000000 		.4byte	.LFB1
 1394 003c 02000000 		.4byte	.LCFI3
 1395 0040 0200     		.2byte	0x2
 1396 0042 7D       		.byte	0x7d
 1397 0043 00       		.sleb128 0
 1398 0044 02000000 		.4byte	.LCFI3
 1399 0048 04000000 		.4byte	.LCFI4
 1400 004c 0200     		.2byte	0x2
 1401 004e 7D       		.byte	0x7d
 1402 004f 08       		.sleb128 8
 1403 0050 04000000 		.4byte	.LCFI4
 1404 0054 06000000 		.4byte	.LCFI5
 1405 0058 0200     		.2byte	0x2
 1406 005a 7D       		.byte	0x7d
 1407 005b 18       		.sleb128 24
 1408 005c 06000000 		.4byte	.LCFI5
 1409 0060 22000000 		.4byte	.LFE1
 1410 0064 0200     		.2byte	0x2
 1411 0066 77       		.byte	0x77
 1412 0067 18       		.sleb128 24
 1413 0068 00000000 		.4byte	0
 1414 006c 00000000 		.4byte	0
 1415              	.LLST2:
 1416 0070 00000000 		.4byte	.LFB2
 1417 0074 02000000 		.4byte	.LCFI6
 1418 0078 0200     		.2byte	0x2
 1419 007a 7D       		.byte	0x7d
 1420 007b 00       		.sleb128 0
 1421 007c 02000000 		.4byte	.LCFI6
 1422 0080 04000000 		.4byte	.LCFI7
 1423 0084 0200     		.2byte	0x2
 1424 0086 7D       		.byte	0x7d
 1425 0087 08       		.sleb128 8
 1426 0088 04000000 		.4byte	.LCFI7
 1427 008c 06000000 		.4byte	.LCFI8
 1428 0090 0200     		.2byte	0x2
 1429 0092 7D       		.byte	0x7d
 1430 0093 18       		.sleb128 24
 1431 0094 06000000 		.4byte	.LCFI8
 1432 0098 22000000 		.4byte	.LFE2
 1433 009c 0200     		.2byte	0x2
 1434 009e 77       		.byte	0x77
ARM GAS  C:\Users\CHUCK~1.ERH\AppData\Local\Temp\ccxaEy0f.s 			page 32


 1435 009f 18       		.sleb128 24
 1436 00a0 00000000 		.4byte	0
 1437 00a4 00000000 		.4byte	0
 1438              	.LLST3:
 1439 00a8 00000000 		.4byte	.LFB3
 1440 00ac 02000000 		.4byte	.LCFI9
 1441 00b0 0200     		.2byte	0x2
 1442 00b2 7D       		.byte	0x7d
 1443 00b3 00       		.sleb128 0
 1444 00b4 02000000 		.4byte	.LCFI9
 1445 00b8 04000000 		.4byte	.LCFI10
 1446 00bc 0200     		.2byte	0x2
 1447 00be 7D       		.byte	0x7d
 1448 00bf 08       		.sleb128 8
 1449 00c0 04000000 		.4byte	.LCFI10
 1450 00c4 06000000 		.4byte	.LCFI11
 1451 00c8 0200     		.2byte	0x2
 1452 00ca 7D       		.byte	0x7d
 1453 00cb 18       		.sleb128 24
 1454 00cc 06000000 		.4byte	.LCFI11
 1455 00d0 B0000000 		.4byte	.LFE3
 1456 00d4 0200     		.2byte	0x2
 1457 00d6 77       		.byte	0x77
 1458 00d7 18       		.sleb128 24
 1459 00d8 00000000 		.4byte	0
 1460 00dc 00000000 		.4byte	0
 1461              	.LLST4:
 1462 00e0 B0000000 		.4byte	.LFB4
 1463 00e4 B2000000 		.4byte	.LCFI12
 1464 00e8 0200     		.2byte	0x2
 1465 00ea 7D       		.byte	0x7d
 1466 00eb 00       		.sleb128 0
 1467 00ec B2000000 		.4byte	.LCFI12
 1468 00f0 B4000000 		.4byte	.LCFI13
 1469 00f4 0200     		.2byte	0x2
 1470 00f6 7D       		.byte	0x7d
 1471 00f7 08       		.sleb128 8
 1472 00f8 B4000000 		.4byte	.LCFI13
 1473 00fc 34010000 		.4byte	.LFE4
 1474 0100 0200     		.2byte	0x2
 1475 0102 77       		.byte	0x77
 1476 0103 08       		.sleb128 8
 1477 0104 00000000 		.4byte	0
 1478 0108 00000000 		.4byte	0
 1479              	.LLST5:
 1480 010c 00000000 		.4byte	.LFB5
 1481 0110 02000000 		.4byte	.LCFI14
 1482 0114 0200     		.2byte	0x2
 1483 0116 7D       		.byte	0x7d
 1484 0117 00       		.sleb128 0
 1485 0118 02000000 		.4byte	.LCFI14
 1486 011c 04000000 		.4byte	.LCFI15
 1487 0120 0200     		.2byte	0x2
 1488 0122 7D       		.byte	0x7d
 1489 0123 08       		.sleb128 8
 1490 0124 04000000 		.4byte	.LCFI15
 1491 0128 08000000 		.4byte	.LFE5
ARM GAS  C:\Users\CHUCK~1.ERH\AppData\Local\Temp\ccxaEy0f.s 			page 33


 1492 012c 0200     		.2byte	0x2
 1493 012e 77       		.byte	0x77
 1494 012f 08       		.sleb128 8
 1495 0130 00000000 		.4byte	0
 1496 0134 00000000 		.4byte	0
 1497              	.LLST6:
 1498 0138 34010000 		.4byte	.LFB6
 1499 013c 36010000 		.4byte	.LCFI16
 1500 0140 0200     		.2byte	0x2
 1501 0142 7D       		.byte	0x7d
 1502 0143 00       		.sleb128 0
 1503 0144 36010000 		.4byte	.LCFI16
 1504 0148 38010000 		.4byte	.LCFI17
 1505 014c 0200     		.2byte	0x2
 1506 014e 7D       		.byte	0x7d
 1507 014f 08       		.sleb128 8
 1508 0150 38010000 		.4byte	.LCFI17
 1509 0154 3A010000 		.4byte	.LCFI18
 1510 0158 0200     		.2byte	0x2
 1511 015a 7D       		.byte	0x7d
 1512 015b 10       		.sleb128 16
 1513 015c 3A010000 		.4byte	.LCFI18
 1514 0160 2C020000 		.4byte	.LFE6
 1515 0164 0200     		.2byte	0x2
 1516 0166 77       		.byte	0x77
 1517 0167 10       		.sleb128 16
 1518 0168 00000000 		.4byte	0
 1519 016c 00000000 		.4byte	0
 1520              		.section	.debug_aranges,"",%progbits
 1521 0000 4C000000 		.4byte	0x4c
 1522 0004 0200     		.2byte	0x2
 1523 0006 00000000 		.4byte	.Ldebug_info0
 1524 000a 04       		.byte	0x4
 1525 000b 00       		.byte	0
 1526 000c 0000     		.2byte	0
 1527 000e 0000     		.2byte	0
 1528 0010 00000000 		.4byte	.LFB0
 1529 0014 1E000000 		.4byte	.LFE0-.LFB0
 1530 0018 00000000 		.4byte	.LFB1
 1531 001c 22000000 		.4byte	.LFE1-.LFB1
 1532 0020 00000000 		.4byte	.LFB2
 1533 0024 22000000 		.4byte	.LFE2-.LFB2
 1534 0028 00000000 		.4byte	.LFB3
 1535 002c B0000000 		.4byte	.LFE3-.LFB3
 1536 0030 B0000000 		.4byte	.LFB4
 1537 0034 84000000 		.4byte	.LFE4-.LFB4
 1538 0038 00000000 		.4byte	.LFB5
 1539 003c 08000000 		.4byte	.LFE5-.LFB5
 1540 0040 34010000 		.4byte	.LFB6
 1541 0044 F8000000 		.4byte	.LFE6-.LFB6
 1542 0048 00000000 		.4byte	0
 1543 004c 00000000 		.4byte	0
 1544              		.section	.debug_ranges,"",%progbits
 1545              	.Ldebug_ranges0:
 1546 0000 00000000 		.4byte	.LFB0
 1547 0004 1E000000 		.4byte	.LFE0
 1548 0008 00000000 		.4byte	.LFB1
ARM GAS  C:\Users\CHUCK~1.ERH\AppData\Local\Temp\ccxaEy0f.s 			page 34


 1549 000c 22000000 		.4byte	.LFE1
 1550 0010 00000000 		.4byte	.LFB2
 1551 0014 22000000 		.4byte	.LFE2
 1552 0018 00000000 		.4byte	.LFB3
 1553 001c B0000000 		.4byte	.LFE3
 1554 0020 B0000000 		.4byte	.LFB4
 1555 0024 34010000 		.4byte	.LFE4
 1556 0028 00000000 		.4byte	.LFB5
 1557 002c 08000000 		.4byte	.LFE5
 1558 0030 34010000 		.4byte	.LFB6
 1559 0034 2C020000 		.4byte	.LFE6
 1560 0038 00000000 		.4byte	0
 1561 003c 00000000 		.4byte	0
 1562              		.section	.debug_line,"",%progbits
 1563              	.Ldebug_line0:
 1564 0000 7F010000 		.section	.debug_str,"MS",%progbits,1
 1564      0200D700 
 1564      00000201 
 1564      FB0E0D00 
 1564      01010101 
 1565              	.LASF19:
 1566 0000 72656733 		.ascii	"reg32\000"
 1566      3200
 1567              	.LASF11:
 1568 0006 73697A65 		.ascii	"size_t\000"
 1568      5F7400
 1569              	.LASF38:
 1570 000d 416E616C 		.ascii	"AnalogSetDefault\000"
 1570      6F675365 
 1570      74446566 
 1570      61756C74 
 1570      00
 1571              	.LASF29:
 1572 001e 696D6F5F 		.ascii	"imo_trim_entry_t\000"
 1572      7472696D 
 1572      5F656E74 
 1572      72795F74 
 1572      00
 1573              	.LASF42:
 1574 002f 6366675F 		.ascii	"cfg_memset_list\000"
 1574      6D656D73 
 1574      65745F6C 
 1574      69737400 
 1575              	.LASF37:
 1576 003f 436C6F63 		.ascii	"ClockSetup\000"
 1576      6B536574 
 1576      757000
 1577              	.LASF28:
 1578 004a 746D7063 		.ascii	"tmpco\000"
 1578      6F00
 1579              	.LASF3:
 1580 0050 73686F72 		.ascii	"short unsigned int\000"
 1580      7420756E 
 1580      7369676E 
 1580      65642069 
 1580      6E7400
 1581              	.LASF2:
ARM GAS  C:\Users\CHUCK~1.ERH\AppData\Local\Temp\ccxaEy0f.s 			page 35


 1582 0063 73686F72 		.ascii	"short int\000"
 1582      7420696E 
 1582      7400
 1583              	.LASF24:
 1584 006d 53657449 		.ascii	"SetIMOBGTrims\000"
 1584      4D4F4247 
 1584      5472696D 
 1584      7300
 1585              	.LASF16:
 1586 007b 666C6F61 		.ascii	"float\000"
 1586      7400
 1587              	.LASF34:
 1588 0081 696D6F54 		.ascii	"imoTrimIndex\000"
 1588      72696D49 
 1588      6E646578 
 1588      00
 1589              	.LASF22:
 1590 008e 64657374 		.ascii	"dest\000"
 1590      00
 1591              	.LASF40:
 1592 0093 73697A65 		.ascii	"size\000"
 1592      00
 1593              	.LASF18:
 1594 0098 72656738 		.ascii	"reg8\000"
 1594      00
 1595              	.LASF9:
 1596 009d 6C6F6E67 		.ascii	"long unsigned int\000"
 1596      20756E73 
 1596      69676E65 
 1596      6420696E 
 1596      7400
 1597              	.LASF15:
 1598 00af 696E7433 		.ascii	"int32\000"
 1598      3200
 1599              	.LASF20:
 1600 00b5 43594D45 		.ascii	"CYMEMZERO\000"
 1600      4D5A4552 
 1600      4F00
 1601              	.LASF1:
 1602 00bf 756E7369 		.ascii	"unsigned char\000"
 1602      676E6564 
 1602      20636861 
 1602      7200
 1603              	.LASF17:
 1604 00cd 646F7562 		.ascii	"double\000"
 1604      6C6500
 1605              	.LASF25:
 1606 00d4 696D6F46 		.ascii	"imoFreq\000"
 1606      72657100 
 1607              	.LASF33:
 1608 00dc 494D4F5F 		.ascii	"IMO_TRIM_FREQ_TABLE_ENTRIES\000"
 1608      5452494D 
 1608      5F465245 
 1608      515F5441 
 1608      424C455F 
 1609              	.LASF13:
 1610 00f8 75696E74 		.ascii	"uint16\000"
ARM GAS  C:\Users\CHUCK~1.ERH\AppData\Local\Temp\ccxaEy0f.s 			page 36


 1610      313600
 1611              	.LASF14:
 1612 00ff 75696E74 		.ascii	"uint32\000"
 1612      333200
 1613              	.LASF4:
 1614 0106 756E7369 		.ascii	"unsigned int\000"
 1614      676E6564 
 1614      20696E74 
 1614      00
 1615              	.LASF46:
 1616 0113 63796669 		.ascii	"cyfitter_cfg\000"
 1616      74746572 
 1616      5F636667 
 1616      00
 1617              	.LASF39:
 1618 0120 61646472 		.ascii	"address\000"
 1618      65737300 
 1619              	.LASF6:
 1620 0128 6C6F6E67 		.ascii	"long long unsigned int\000"
 1620      206C6F6E 
 1620      6720756E 
 1620      7369676E 
 1620      65642069 
 1621              	.LASF31:
 1622 013f 696D6F5F 		.ascii	"imo_trim_table_t\000"
 1622      7472696D 
 1622      5F746162 
 1622      6C655F74 
 1622      00
 1623              	.LASF41:
 1624 0150 6366675F 		.ascii	"cfg_memset_t\000"
 1624      6D656D73 
 1624      65745F74 
 1624      00
 1625              	.LASF44:
 1626 015d 2E5C4765 		.ascii	".\\Generated_Source\\PSoC4\\cyfitter_cfg.c\000"
 1626      6E657261 
 1626      7465645F 
 1626      536F7572 
 1626      63655C50 
 1627              	.LASF8:
 1628 0185 73697A65 		.ascii	"sizetype\000"
 1628      74797065 
 1628      00
 1629              	.LASF36:
 1630 018e 73657454 		.ascii	"setTmpCo\000"
 1630      6D70436F 
 1630      00
 1631              	.LASF5:
 1632 0197 6C6F6E67 		.ascii	"long long int\000"
 1632      206C6F6E 
 1632      6720696E 
 1632      7400
 1633              	.LASF10:
 1634 01a5 63686172 		.ascii	"char\000"
 1634      00
 1635              	.LASF27:
ARM GAS  C:\Users\CHUCK~1.ERH\AppData\Local\Temp\ccxaEy0f.s 			page 37


 1636 01aa 6162736F 		.ascii	"absolute\000"
 1636      6C757465 
 1636      00
 1637              	.LASF45:
 1638 01b3 433A5C55 		.ascii	"C:\\Users\\chuck.erhardt\\Documents\\PSoC Creator\\"
 1638      73657273 
 1638      5C636875 
 1638      636B2E65 
 1638      72686172 
 1639 01e1 57353130 		.ascii	"W5100_Example1\\W5100_Exampl 1-PSoC_Pioneer.cydsn\000"
 1639      305F4578 
 1639      616D706C 
 1639      65315C57 
 1639      35313030 
 1640              	.LASF26:
 1641 0212 66726571 		.ascii	"freq\000"
 1641      00
 1642              	.LASF12:
 1643 0217 75696E74 		.ascii	"uint8\000"
 1643      3800
 1644              	.LASF43:
 1645 021d 474E5520 		.ascii	"GNU C 4.7.3 20130312 (release) [ARM/embedded-4_7-br"
 1645      4320342E 
 1645      372E3320 
 1645      32303133 
 1645      30333132 
 1646 0250 616E6368 		.ascii	"anch revision 196615]\000"
 1646      20726576 
 1646      6973696F 
 1646      6E203139 
 1646      36363135 
 1647              	.LASF32:
 1648 0266 696D6F5F 		.ascii	"imo_trim_table\000"
 1648      7472696D 
 1648      5F746162 
 1648      6C6500
 1649              	.LASF7:
 1650 0275 6C6F6E67 		.ascii	"long int\000"
 1650      20696E74 
 1650      00
 1651              	.LASF30:
 1652 027e 656E7472 		.ascii	"entries\000"
 1652      69657300 
 1653              	.LASF35:
 1654 0286 73657441 		.ascii	"setAbs\000"
 1654      627300
 1655              	.LASF0:
 1656 028d 7369676E 		.ascii	"signed char\000"
 1656      65642063 
 1656      68617200 
 1657              	.LASF23:
 1658 0299 4359434F 		.ascii	"CYCONFIGCPYCODE\000"
 1658      4E464947 
 1658      43505943 
 1658      4F444500 
 1659              	.LASF21:
 1660 02a9 4359434F 		.ascii	"CYCONFIGCPY\000"
ARM GAS  C:\Users\CHUCK~1.ERH\AppData\Local\Temp\ccxaEy0f.s 			page 38


 1660      4E464947 
 1660      43505900 
 1661              		.ident	"GCC: (GNU Tools for ARM Embedded Processors) 4.7.3 20130312 (release) [ARM/embedded-4_7-br
