Archive member included because of file (symbol)

.\CortexM0\ARM_GCC_473\Debug\W5100_Exampl 1-PSoC_Pioneer.a(cyfitter_cfg.o)
                              .\CortexM0\ARM_GCC_473\Debug\Cm0Start.o (cyfitter_cfg)
.\CortexM0\ARM_GCC_473\Debug\W5100_Exampl 1-PSoC_Pioneer.a(SPI.o)
                              .\CortexM0\ARM_GCC_473\Debug\main.o (SPI_Start)
.\CortexM0\ARM_GCC_473\Debug\W5100_Exampl 1-PSoC_Pioneer.a(SPI_SPI.o)
                              .\CortexM0\ARM_GCC_473\Debug\W5100_Exampl 1-PSoC_Pioneer.a(SPI.o) (SPI_SpiInit)
.\CortexM0\ARM_GCC_473\Debug\W5100_Exampl 1-PSoC_Pioneer.a(W5100.o)
                              .\CortexM0\ARM_GCC_473\Debug\main.o (W5100_SocketClose)
.\CortexM0\ARM_GCC_473\Debug\W5100_Exampl 1-PSoC_Pioneer.a(SPI_ss1_m.o)
                              .\CortexM0\ARM_GCC_473\Debug\W5100_Exampl 1-PSoC_Pioneer.a(W5100.o) (SPI_ss1_m_Read)
.\CortexM0\ARM_GCC_473\Debug\W5100_Exampl 1-PSoC_Pioneer.a(CyLib.o)
                              .\CortexM0\ARM_GCC_473\Debug\W5100_Exampl 1-PSoC_Pioneer.a(cyfitter_cfg.o) (CyDelayUs)
.\CortexM0\ARM_GCC_473\Debug\W5100_Exampl 1-PSoC_Pioneer.a(SPI_SPI_UART.o)
                              .\CortexM0\ARM_GCC_473\Debug\W5100_Exampl 1-PSoC_Pioneer.a(W5100.o) (SPI_SpiUartReadRxData)
.\CortexM0\ARM_GCC_473\Debug\W5100_Exampl 1-PSoC_Pioneer.a(CyBootAsmGnu.o)
                              .\CortexM0\ARM_GCC_473\Debug\W5100_Exampl 1-PSoC_Pioneer.a(CyLib.o) (CyDelayCycles)
c:/program files (x86)/cypress/psoc creator/3.0/psoc creator/import/gnu_cs/arm/4.7.3/bin/../lib/gcc/arm-none-eabi/4.7.3/armv6-m\libgcc.a(_udivsi3.o)
                              .\CortexM0\ARM_GCC_473\Debug\W5100_Exampl 1-PSoC_Pioneer.a(CyLib.o) (__aeabi_uidiv)
c:/program files (x86)/cypress/psoc creator/3.0/psoc creator/import/gnu_cs/arm/4.7.3/bin/../lib/gcc/arm-none-eabi/4.7.3/armv6-m\libgcc.a(_divsi3.o)
                              .\CortexM0\ARM_GCC_473\Debug\Cm0Start.o (__aeabi_idiv)
c:/program files (x86)/cypress/psoc creator/3.0/psoc creator/import/gnu_cs/arm/4.7.3/bin/../lib/gcc/arm-none-eabi/4.7.3/armv6-m\libgcc.a(_dvmd_tls.o)
                              c:/program files (x86)/cypress/psoc creator/3.0/psoc creator/import/gnu_cs/arm/4.7.3/bin/../lib/gcc/arm-none-eabi/4.7.3/armv6-m\libgcc.a(_udivsi3.o) (__aeabi_idiv0)
c:/program files (x86)/cypress/psoc creator/3.0/psoc creator/import/gnu_cs/arm/4.7.3/bin/../lib/gcc/arm-none-eabi/4.7.3/../../../../arm-none-eabi/lib/armv6-m\libc_s.a(lib_a-__atexit2.o)
                              c:/program files (x86)/cypress/psoc creator/3.0/psoc creator/import/gnu_cs/arm/4.7.3/bin/../lib/gcc/arm-none-eabi/4.7.3/../../../../arm-none-eabi/lib/armv6-m/crt0.o (__register_exitproc)
c:/program files (x86)/cypress/psoc creator/3.0/psoc creator/import/gnu_cs/arm/4.7.3/bin/../lib/gcc/arm-none-eabi/4.7.3/../../../../arm-none-eabi/lib/armv6-m\libc_s.a(lib_a-exit.o)
                              c:/program files (x86)/cypress/psoc creator/3.0/psoc creator/import/gnu_cs/arm/4.7.3/bin/../lib/gcc/arm-none-eabi/4.7.3/../../../../arm-none-eabi/lib/armv6-m/crt0.o (exit)
c:/program files (x86)/cypress/psoc creator/3.0/psoc creator/import/gnu_cs/arm/4.7.3/bin/../lib/gcc/arm-none-eabi/4.7.3/../../../../arm-none-eabi/lib/armv6-m\libc_s.a(lib_a-fini.o)
                              c:/program files (x86)/cypress/psoc creator/3.0/psoc creator/import/gnu_cs/arm/4.7.3/bin/../lib/gcc/arm-none-eabi/4.7.3/../../../../arm-none-eabi/lib/armv6-m/crt0.o (__libc_fini_array)
c:/program files (x86)/cypress/psoc creator/3.0/psoc creator/import/gnu_cs/arm/4.7.3/bin/../lib/gcc/arm-none-eabi/4.7.3/../../../../arm-none-eabi/lib/armv6-m\libc_s.a(lib_a-impure.o)
                              c:/program files (x86)/cypress/psoc creator/3.0/psoc creator/import/gnu_cs/arm/4.7.3/bin/../lib/gcc/arm-none-eabi/4.7.3/../../../../arm-none-eabi/lib/armv6-m\libc_s.a(lib_a-exit.o) (_global_impure_ptr)
c:/program files (x86)/cypress/psoc creator/3.0/psoc creator/import/gnu_cs/arm/4.7.3/bin/../lib/gcc/arm-none-eabi/4.7.3/../../../../arm-none-eabi/lib/armv6-m\libc_s.a(lib_a-init.o)
                              c:/program files (x86)/cypress/psoc creator/3.0/psoc creator/import/gnu_cs/arm/4.7.3/bin/../lib/gcc/arm-none-eabi/4.7.3/../../../../arm-none-eabi/lib/armv6-m/crt0.o (__libc_init_array)
c:/program files (x86)/cypress/psoc creator/3.0/psoc creator/import/gnu_cs/arm/4.7.3/bin/../lib/gcc/arm-none-eabi/4.7.3/../../../../arm-none-eabi/lib/armv6-m\libc_s.a(lib_a-memcpy.o)
                              .\CortexM0\ARM_GCC_473\Debug\W5100_Exampl 1-PSoC_Pioneer.a(cyfitter_cfg.o) (memcpy)
c:/program files (x86)/cypress/psoc creator/3.0/psoc creator/import/gnu_cs/arm/4.7.3/bin/../lib/gcc/arm-none-eabi/4.7.3/../../../../arm-none-eabi/lib/armv6-m\libc_s.a(lib_a-memset.o)
                              c:/program files (x86)/cypress/psoc creator/3.0/psoc creator/import/gnu_cs/arm/4.7.3/bin/../lib/gcc/arm-none-eabi/4.7.3/../../../../arm-none-eabi/lib/armv6-m/crt0.o (memset)
c:/program files (x86)/cypress/psoc creator/3.0/psoc creator/import/gnu_cs/arm/4.7.3/bin/../lib/gcc/arm-none-eabi/4.7.3/../../../../arm-none-eabi/lib/armv6-m\libc_s.a(lib_a-strlen.o)
                              .\CortexM0\ARM_GCC_473\Debug\W5100_Exampl 1-PSoC_Pioneer.a(W5100.o) (strlen)

Discarded input sections

 .text          0x00000000        0x0 c:/program files (x86)/cypress/psoc creator/3.0/psoc creator/import/gnu_cs/arm/4.7.3/bin/../lib/gcc/arm-none-eabi/4.7.3/armv6-m/crti.o
 .data          0x00000000        0x0 c:/program files (x86)/cypress/psoc creator/3.0/psoc creator/import/gnu_cs/arm/4.7.3/bin/../lib/gcc/arm-none-eabi/4.7.3/armv6-m/crti.o
 .bss           0x00000000        0x0 c:/program files (x86)/cypress/psoc creator/3.0/psoc creator/import/gnu_cs/arm/4.7.3/bin/../lib/gcc/arm-none-eabi/4.7.3/armv6-m/crti.o
 .data          0x00000000        0x4 c:/program files (x86)/cypress/psoc creator/3.0/psoc creator/import/gnu_cs/arm/4.7.3/bin/../lib/gcc/arm-none-eabi/4.7.3/armv6-m/crtbegin.o
 .text          0x00000000       0x74 c:/program files (x86)/cypress/psoc creator/3.0/psoc creator/import/gnu_cs/arm/4.7.3/bin/../lib/gcc/arm-none-eabi/4.7.3/../../../../arm-none-eabi/lib/armv6-m/crt0.o
 .data          0x00000000        0x0 c:/program files (x86)/cypress/psoc creator/3.0/psoc creator/import/gnu_cs/arm/4.7.3/bin/../lib/gcc/arm-none-eabi/4.7.3/../../../../arm-none-eabi/lib/armv6-m/crt0.o
 .bss           0x00000000        0x0 c:/program files (x86)/cypress/psoc creator/3.0/psoc creator/import/gnu_cs/arm/4.7.3/bin/../lib/gcc/arm-none-eabi/4.7.3/../../../../arm-none-eabi/lib/armv6-m/crt0.o
 .ARM.extab     0x00000000        0x0 c:/program files (x86)/cypress/psoc creator/3.0/psoc creator/import/gnu_cs/arm/4.7.3/bin/../lib/gcc/arm-none-eabi/4.7.3/../../../../arm-none-eabi/lib/armv6-m/crt0.o
 .ARM.exidx     0x00000000        0x8 c:/program files (x86)/cypress/psoc creator/3.0/psoc creator/import/gnu_cs/arm/4.7.3/bin/../lib/gcc/arm-none-eabi/4.7.3/../../../../arm-none-eabi/lib/armv6-m/crt0.o
 .text          0x00000000        0x0 .\CortexM0\ARM_GCC_473\Debug\main.o
 .data          0x00000000        0x0 .\CortexM0\ARM_GCC_473\Debug\main.o
 .bss           0x00000000        0x0 .\CortexM0\ARM_GCC_473\Debug\main.o
 .text          0x00000000        0x0 .\CortexM0\ARM_GCC_473\Debug\cymetadata.o
 .data          0x00000000        0x0 .\CortexM0\ARM_GCC_473\Debug\cymetadata.o
 .bss           0x00000000        0x0 .\CortexM0\ARM_GCC_473\Debug\cymetadata.o
 .text          0x00000000        0x0 .\CortexM0\ARM_GCC_473\Debug\Cm0Start.o
 .data          0x00000000        0x0 .\CortexM0\ARM_GCC_473\Debug\Cm0Start.o
 .bss           0x00000000        0x0 .\CortexM0\ARM_GCC_473\Debug\Cm0Start.o
 .text._exit    0x00000000       0x28 .\CortexM0\ARM_GCC_473\Debug\Cm0Start.o
 .text          0x00000000        0x0 .\CortexM0\ARM_GCC_473\Debug\W5100_Exampl 1-PSoC_Pioneer.a(cyfitter_cfg.o)
 .bss           0x00000000        0x0 .\CortexM0\ARM_GCC_473\Debug\W5100_Exampl 1-PSoC_Pioneer.a(cyfitter_cfg.o)
 .text.CYCONFIGCPY
                0x00000000       0x24 .\CortexM0\ARM_GCC_473\Debug\W5100_Exampl 1-PSoC_Pioneer.a(cyfitter_cfg.o)
 .text.CYCONFIGCPYCODE
                0x00000000       0x24 .\CortexM0\ARM_GCC_473\Debug\W5100_Exampl 1-PSoC_Pioneer.a(cyfitter_cfg.o)
 .text          0x00000000        0x0 .\CortexM0\ARM_GCC_473\Debug\W5100_Exampl 1-PSoC_Pioneer.a(SPI.o)
 .data          0x00000000        0x0 .\CortexM0\ARM_GCC_473\Debug\W5100_Exampl 1-PSoC_Pioneer.a(SPI.o)
 .text.SPI_Stop
                0x00000000       0x1c .\CortexM0\ARM_GCC_473\Debug\W5100_Exampl 1-PSoC_Pioneer.a(SPI.o)
 .text.SPI_SetCustomInterruptHandler
                0x00000000       0x18 .\CortexM0\ARM_GCC_473\Debug\W5100_Exampl 1-PSoC_Pioneer.a(SPI.o)
 .text.SPI_ScbModeStop
                0x00000000        0x8 .\CortexM0\ARM_GCC_473\Debug\W5100_Exampl 1-PSoC_Pioneer.a(SPI.o)
 .text          0x00000000        0x0 .\CortexM0\ARM_GCC_473\Debug\W5100_Exampl 1-PSoC_Pioneer.a(SPI_SPI.o)
 .data          0x00000000        0x0 .\CortexM0\ARM_GCC_473\Debug\W5100_Exampl 1-PSoC_Pioneer.a(SPI_SPI.o)
 .bss           0x00000000        0x0 .\CortexM0\ARM_GCC_473\Debug\W5100_Exampl 1-PSoC_Pioneer.a(SPI_SPI.o)
 .text          0x00000000        0x0 .\CortexM0\ARM_GCC_473\Debug\W5100_Exampl 1-PSoC_Pioneer.a(W5100.o)
 .data          0x00000000        0x0 .\CortexM0\ARM_GCC_473\Debug\W5100_Exampl 1-PSoC_Pioneer.a(W5100.o)
 .text.W5100_W51_GetMAC
                0x00000000       0x44 .\CortexM0\ARM_GCC_473\Debug\W5100_Exampl 1-PSoC_Pioneer.a(W5100.o)
 .text.W5100_W51_GetIP
                0x00000000       0x58 .\CortexM0\ARM_GCC_473\Debug\W5100_Exampl 1-PSoC_Pioneer.a(W5100.o)
 .text.W5100_W51_ReadBlock
                0x00000000       0x4c .\CortexM0\ARM_GCC_473\Debug\W5100_Exampl 1-PSoC_Pioneer.a(W5100.o)
 .text.W5100_GetSourceMAC
                0x00000000       0x18 .\CortexM0\ARM_GCC_473\Debug\W5100_Exampl 1-PSoC_Pioneer.a(W5100.o)
 .text.W5100_GetGatewayAddress
                0x00000000       0x14 .\CortexM0\ARM_GCC_473\Debug\W5100_Exampl 1-PSoC_Pioneer.a(W5100.o)
 .text.W5100_GetSubnetMask
                0x00000000       0x14 .\CortexM0\ARM_GCC_473\Debug\W5100_Exampl 1-PSoC_Pioneer.a(W5100.o)
 .text.W5100_GetSourceIP
                0x00000000       0x14 .\CortexM0\ARM_GCC_473\Debug\W5100_Exampl 1-PSoC_Pioneer.a(W5100.o)
 .text.W5100_GetMode
                0x00000000       0x14 .\CortexM0\ARM_GCC_473\Debug\W5100_Exampl 1-PSoC_Pioneer.a(W5100.o)
 .text.W5100_GetIR
                0x00000000       0x14 .\CortexM0\ARM_GCC_473\Debug\W5100_Exampl 1-PSoC_Pioneer.a(W5100.o)
 .text.W5100_SetIMR
                0x00000000       0x20 .\CortexM0\ARM_GCC_473\Debug\W5100_Exampl 1-PSoC_Pioneer.a(W5100.o)
 .text.W5100_GetIMR
                0x00000000       0x14 .\CortexM0\ARM_GCC_473\Debug\W5100_Exampl 1-PSoC_Pioneer.a(W5100.o)
 .text.W5100_SetRetryTime
                0x00000000       0x20 .\CortexM0\ARM_GCC_473\Debug\W5100_Exampl 1-PSoC_Pioneer.a(W5100.o)
 .text.W5100_GetRetryTime
                0x00000000       0x14 .\CortexM0\ARM_GCC_473\Debug\W5100_Exampl 1-PSoC_Pioneer.a(W5100.o)
 .text.W5100_SetRetryCount
                0x00000000       0x20 .\CortexM0\ARM_GCC_473\Debug\W5100_Exampl 1-PSoC_Pioneer.a(W5100.o)
 .text.W5100_GetRetryCount
                0x00000000       0x14 .\CortexM0\ARM_GCC_473\Debug\W5100_Exampl 1-PSoC_Pioneer.a(W5100.o)
 .text.W5100_GetRxMemSize
                0x00000000       0x14 .\CortexM0\ARM_GCC_473\Debug\W5100_Exampl 1-PSoC_Pioneer.a(W5100.o)
 .text.W5100_GetTxMemSize
                0x00000000       0x14 .\CortexM0\ARM_GCC_473\Debug\W5100_Exampl 1-PSoC_Pioneer.a(W5100.o)
 .text.W5100_SetUnreachableIP
                0x00000000       0x18 .\CortexM0\ARM_GCC_473\Debug\W5100_Exampl 1-PSoC_Pioneer.a(W5100.o)
 .text.W5100_GetUnreachableIP
                0x00000000       0x14 .\CortexM0\ARM_GCC_473\Debug\W5100_Exampl 1-PSoC_Pioneer.a(W5100.o)
 .text.W5100_SetUnreachablePort
                0x00000000       0x20 .\CortexM0\ARM_GCC_473\Debug\W5100_Exampl 1-PSoC_Pioneer.a(W5100.o)
 .text.W5100_GetUnreachablePort
                0x00000000       0x14 .\CortexM0\ARM_GCC_473\Debug\W5100_Exampl 1-PSoC_Pioneer.a(W5100.o)
 .text.W5100_GetSocketMode
                0x00000000       0x30 .\CortexM0\ARM_GCC_473\Debug\W5100_Exampl 1-PSoC_Pioneer.a(W5100.o)
 .text.W5100_SetSocketStatus
                0x00000000       0x38 .\CortexM0\ARM_GCC_473\Debug\W5100_Exampl 1-PSoC_Pioneer.a(W5100.o)
 .text.W5100_GetSocketSourcePort
                0x00000000       0x30 .\CortexM0\ARM_GCC_473\Debug\W5100_Exampl 1-PSoC_Pioneer.a(W5100.o)
 .text.W5100_SetSocketDestMAC
                0x00000000       0x34 .\CortexM0\ARM_GCC_473\Debug\W5100_Exampl 1-PSoC_Pioneer.a(W5100.o)
 .text.W5100_GetSocketDestMAC
                0x00000000       0x34 .\CortexM0\ARM_GCC_473\Debug\W5100_Exampl 1-PSoC_Pioneer.a(W5100.o)
 .text.W5100_SetSocketDestIP
                0x00000000       0x34 .\CortexM0\ARM_GCC_473\Debug\W5100_Exampl 1-PSoC_Pioneer.a(W5100.o)
 .text.W5100_GetSocketDestIP
                0x00000000       0x30 .\CortexM0\ARM_GCC_473\Debug\W5100_Exampl 1-PSoC_Pioneer.a(W5100.o)
 .text.W5100_SetSocketDestPort
                0x00000000       0x38 .\CortexM0\ARM_GCC_473\Debug\W5100_Exampl 1-PSoC_Pioneer.a(W5100.o)
 .text.W5100_GetSocketDestPort
                0x00000000       0x30 .\CortexM0\ARM_GCC_473\Debug\W5100_Exampl 1-PSoC_Pioneer.a(W5100.o)
 .text.W5100_SetSocketMaxSegSize
                0x00000000       0x38 .\CortexM0\ARM_GCC_473\Debug\W5100_Exampl 1-PSoC_Pioneer.a(W5100.o)
 .text.W5100_GetSocketMaxSegSize
                0x00000000       0x30 .\CortexM0\ARM_GCC_473\Debug\W5100_Exampl 1-PSoC_Pioneer.a(W5100.o)
 .text.W5100_GetSocketProto
                0x00000000       0x30 .\CortexM0\ARM_GCC_473\Debug\W5100_Exampl 1-PSoC_Pioneer.a(W5100.o)
 .text.W5100_SetSocketTOS
                0x00000000       0x38 .\CortexM0\ARM_GCC_473\Debug\W5100_Exampl 1-PSoC_Pioneer.a(W5100.o)
 .text.W5100_GetSocketTOS
                0x00000000       0x30 .\CortexM0\ARM_GCC_473\Debug\W5100_Exampl 1-PSoC_Pioneer.a(W5100.o)
 .text.W5100_SetSocketTTL
                0x00000000       0x38 .\CortexM0\ARM_GCC_473\Debug\W5100_Exampl 1-PSoC_Pioneer.a(W5100.o)
 .text.W5100_GetSocketTTL
                0x00000000       0x30 .\CortexM0\ARM_GCC_473\Debug\W5100_Exampl 1-PSoC_Pioneer.a(W5100.o)
 .text.W5100_SetSocketTxFree
                0x00000000       0x38 .\CortexM0\ARM_GCC_473\Debug\W5100_Exampl 1-PSoC_Pioneer.a(W5100.o)
 .text.W5100_SetSocketTxReadPtr
                0x00000000       0x38 .\CortexM0\ARM_GCC_473\Debug\W5100_Exampl 1-PSoC_Pioneer.a(W5100.o)
 .text.W5100_GetSocketTxReadPtr
                0x00000000       0x30 .\CortexM0\ARM_GCC_473\Debug\W5100_Exampl 1-PSoC_Pioneer.a(W5100.o)
 .text.W5100_GetSocketRxSize
                0x00000000       0x30 .\CortexM0\ARM_GCC_473\Debug\W5100_Exampl 1-PSoC_Pioneer.a(W5100.o)
 .text.W5100_SetSocketRxReadPtr
                0x00000000       0x38 .\CortexM0\ARM_GCC_473\Debug\W5100_Exampl 1-PSoC_Pioneer.a(W5100.o)
 .text.W5100_GetSocketRxReadPtr
                0x00000000       0x30 .\CortexM0\ARM_GCC_473\Debug\W5100_Exampl 1-PSoC_Pioneer.a(W5100.o)
 .text.W5100_GetRxSize
                0x00000000       0x68 .\CortexM0\ARM_GCC_473\Debug\W5100_Exampl 1-PSoC_Pioneer.a(W5100.o)
 .text.W5100_ProcessRxData
                0x00000000      0x128 .\CortexM0\ARM_GCC_473\Debug\W5100_Exampl 1-PSoC_Pioneer.a(W5100.o)
 .text.W5100_StringMAC
                0x00000000       0xe8 .\CortexM0\ARM_GCC_473\Debug\W5100_Exampl 1-PSoC_Pioneer.a(W5100.o)
 .text.W5100_StringIP
                0x00000000       0xe4 .\CortexM0\ARM_GCC_473\Debug\W5100_Exampl 1-PSoC_Pioneer.a(W5100.o)
 .text.W5100_SetIP
                0x00000000       0x3c .\CortexM0\ARM_GCC_473\Debug\W5100_Exampl 1-PSoC_Pioneer.a(W5100.o)
 .text.W5100_GetIP
                0x00000000       0x10 .\CortexM0\ARM_GCC_473\Debug\W5100_Exampl 1-PSoC_Pioneer.a(W5100.o)
 .text.W5100_SetMAC
                0x00000000       0x18 .\CortexM0\ARM_GCC_473\Debug\W5100_Exampl 1-PSoC_Pioneer.a(W5100.o)
 .text.W5100_GetMAC
                0x00000000       0x18 .\CortexM0\ARM_GCC_473\Debug\W5100_Exampl 1-PSoC_Pioneer.a(W5100.o)
 .text.W5100_SocketProcessConnections
                0x00000000       0x4c .\CortexM0\ARM_GCC_473\Debug\W5100_Exampl 1-PSoC_Pioneer.a(W5100.o)
 .text.W5100_SocketSendMac
                0x00000000       0x84 .\CortexM0\ARM_GCC_473\Debug\W5100_Exampl 1-PSoC_Pioneer.a(W5100.o)
 .text.W5100_SocketRxDataWaiting
                0x00000000       0x20 .\CortexM0\ARM_GCC_473\Debug\W5100_Exampl 1-PSoC_Pioneer.a(W5100.o)
 .text.W5100_TcpConnect
                0x00000000       0xb4 .\CortexM0\ARM_GCC_473\Debug\W5100_Exampl 1-PSoC_Pioneer.a(W5100.o)
 .text.W5100_TcpConnected
                0x00000000       0x20 .\CortexM0\ARM_GCC_473\Debug\W5100_Exampl 1-PSoC_Pioneer.a(W5100.o)
 .text.W5100_TcpReceive
                0x00000000       0x7c .\CortexM0\ARM_GCC_473\Debug\W5100_Exampl 1-PSoC_Pioneer.a(W5100.o)
 .text.W5100_UdpOpen
                0x00000000       0x24 .\CortexM0\ARM_GCC_473\Debug\W5100_Exampl 1-PSoC_Pioneer.a(W5100.o)
 .text.W5100_UdpSend
                0x00000000       0xb0 .\CortexM0\ARM_GCC_473\Debug\W5100_Exampl 1-PSoC_Pioneer.a(W5100.o)
 .text.W5100_UdpReceive
                0x00000000      0x164 .\CortexM0\ARM_GCC_473\Debug\W5100_Exampl 1-PSoC_Pioneer.a(W5100.o)
 .text          0x00000000        0x0 .\CortexM0\ARM_GCC_473\Debug\W5100_Exampl 1-PSoC_Pioneer.a(SPI_ss1_m.o)
 .data          0x00000000        0x0 .\CortexM0\ARM_GCC_473\Debug\W5100_Exampl 1-PSoC_Pioneer.a(SPI_ss1_m.o)
 .bss           0x00000000        0x0 .\CortexM0\ARM_GCC_473\Debug\W5100_Exampl 1-PSoC_Pioneer.a(SPI_ss1_m.o)
 .text.SPI_ss1_m_Write
                0x00000000       0x4c .\CortexM0\ARM_GCC_473\Debug\W5100_Exampl 1-PSoC_Pioneer.a(SPI_ss1_m.o)
 .text.SPI_ss1_m_SetDriveMode
                0x00000000       0x30 .\CortexM0\ARM_GCC_473\Debug\W5100_Exampl 1-PSoC_Pioneer.a(SPI_ss1_m.o)
 .text.SPI_ss1_m_ReadDataReg
                0x00000000       0x1c .\CortexM0\ARM_GCC_473\Debug\W5100_Exampl 1-PSoC_Pioneer.a(SPI_ss1_m.o)
 .text.SPI_ss1_m_ClearInterrupt
                0x00000000       0x30 .\CortexM0\ARM_GCC_473\Debug\W5100_Exampl 1-PSoC_Pioneer.a(SPI_ss1_m.o)
 .text          0x00000000        0x0 .\CortexM0\ARM_GCC_473\Debug\W5100_Exampl 1-PSoC_Pioneer.a(CyLib.o)
 .bss           0x00000000        0x0 .\CortexM0\ARM_GCC_473\Debug\W5100_Exampl 1-PSoC_Pioneer.a(CyLib.o)
 .text.CySysClkImoStart
                0x00000000       0x1c .\CortexM0\ARM_GCC_473\Debug\W5100_Exampl 1-PSoC_Pioneer.a(CyLib.o)
 .text.CySysClkImoStop
                0x00000000       0x18 .\CortexM0\ARM_GCC_473\Debug\W5100_Exampl 1-PSoC_Pioneer.a(CyLib.o)
 .text.CySysClkIloStart
                0x00000000       0x1c .\CortexM0\ARM_GCC_473\Debug\W5100_Exampl 1-PSoC_Pioneer.a(CyLib.o)
 .text.CySysClkIloStop
                0x00000000       0x18 .\CortexM0\ARM_GCC_473\Debug\W5100_Exampl 1-PSoC_Pioneer.a(CyLib.o)
 .text.CySysClkWriteHfclkDirect
                0x00000000       0x44 .\CortexM0\ARM_GCC_473\Debug\W5100_Exampl 1-PSoC_Pioneer.a(CyLib.o)
 .text.CySysClkWriteSysclkDiv
                0x00000000       0x44 .\CortexM0\ARM_GCC_473\Debug\W5100_Exampl 1-PSoC_Pioneer.a(CyLib.o)
 .text.CySysClkWriteImoFreq
                0x00000000      0x200 .\CortexM0\ARM_GCC_473\Debug\W5100_Exampl 1-PSoC_Pioneer.a(CyLib.o)
 .text.CySysWdtLock
                0x00000000       0x44 .\CortexM0\ARM_GCC_473\Debug\W5100_Exampl 1-PSoC_Pioneer.a(CyLib.o)
 .text.CySysWdtUnlock
                0x00000000       0x5c .\CortexM0\ARM_GCC_473\Debug\W5100_Exampl 1-PSoC_Pioneer.a(CyLib.o)
 .text.CySysWdtReadEnabledStatus
                0x00000000       0x30 .\CortexM0\ARM_GCC_473\Debug\W5100_Exampl 1-PSoC_Pioneer.a(CyLib.o)
 .text.CySysWdtWriteMode
                0x00000000       0x70 .\CortexM0\ARM_GCC_473\Debug\W5100_Exampl 1-PSoC_Pioneer.a(CyLib.o)
 .text.CySysWdtReadMode
                0x00000000       0x24 .\CortexM0\ARM_GCC_473\Debug\W5100_Exampl 1-PSoC_Pioneer.a(CyLib.o)
 .text.CySysWdtWriteClearOnMatch
                0x00000000       0x68 .\CortexM0\ARM_GCC_473\Debug\W5100_Exampl 1-PSoC_Pioneer.a(CyLib.o)
 .text.CySysWdtReadClearOnMatch
                0x00000000       0x40 .\CortexM0\ARM_GCC_473\Debug\W5100_Exampl 1-PSoC_Pioneer.a(CyLib.o)
 .text.CySysWdtEnable
                0x00000000       0x30 .\CortexM0\ARM_GCC_473\Debug\W5100_Exampl 1-PSoC_Pioneer.a(CyLib.o)
 .text.CySysWdtDisable
                0x00000000       0x30 .\CortexM0\ARM_GCC_473\Debug\W5100_Exampl 1-PSoC_Pioneer.a(CyLib.o)
 .text.CySysWdtWriteCascade
                0x00000000       0x68 .\CortexM0\ARM_GCC_473\Debug\W5100_Exampl 1-PSoC_Pioneer.a(CyLib.o)
 .text.CySysWdtReadCascade
                0x00000000       0x1c .\CortexM0\ARM_GCC_473\Debug\W5100_Exampl 1-PSoC_Pioneer.a(CyLib.o)
 .text.CySysWdtWriteMatch
                0x00000000       0x74 .\CortexM0\ARM_GCC_473\Debug\W5100_Exampl 1-PSoC_Pioneer.a(CyLib.o)
 .text.CySysWdtWriteToggleBit
                0x00000000       0x54 .\CortexM0\ARM_GCC_473\Debug\W5100_Exampl 1-PSoC_Pioneer.a(CyLib.o)
 .text.CySysWdtReadToggleBit
                0x00000000       0x18 .\CortexM0\ARM_GCC_473\Debug\W5100_Exampl 1-PSoC_Pioneer.a(CyLib.o)
 .text.CySysWdtReadMatch
                0x00000000       0x44 .\CortexM0\ARM_GCC_473\Debug\W5100_Exampl 1-PSoC_Pioneer.a(CyLib.o)
 .text.CySysWdtReadCount
                0x00000000       0x54 .\CortexM0\ARM_GCC_473\Debug\W5100_Exampl 1-PSoC_Pioneer.a(CyLib.o)
 .text.CySysWdtGetInterruptSource
                0x00000000       0x1c .\CortexM0\ARM_GCC_473\Debug\W5100_Exampl 1-PSoC_Pioneer.a(CyLib.o)
 .text.CySysWdtClearInterrupt
                0x00000000       0xb8 .\CortexM0\ARM_GCC_473\Debug\W5100_Exampl 1-PSoC_Pioneer.a(CyLib.o)
 .text.CySysWdtResetCounters
                0x00000000       0x38 .\CortexM0\ARM_GCC_473\Debug\W5100_Exampl 1-PSoC_Pioneer.a(CyLib.o)
 .text.CySysLvdEnable
                0x00000000       0x48 .\CortexM0\ARM_GCC_473\Debug\W5100_Exampl 1-PSoC_Pioneer.a(CyLib.o)
 .text.CySysLvdDisable
                0x00000000       0x28 .\CortexM0\ARM_GCC_473\Debug\W5100_Exampl 1-PSoC_Pioneer.a(CyLib.o)
 .text.CySysLvdGetInterruptSource
                0x00000000       0x18 .\CortexM0\ARM_GCC_473\Debug\W5100_Exampl 1-PSoC_Pioneer.a(CyLib.o)
 .text.CySysLvdClearInterrupt
                0x00000000       0x14 .\CortexM0\ARM_GCC_473\Debug\W5100_Exampl 1-PSoC_Pioneer.a(CyLib.o)
 .text.CySysGetResetReason
                0x00000000       0x30 .\CortexM0\ARM_GCC_473\Debug\W5100_Exampl 1-PSoC_Pioneer.a(CyLib.o)
 .text.CyDisableInts
                0x00000000       0x24 .\CortexM0\ARM_GCC_473\Debug\W5100_Exampl 1-PSoC_Pioneer.a(CyLib.o)
 .text.CyEnableInts
                0x00000000       0x18 .\CortexM0\ARM_GCC_473\Debug\W5100_Exampl 1-PSoC_Pioneer.a(CyLib.o)
 .text.CyIntSetSysVector
                0x00000000       0x48 .\CortexM0\ARM_GCC_473\Debug\W5100_Exampl 1-PSoC_Pioneer.a(CyLib.o)
 .text.CyIntGetSysVector
                0x00000000       0x34 .\CortexM0\ARM_GCC_473\Debug\W5100_Exampl 1-PSoC_Pioneer.a(CyLib.o)
 .text.CyIntSetVector
                0x00000000       0x4c .\CortexM0\ARM_GCC_473\Debug\W5100_Exampl 1-PSoC_Pioneer.a(CyLib.o)
 .text.CyIntGetVector
                0x00000000       0x38 .\CortexM0\ARM_GCC_473\Debug\W5100_Exampl 1-PSoC_Pioneer.a(CyLib.o)
 .text.CyIntSetPriority
                0x00000000       0xa8 .\CortexM0\ARM_GCC_473\Debug\W5100_Exampl 1-PSoC_Pioneer.a(CyLib.o)
 .text.CyIntGetPriority
                0x00000000       0x58 .\CortexM0\ARM_GCC_473\Debug\W5100_Exampl 1-PSoC_Pioneer.a(CyLib.o)
 .text.CyIntEnable
                0x00000000       0x2c .\CortexM0\ARM_GCC_473\Debug\W5100_Exampl 1-PSoC_Pioneer.a(CyLib.o)
 .text.CyIntGetState
                0x00000000       0x34 .\CortexM0\ARM_GCC_473\Debug\W5100_Exampl 1-PSoC_Pioneer.a(CyLib.o)
 .text.CyIntDisable
                0x00000000       0x2c .\CortexM0\ARM_GCC_473\Debug\W5100_Exampl 1-PSoC_Pioneer.a(CyLib.o)
 .text.CyIntSetPending
                0x00000000       0x2c .\CortexM0\ARM_GCC_473\Debug\W5100_Exampl 1-PSoC_Pioneer.a(CyLib.o)
 .text.CyIntClearPending
                0x00000000       0x2c .\CortexM0\ARM_GCC_473\Debug\W5100_Exampl 1-PSoC_Pioneer.a(CyLib.o)
 .text.CyHalt   0x00000000       0x14 .\CortexM0\ARM_GCC_473\Debug\W5100_Exampl 1-PSoC_Pioneer.a(CyLib.o)
 .text.CySoftwareReset
                0x00000000       0x20 .\CortexM0\ARM_GCC_473\Debug\W5100_Exampl 1-PSoC_Pioneer.a(CyLib.o)
 .text.CyDelayFreq
                0x00000000       0x80 .\CortexM0\ARM_GCC_473\Debug\W5100_Exampl 1-PSoC_Pioneer.a(CyLib.o)
 .rodata        0x00000000       0x30 .\CortexM0\ARM_GCC_473\Debug\W5100_Exampl 1-PSoC_Pioneer.a(CyLib.o)
 .text          0x00000000        0x0 .\CortexM0\ARM_GCC_473\Debug\W5100_Exampl 1-PSoC_Pioneer.a(SPI_SPI_UART.o)
 .data          0x00000000        0x0 .\CortexM0\ARM_GCC_473\Debug\W5100_Exampl 1-PSoC_Pioneer.a(SPI_SPI_UART.o)
 .bss           0x00000000        0x0 .\CortexM0\ARM_GCC_473\Debug\W5100_Exampl 1-PSoC_Pioneer.a(SPI_SPI_UART.o)
 .text.SPI_SpiUartPutArray
                0x00000000       0x34 .\CortexM0\ARM_GCC_473\Debug\W5100_Exampl 1-PSoC_Pioneer.a(SPI_SPI_UART.o)
 .text.SPI_SpiUartGetTxBufferSize
                0x00000000       0x20 .\CortexM0\ARM_GCC_473\Debug\W5100_Exampl 1-PSoC_Pioneer.a(SPI_SPI_UART.o)
 .text.SPI_SpiUartClearTxBuffer
                0x00000000       0x2c .\CortexM0\ARM_GCC_473\Debug\W5100_Exampl 1-PSoC_Pioneer.a(SPI_SPI_UART.o)
 .text.SPI_SpiUartDisableIntRx
                0x00000000       0x20 .\CortexM0\ARM_GCC_473\Debug\W5100_Exampl 1-PSoC_Pioneer.a(SPI_SPI_UART.o)
 .text.SPI_SpiUartDisableIntTx
                0x00000000       0x20 .\CortexM0\ARM_GCC_473\Debug\W5100_Exampl 1-PSoC_Pioneer.a(SPI_SPI_UART.o)
 .data          0x00000000        0x0 .\CortexM0\ARM_GCC_473\Debug\W5100_Exampl 1-PSoC_Pioneer.a(CyBootAsmGnu.o)
 .bss           0x00000000        0x0 .\CortexM0\ARM_GCC_473\Debug\W5100_Exampl 1-PSoC_Pioneer.a(CyBootAsmGnu.o)
 .text          0x00000000       0x9c c:/program files (x86)/cypress/psoc creator/3.0/psoc creator/import/gnu_cs/arm/4.7.3/bin/../lib/gcc/arm-none-eabi/4.7.3/armv6-m\libgcc.a(_udivsi3.o)
 .data          0x00000000        0x0 c:/program files (x86)/cypress/psoc creator/3.0/psoc creator/import/gnu_cs/arm/4.7.3/bin/../lib/gcc/arm-none-eabi/4.7.3/armv6-m\libgcc.a(_udivsi3.o)
 .bss           0x00000000        0x0 c:/program files (x86)/cypress/psoc creator/3.0/psoc creator/import/gnu_cs/arm/4.7.3/bin/../lib/gcc/arm-none-eabi/4.7.3/armv6-m\libgcc.a(_udivsi3.o)
 .text          0x00000000       0xc0 c:/program files (x86)/cypress/psoc creator/3.0/psoc creator/import/gnu_cs/arm/4.7.3/bin/../lib/gcc/arm-none-eabi/4.7.3/armv6-m\libgcc.a(_divsi3.o)
 .data          0x00000000        0x0 c:/program files (x86)/cypress/psoc creator/3.0/psoc creator/import/gnu_cs/arm/4.7.3/bin/../lib/gcc/arm-none-eabi/4.7.3/armv6-m\libgcc.a(_divsi3.o)
 .bss           0x00000000        0x0 c:/program files (x86)/cypress/psoc creator/3.0/psoc creator/import/gnu_cs/arm/4.7.3/bin/../lib/gcc/arm-none-eabi/4.7.3/armv6-m\libgcc.a(_divsi3.o)
 .text          0x00000000        0x4 c:/program files (x86)/cypress/psoc creator/3.0/psoc creator/import/gnu_cs/arm/4.7.3/bin/../lib/gcc/arm-none-eabi/4.7.3/armv6-m\libgcc.a(_dvmd_tls.o)
 .data          0x00000000        0x0 c:/program files (x86)/cypress/psoc creator/3.0/psoc creator/import/gnu_cs/arm/4.7.3/bin/../lib/gcc/arm-none-eabi/4.7.3/armv6-m\libgcc.a(_dvmd_tls.o)
 .bss           0x00000000        0x0 c:/program files (x86)/cypress/psoc creator/3.0/psoc creator/import/gnu_cs/arm/4.7.3/bin/../lib/gcc/arm-none-eabi/4.7.3/armv6-m\libgcc.a(_dvmd_tls.o)
 .text          0x00000000        0x0 c:/program files (x86)/cypress/psoc creator/3.0/psoc creator/import/gnu_cs/arm/4.7.3/bin/../lib/gcc/arm-none-eabi/4.7.3/../../../../arm-none-eabi/lib/armv6-m\libc_s.a(lib_a-__atexit2.o)
 .data          0x00000000        0x0 c:/program files (x86)/cypress/psoc creator/3.0/psoc creator/import/gnu_cs/arm/4.7.3/bin/../lib/gcc/arm-none-eabi/4.7.3/../../../../arm-none-eabi/lib/armv6-m\libc_s.a(lib_a-__atexit2.o)
 .bss           0x00000000        0x0 c:/program files (x86)/cypress/psoc creator/3.0/psoc creator/import/gnu_cs/arm/4.7.3/bin/../lib/gcc/arm-none-eabi/4.7.3/../../../../arm-none-eabi/lib/armv6-m\libc_s.a(lib_a-__atexit2.o)
 .text.__register_exitproc
                0x00000000       0x18 c:/program files (x86)/cypress/psoc creator/3.0/psoc creator/import/gnu_cs/arm/4.7.3/bin/../lib/gcc/arm-none-eabi/4.7.3/../../../../arm-none-eabi/lib/armv6-m\libc_s.a(lib_a-__atexit2.o)
 .text          0x00000000        0x0 c:/program files (x86)/cypress/psoc creator/3.0/psoc creator/import/gnu_cs/arm/4.7.3/bin/../lib/gcc/arm-none-eabi/4.7.3/../../../../arm-none-eabi/lib/armv6-m\libc_s.a(lib_a-exit.o)
 .data          0x00000000        0x0 c:/program files (x86)/cypress/psoc creator/3.0/psoc creator/import/gnu_cs/arm/4.7.3/bin/../lib/gcc/arm-none-eabi/4.7.3/../../../../arm-none-eabi/lib/armv6-m\libc_s.a(lib_a-exit.o)
 .bss           0x00000000        0x0 c:/program files (x86)/cypress/psoc creator/3.0/psoc creator/import/gnu_cs/arm/4.7.3/bin/../lib/gcc/arm-none-eabi/4.7.3/../../../../arm-none-eabi/lib/armv6-m\libc_s.a(lib_a-exit.o)
 .text.exit     0x00000000       0x30 c:/program files (x86)/cypress/psoc creator/3.0/psoc creator/import/gnu_cs/arm/4.7.3/bin/../lib/gcc/arm-none-eabi/4.7.3/../../../../arm-none-eabi/lib/armv6-m\libc_s.a(lib_a-exit.o)
 .text          0x00000000        0x0 c:/program files (x86)/cypress/psoc creator/3.0/psoc creator/import/gnu_cs/arm/4.7.3/bin/../lib/gcc/arm-none-eabi/4.7.3/../../../../arm-none-eabi/lib/armv6-m\libc_s.a(lib_a-fini.o)
 .data          0x00000000        0x0 c:/program files (x86)/cypress/psoc creator/3.0/psoc creator/import/gnu_cs/arm/4.7.3/bin/../lib/gcc/arm-none-eabi/4.7.3/../../../../arm-none-eabi/lib/armv6-m\libc_s.a(lib_a-fini.o)
 .bss           0x00000000        0x0 c:/program files (x86)/cypress/psoc creator/3.0/psoc creator/import/gnu_cs/arm/4.7.3/bin/../lib/gcc/arm-none-eabi/4.7.3/../../../../arm-none-eabi/lib/armv6-m\libc_s.a(lib_a-fini.o)
 .text.__libc_fini_array
                0x00000000       0x2c c:/program files (x86)/cypress/psoc creator/3.0/psoc creator/import/gnu_cs/arm/4.7.3/bin/../lib/gcc/arm-none-eabi/4.7.3/../../../../arm-none-eabi/lib/armv6-m\libc_s.a(lib_a-fini.o)
 .text          0x00000000        0x0 c:/program files (x86)/cypress/psoc creator/3.0/psoc creator/import/gnu_cs/arm/4.7.3/bin/../lib/gcc/arm-none-eabi/4.7.3/../../../../arm-none-eabi/lib/armv6-m\libc_s.a(lib_a-impure.o)
 .data          0x00000000        0x0 c:/program files (x86)/cypress/psoc creator/3.0/psoc creator/import/gnu_cs/arm/4.7.3/bin/../lib/gcc/arm-none-eabi/4.7.3/../../../../arm-none-eabi/lib/armv6-m\libc_s.a(lib_a-impure.o)
 .bss           0x00000000        0x0 c:/program files (x86)/cypress/psoc creator/3.0/psoc creator/import/gnu_cs/arm/4.7.3/bin/../lib/gcc/arm-none-eabi/4.7.3/../../../../arm-none-eabi/lib/armv6-m\libc_s.a(lib_a-impure.o)
 .data.impure_data
                0x00000000       0x64 c:/program files (x86)/cypress/psoc creator/3.0/psoc creator/import/gnu_cs/arm/4.7.3/bin/../lib/gcc/arm-none-eabi/4.7.3/../../../../arm-none-eabi/lib/armv6-m\libc_s.a(lib_a-impure.o)
 .data._impure_ptr
                0x00000000        0x4 c:/program files (x86)/cypress/psoc creator/3.0/psoc creator/import/gnu_cs/arm/4.7.3/bin/../lib/gcc/arm-none-eabi/4.7.3/../../../../arm-none-eabi/lib/armv6-m\libc_s.a(lib_a-impure.o)
 .rodata.str1.1
                0x00000000        0x2 c:/program files (x86)/cypress/psoc creator/3.0/psoc creator/import/gnu_cs/arm/4.7.3/bin/../lib/gcc/arm-none-eabi/4.7.3/../../../../arm-none-eabi/lib/armv6-m\libc_s.a(lib_a-impure.o)
 .rodata._global_impure_ptr
                0x00000000        0x4 c:/program files (x86)/cypress/psoc creator/3.0/psoc creator/import/gnu_cs/arm/4.7.3/bin/../lib/gcc/arm-none-eabi/4.7.3/../../../../arm-none-eabi/lib/armv6-m\libc_s.a(lib_a-impure.o)
 .text          0x00000000        0x0 c:/program files (x86)/cypress/psoc creator/3.0/psoc creator/import/gnu_cs/arm/4.7.3/bin/../lib/gcc/arm-none-eabi/4.7.3/../../../../arm-none-eabi/lib/armv6-m\libc_s.a(lib_a-init.o)
 .data          0x00000000        0x0 c:/program files (x86)/cypress/psoc creator/3.0/psoc creator/import/gnu_cs/arm/4.7.3/bin/../lib/gcc/arm-none-eabi/4.7.3/../../../../arm-none-eabi/lib/armv6-m\libc_s.a(lib_a-init.o)
 .bss           0x00000000        0x0 c:/program files (x86)/cypress/psoc creator/3.0/psoc creator/import/gnu_cs/arm/4.7.3/bin/../lib/gcc/arm-none-eabi/4.7.3/../../../../arm-none-eabi/lib/armv6-m\libc_s.a(lib_a-init.o)
 .text          0x00000000        0x0 c:/program files (x86)/cypress/psoc creator/3.0/psoc creator/import/gnu_cs/arm/4.7.3/bin/../lib/gcc/arm-none-eabi/4.7.3/../../../../arm-none-eabi/lib/armv6-m\libc_s.a(lib_a-memcpy.o)
 .data          0x00000000        0x0 c:/program files (x86)/cypress/psoc creator/3.0/psoc creator/import/gnu_cs/arm/4.7.3/bin/../lib/gcc/arm-none-eabi/4.7.3/../../../../arm-none-eabi/lib/armv6-m\libc_s.a(lib_a-memcpy.o)
 .bss           0x00000000        0x0 c:/program files (x86)/cypress/psoc creator/3.0/psoc creator/import/gnu_cs/arm/4.7.3/bin/../lib/gcc/arm-none-eabi/4.7.3/../../../../arm-none-eabi/lib/armv6-m\libc_s.a(lib_a-memcpy.o)
 .text.memcpy   0x00000000       0x12 c:/program files (x86)/cypress/psoc creator/3.0/psoc creator/import/gnu_cs/arm/4.7.3/bin/../lib/gcc/arm-none-eabi/4.7.3/../../../../arm-none-eabi/lib/armv6-m\libc_s.a(lib_a-memcpy.o)
 .text          0x00000000        0x0 c:/program files (x86)/cypress/psoc creator/3.0/psoc creator/import/gnu_cs/arm/4.7.3/bin/../lib/gcc/arm-none-eabi/4.7.3/../../../../arm-none-eabi/lib/armv6-m\libc_s.a(lib_a-memset.o)
 .data          0x00000000        0x0 c:/program files (x86)/cypress/psoc creator/3.0/psoc creator/import/gnu_cs/arm/4.7.3/bin/../lib/gcc/arm-none-eabi/4.7.3/../../../../arm-none-eabi/lib/armv6-m\libc_s.a(lib_a-memset.o)
 .bss           0x00000000        0x0 c:/program files (x86)/cypress/psoc creator/3.0/psoc creator/import/gnu_cs/arm/4.7.3/bin/../lib/gcc/arm-none-eabi/4.7.3/../../../../arm-none-eabi/lib/armv6-m\libc_s.a(lib_a-memset.o)
 .text          0x00000000        0x0 c:/program files (x86)/cypress/psoc creator/3.0/psoc creator/import/gnu_cs/arm/4.7.3/bin/../lib/gcc/arm-none-eabi/4.7.3/../../../../arm-none-eabi/lib/armv6-m\libc_s.a(lib_a-strlen.o)
 .data          0x00000000        0x0 c:/program files (x86)/cypress/psoc creator/3.0/psoc creator/import/gnu_cs/arm/4.7.3/bin/../lib/gcc/arm-none-eabi/4.7.3/../../../../arm-none-eabi/lib/armv6-m\libc_s.a(lib_a-strlen.o)
 .bss           0x00000000        0x0 c:/program files (x86)/cypress/psoc creator/3.0/psoc creator/import/gnu_cs/arm/4.7.3/bin/../lib/gcc/arm-none-eabi/4.7.3/../../../../arm-none-eabi/lib/armv6-m\libc_s.a(lib_a-strlen.o)
 .text          0x00000000        0x0 c:/program files (x86)/cypress/psoc creator/3.0/psoc creator/import/gnu_cs/arm/4.7.3/bin/../lib/gcc/arm-none-eabi/4.7.3/armv6-m/crtend.o
 .data          0x00000000        0x0 c:/program files (x86)/cypress/psoc creator/3.0/psoc creator/import/gnu_cs/arm/4.7.3/bin/../lib/gcc/arm-none-eabi/4.7.3/armv6-m/crtend.o
 .bss           0x00000000        0x0 c:/program files (x86)/cypress/psoc creator/3.0/psoc creator/import/gnu_cs/arm/4.7.3/bin/../lib/gcc/arm-none-eabi/4.7.3/armv6-m/crtend.o
 .text          0x00000000        0x0 c:/program files (x86)/cypress/psoc creator/3.0/psoc creator/import/gnu_cs/arm/4.7.3/bin/../lib/gcc/arm-none-eabi/4.7.3/armv6-m/crtn.o
 .data          0x00000000        0x0 c:/program files (x86)/cypress/psoc creator/3.0/psoc creator/import/gnu_cs/arm/4.7.3/bin/../lib/gcc/arm-none-eabi/4.7.3/armv6-m/crtn.o
 .bss           0x00000000        0x0 c:/program files (x86)/cypress/psoc creator/3.0/psoc creator/import/gnu_cs/arm/4.7.3/bin/../lib/gcc/arm-none-eabi/4.7.3/armv6-m/crtn.o

Memory Configuration

Name             Origin             Length             Attributes
rom              0x00000000         0x00008000         xr
ram              0x20000000         0x00001000         xrw
*default*        0x00000000         0xffffffff

Linker script and memory map

LOAD c:/program files (x86)/cypress/psoc creator/3.0/psoc creator/import/gnu_cs/arm/4.7.3/bin/../lib/gcc/arm-none-eabi/4.7.3/armv6-m/crti.o
LOAD c:/program files (x86)/cypress/psoc creator/3.0/psoc creator/import/gnu_cs/arm/4.7.3/bin/../lib/gcc/arm-none-eabi/4.7.3/armv6-m/crtbegin.o
LOAD c:/program files (x86)/cypress/psoc creator/3.0/psoc creator/import/gnu_cs/arm/4.7.3/bin/../lib/gcc/arm-none-eabi/4.7.3/../../../../arm-none-eabi/lib/armv6-m/crt0.o
START GROUP
LOAD .\CortexM0\ARM_GCC_473\Debug\main.o
LOAD .\CortexM0\ARM_GCC_473\Debug\cymetadata.o
LOAD .\CortexM0\ARM_GCC_473\Debug\Cm0Start.o
LOAD .\CortexM0\ARM_GCC_473\Debug\W5100_Exampl 1-PSoC_Pioneer.a
LOAD C:\Program Files (x86)\Cypress\PSoC Creator\3.0\PSoC Creator\psoc\content\cycomponentlibrary\CyComponentLibrary.cylib\CortexM0\ARM_GCC_473\Debug\CyComponentLibrary.a
END GROUP
START GROUP
LOAD c:/program files (x86)/cypress/psoc creator/3.0/psoc creator/import/gnu_cs/arm/4.7.3/bin/../lib/gcc/arm-none-eabi/4.7.3/armv6-m\libgcc.a
LOAD c:/program files (x86)/cypress/psoc creator/3.0/psoc creator/import/gnu_cs/arm/4.7.3/bin/../lib/gcc/arm-none-eabi/4.7.3/../../../../arm-none-eabi/lib/armv6-m\libc_s.a
END GROUP
LOAD c:/program files (x86)/cypress/psoc creator/3.0/psoc creator/import/gnu_cs/arm/4.7.3/bin/../lib/gcc/arm-none-eabi/4.7.3/armv6-m/crtend.o
LOAD c:/program files (x86)/cypress/psoc creator/3.0/psoc creator/import/gnu_cs/arm/4.7.3/bin/../lib/gcc/arm-none-eabi/4.7.3/armv6-m/crtn.o
START GROUP
LOAD c:/program files (x86)/cypress/psoc creator/3.0/psoc creator/import/gnu_cs/arm/4.7.3/bin/../lib/gcc/arm-none-eabi/4.7.3/armv6-m\libgcc.a
LOAD c:/program files (x86)/cypress/psoc creator/3.0/psoc creator/import/gnu_cs/arm/4.7.3/bin/../lib/gcc/arm-none-eabi/4.7.3/../../../../arm-none-eabi/lib/armv6-m\libc.a
LOAD c:/program files (x86)/cypress/psoc creator/3.0/psoc creator/import/gnu_cs/arm/4.7.3/bin/../lib/gcc/arm-none-eabi/4.7.3/../../../../arm-none-eabi/lib/armv6-m\libnosys.a
END GROUP
                0x00000000                CY_APPL_ORIGIN = 0x0
                0x00000080                CY_FLASH_ROW_SIZE = 0x80
                0x00000001                CY_APPL_NUM = 0x1
                0x00000040                CY_METADATA_SIZE = 0x40
                0x20000128                PROVIDE (__cy_heap_start, _end)
                0x00000001                PROVIDE (__cy_region_num, ((__cy_regions_end - __cy_regions) / 0x10))
                0x20001000                PROVIDE (__cy_stack, (ORIGIN (ram) + 0x1000))
                0x20000c00                PROVIDE (__cy_heap_end, (__cy_stack - 0x400))

.cybootloader   0x00000000        0x0
 *(.cybootloader)
                0x00000000                appl1_start = CY_APPL_ORIGIN?CY_APPL_ORIGIN:ALIGN (CY_FLASH_ROW_SIZE)
                0x00003f80                appl2_start = (appl1_start + ALIGN ((((0x8000 - appl1_start) - (0x2 * CY_FLASH_ROW_SIZE)) / 0x2), CY_FLASH_ROW_SIZE))
                0x00000000                appl_start = (CY_APPL_NUM == 0x1)?appl1_start:appl2_start

.text           0x00000000     0x177c
 CREATE_OBJECT_SYMBOLS
                0x00000000                PROVIDE (__cy_interrupt_vector, RomVectors)
 *(.romvectors)
 .romvectors    0x00000000       0x10 .\CortexM0\ARM_GCC_473\Debug\Cm0Start.o
                0x00000000                RomVectors
                0x00000001                ASSERT ((. != __cy_interrupt_vector), No interrupt vector)
                0x00000001                ASSERT (CY_APPL_ORIGIN?(SIZEOF (.cybootloader) <= CY_APPL_ORIGIN):0x1, Wrong image location)
                0x00000010                PROVIDE (__cy_reset, Reset)
 *(.text.Reset)
 .text.Reset    0x00000010        0x8 .\CortexM0\ARM_GCC_473\Debug\Cm0Start.o
                0x00000010                Reset
                0x00000001                ASSERT ((. != __cy_reset), No reset code)
 *(.psocinit)
 .psocinit      0x00000018      0x22c .\CortexM0\ARM_GCC_473\Debug\W5100_Exampl 1-PSoC_Pioneer.a(cyfitter_cfg.o)
                0x0000014c                cyfitter_cfg
                0x00000244                . = MAX (., 0x100)
 *(.text .text.* .gnu.linkonce.t.*)
 .text          0x00000244       0x60 c:/program files (x86)/cypress/psoc creator/3.0/psoc creator/import/gnu_cs/arm/4.7.3/bin/../lib/gcc/arm-none-eabi/4.7.3/armv6-m/crtbegin.o
 .text.main     0x000002a4       0x64 .\CortexM0\ARM_GCC_473\Debug\main.o
                0x000002a4                main
 .text.IntDefaultHandler
                0x00000308        0x8 .\CortexM0\ARM_GCC_473\Debug\Cm0Start.o
                0x00000308                IntDefaultHandler
 .text.Start_c  0x00000310       0xa4 .\CortexM0\ARM_GCC_473\Debug\Cm0Start.o
                0x00000310                Start_c
 .text.initialize_psoc
                0x000003b4       0x64 .\CortexM0\ARM_GCC_473\Debug\Cm0Start.o
                0x000003b4                initialize_psoc
 .text.CYMEMZERO
                0x00000418       0x20 .\CortexM0\ARM_GCC_473\Debug\W5100_Exampl 1-PSoC_Pioneer.a(cyfitter_cfg.o)
 .text.AnalogSetDefault
                0x00000438        0x8 .\CortexM0\ARM_GCC_473\Debug\W5100_Exampl 1-PSoC_Pioneer.a(cyfitter_cfg.o)
 .text.SPI_Init
                0x00000440        0xc .\CortexM0\ARM_GCC_473\Debug\W5100_Exampl 1-PSoC_Pioneer.a(SPI.o)
                0x00000440                SPI_Init
 .text.SPI_Enable
                0x0000044c       0x20 .\CortexM0\ARM_GCC_473\Debug\W5100_Exampl 1-PSoC_Pioneer.a(SPI.o)
                0x0000044c                SPI_Enable
 .text.SPI_Start
                0x0000046c       0x24 .\CortexM0\ARM_GCC_473\Debug\W5100_Exampl 1-PSoC_Pioneer.a(SPI.o)
                0x0000046c                SPI_Start
 .text.SPI_ScbEnableIntr
                0x00000490        0x8 .\CortexM0\ARM_GCC_473\Debug\W5100_Exampl 1-PSoC_Pioneer.a(SPI.o)
 .text.SPI_SpiInit
                0x00000498       0x8c .\CortexM0\ARM_GCC_473\Debug\W5100_Exampl 1-PSoC_Pioneer.a(SPI_SPI.o)
                0x00000498                SPI_SpiInit
 .text.SPI_SpiSetActiveSlaveSelect
                0x00000524       0x3c .\CortexM0\ARM_GCC_473\Debug\W5100_Exampl 1-PSoC_Pioneer.a(SPI_SPI.o)
                0x00000524                SPI_SpiSetActiveSlaveSelect
 .text.W5100_W51_Select
                0x00000560       0x10 .\CortexM0\ARM_GCC_473\Debug\W5100_Exampl 1-PSoC_Pioneer.a(W5100.o)
 .text.W5100_W51_Write
                0x00000570       0x64 .\CortexM0\ARM_GCC_473\Debug\W5100_Exampl 1-PSoC_Pioneer.a(W5100.o)
                0x00000570                W5100_W51_Write
 .text.W5100_W51_Read
                0x000005d4       0x8c .\CortexM0\ARM_GCC_473\Debug\W5100_Exampl 1-PSoC_Pioneer.a(W5100.o)
                0x000005d4                W5100_W51_Read
 .text.W5100_W51_SetMAC
                0x00000660       0x44 .\CortexM0\ARM_GCC_473\Debug\W5100_Exampl 1-PSoC_Pioneer.a(W5100.o)
 .text.W5100_W51_SetIP
                0x000006a4       0x48 .\CortexM0\ARM_GCC_473\Debug\W5100_Exampl 1-PSoC_Pioneer.a(W5100.o)
 .text.W5100_W51_Write16
                0x000006ec       0x44 .\CortexM0\ARM_GCC_473\Debug\W5100_Exampl 1-PSoC_Pioneer.a(W5100.o)
 .text.W5100_W51_Read16
                0x00000730       0x5c .\CortexM0\ARM_GCC_473\Debug\W5100_Exampl 1-PSoC_Pioneer.a(W5100.o)
 .text.W5100_W51_WriteBlock
                0x0000078c       0x4c .\CortexM0\ARM_GCC_473\Debug\W5100_Exampl 1-PSoC_Pioneer.a(W5100.o)
 .text.W5100_SetSourceMAC
                0x000007d8       0x18 .\CortexM0\ARM_GCC_473\Debug\W5100_Exampl 1-PSoC_Pioneer.a(W5100.o)
 .text.W5100_SetGatewayAddress
                0x000007f0       0x18 .\CortexM0\ARM_GCC_473\Debug\W5100_Exampl 1-PSoC_Pioneer.a(W5100.o)
 .text.W5100_SetSubnetMask
                0x00000808       0x18 .\CortexM0\ARM_GCC_473\Debug\W5100_Exampl 1-PSoC_Pioneer.a(W5100.o)
 .text.W5100_SetSourceIP
                0x00000820       0x18 .\CortexM0\ARM_GCC_473\Debug\W5100_Exampl 1-PSoC_Pioneer.a(W5100.o)
 .text.W5100_SetMode
                0x00000838       0x20 .\CortexM0\ARM_GCC_473\Debug\W5100_Exampl 1-PSoC_Pioneer.a(W5100.o)
 .text.W5100_SetIR
                0x00000858       0x20 .\CortexM0\ARM_GCC_473\Debug\W5100_Exampl 1-PSoC_Pioneer.a(W5100.o)
 .text.W5100_SetRxMemSize
                0x00000878       0x20 .\CortexM0\ARM_GCC_473\Debug\W5100_Exampl 1-PSoC_Pioneer.a(W5100.o)
 .text.W5100_SetTxMemSize
                0x00000898       0x20 .\CortexM0\ARM_GCC_473\Debug\W5100_Exampl 1-PSoC_Pioneer.a(W5100.o)
 .text.W5100_SetSocketMode
                0x000008b8       0x38 .\CortexM0\ARM_GCC_473\Debug\W5100_Exampl 1-PSoC_Pioneer.a(W5100.o)
 .text.W5100_SetSocketCommand
                0x000008f0       0x38 .\CortexM0\ARM_GCC_473\Debug\W5100_Exampl 1-PSoC_Pioneer.a(W5100.o)
 .text.W5100_GetSocketCommand
                0x00000928       0x30 .\CortexM0\ARM_GCC_473\Debug\W5100_Exampl 1-PSoC_Pioneer.a(W5100.o)
 .text.W5100_SetSocketIR
                0x00000958       0x38 .\CortexM0\ARM_GCC_473\Debug\W5100_Exampl 1-PSoC_Pioneer.a(W5100.o)
 .text.W5100_GetSocketIR
                0x00000990       0x30 .\CortexM0\ARM_GCC_473\Debug\W5100_Exampl 1-PSoC_Pioneer.a(W5100.o)
 .text.W5100_GetSocketStatus
                0x000009c0       0x30 .\CortexM0\ARM_GCC_473\Debug\W5100_Exampl 1-PSoC_Pioneer.a(W5100.o)
 .text.W5100_SetSocketSourcePort
                0x000009f0       0x38 .\CortexM0\ARM_GCC_473\Debug\W5100_Exampl 1-PSoC_Pioneer.a(W5100.o)
 .text.W5100_GetSocketTxFree
                0x00000a28       0x30 .\CortexM0\ARM_GCC_473\Debug\W5100_Exampl 1-PSoC_Pioneer.a(W5100.o)
 .text.W5100_SetSocketTxWritePtr
                0x00000a58       0x38 .\CortexM0\ARM_GCC_473\Debug\W5100_Exampl 1-PSoC_Pioneer.a(W5100.o)
 .text.W5100_GetSocketTxWritePtr
                0x00000a90       0x30 .\CortexM0\ARM_GCC_473\Debug\W5100_Exampl 1-PSoC_Pioneer.a(W5100.o)
 .text.W5100_ExecuteSocketCommand
                0x00000ac0       0x50 .\CortexM0\ARM_GCC_473\Debug\W5100_Exampl 1-PSoC_Pioneer.a(W5100.o)
 .text.W5100_GetTxFreeSize
                0x00000b10       0x68 .\CortexM0\ARM_GCC_473\Debug\W5100_Exampl 1-PSoC_Pioneer.a(W5100.o)
 .text.W5100_ProcessTxData
                0x00000b78      0x11c .\CortexM0\ARM_GCC_473\Debug\W5100_Exampl 1-PSoC_Pioneer.a(W5100.o)
 .text.W5100_Init
                0x00000c94       0x84 .\CortexM0\ARM_GCC_473\Debug\W5100_Exampl 1-PSoC_Pioneer.a(W5100.o)
                0x00000c94                W5100_Init
 .text.W5100_Start
                0x00000d18       0x9c .\CortexM0\ARM_GCC_473\Debug\W5100_Exampl 1-PSoC_Pioneer.a(W5100.o)
                0x00000d18                W5100_Start
 .text.W5100_ParseIP
                0x00000db4      0x13c .\CortexM0\ARM_GCC_473\Debug\W5100_Exampl 1-PSoC_Pioneer.a(W5100.o)
                0x00000db4                W5100_ParseIP
 .text.W5100_ParseMAC
                0x00000ef0      0x300 .\CortexM0\ARM_GCC_473\Debug\W5100_Exampl 1-PSoC_Pioneer.a(W5100.o)
                0x00000ef0                W5100_ParseMAC
 .text.W5100_SocketOpen
                0x000011f0      0x110 .\CortexM0\ARM_GCC_473\Debug\W5100_Exampl 1-PSoC_Pioneer.a(W5100.o)
                0x000011f0                W5100_SocketOpen
 .text.W5100_SocketClose
                0x00001300       0x5c .\CortexM0\ARM_GCC_473\Debug\W5100_Exampl 1-PSoC_Pioneer.a(W5100.o)
                0x00001300                W5100_SocketClose
 .text.W5100_SocketEstablished
                0x0000135c       0x28 .\CortexM0\ARM_GCC_473\Debug\W5100_Exampl 1-PSoC_Pioneer.a(W5100.o)
                0x0000135c                W5100_SocketEstablished
 .text.W5100_SocketSend
                0x00001384       0x84 .\CortexM0\ARM_GCC_473\Debug\W5100_Exampl 1-PSoC_Pioneer.a(W5100.o)
 .text.W5100_TcpOpen
                0x00001408       0x24 .\CortexM0\ARM_GCC_473\Debug\W5100_Exampl 1-PSoC_Pioneer.a(W5100.o)
                0x00001408                W5100_TcpOpen
 .text.W5100_TcpStartServer
                0x0000142c       0x28 .\CortexM0\ARM_GCC_473\Debug\W5100_Exampl 1-PSoC_Pioneer.a(W5100.o)
                0x0000142c                W5100_TcpStartServer
 .text.W5100_TcpStartServerWait
                0x00001454       0x34 .\CortexM0\ARM_GCC_473\Debug\W5100_Exampl 1-PSoC_Pioneer.a(W5100.o)
                0x00001454                W5100_TcpStartServerWait
 .text.W5100_TcpDisconnect
                0x00001488       0x20 .\CortexM0\ARM_GCC_473\Debug\W5100_Exampl 1-PSoC_Pioneer.a(W5100.o)
                0x00001488                W5100_TcpDisconnect
 .text.W5100_TcpSend
                0x000014a8       0xf0 .\CortexM0\ARM_GCC_473\Debug\W5100_Exampl 1-PSoC_Pioneer.a(W5100.o)
                0x000014a8                W5100_TcpSend
 .text.W5100_TcpPrint
                0x00001598       0x30 .\CortexM0\ARM_GCC_473\Debug\W5100_Exampl 1-PSoC_Pioneer.a(W5100.o)
                0x00001598                W5100_TcpPrint
 .text.SPI_ss1_m_Read
                0x000015c8       0x1c .\CortexM0\ARM_GCC_473\Debug\W5100_Exampl 1-PSoC_Pioneer.a(SPI_ss1_m.o)
                0x000015c8                SPI_ss1_m_Read
 .text.CyDelay  0x000015e4       0x48 .\CortexM0\ARM_GCC_473\Debug\W5100_Exampl 1-PSoC_Pioneer.a(CyLib.o)
                0x000015e4                CyDelay
 .text.CyDelayUs
                0x0000162c       0x28 .\CortexM0\ARM_GCC_473\Debug\W5100_Exampl 1-PSoC_Pioneer.a(CyLib.o)
                0x0000162c                CyDelayUs
 .text.SPI_SpiUartReadRxData
                0x00001654       0x20 .\CortexM0\ARM_GCC_473\Debug\W5100_Exampl 1-PSoC_Pioneer.a(SPI_SPI_UART.o)
                0x00001654                SPI_SpiUartReadRxData
 .text.SPI_SpiUartGetRxBufferSize
                0x00001674       0x20 .\CortexM0\ARM_GCC_473\Debug\W5100_Exampl 1-PSoC_Pioneer.a(SPI_SPI_UART.o)
                0x00001674                SPI_SpiUartGetRxBufferSize
 .text.SPI_SpiUartClearRxBuffer
                0x00001694       0x2c .\CortexM0\ARM_GCC_473\Debug\W5100_Exampl 1-PSoC_Pioneer.a(SPI_SPI_UART.o)
                0x00001694                SPI_SpiUartClearRxBuffer
 .text.SPI_SpiUartWriteTxData
                0x000016c0       0x2c .\CortexM0\ARM_GCC_473\Debug\W5100_Exampl 1-PSoC_Pioneer.a(SPI_SPI_UART.o)
                0x000016c0                SPI_SpiUartWriteTxData
 *fill*         0x000016ec        0x4 00
 .text          0x000016f0       0x20 .\CortexM0\ARM_GCC_473\Debug\W5100_Exampl 1-PSoC_Pioneer.a(CyBootAsmGnu.o)
                0x000016f0                CyDelayCycles
                0x00001702                CyEnterCriticalSection
                0x0000170a                CyExitCriticalSection
 .text.__libc_init_array
                0x00001710       0x4c c:/program files (x86)/cypress/psoc creator/3.0/psoc creator/import/gnu_cs/arm/4.7.3/bin/../lib/gcc/arm-none-eabi/4.7.3/../../../../arm-none-eabi/lib/armv6-m\libc_s.a(lib_a-init.o)
                0x00001710                __libc_init_array
 .text.memset   0x0000175c       0x12 c:/program files (x86)/cypress/psoc creator/3.0/psoc creator/import/gnu_cs/arm/4.7.3/bin/../lib/gcc/arm-none-eabi/4.7.3/../../../../arm-none-eabi/lib/armv6-m\libc_s.a(lib_a-memset.o)
                0x0000175c                memset
 .text.strlen   0x0000176e        0xe c:/program files (x86)/cypress/psoc creator/3.0/psoc creator/import/gnu_cs/arm/4.7.3/bin/../lib/gcc/arm-none-eabi/4.7.3/../../../../arm-none-eabi/lib/armv6-m\libc_s.a(lib_a-strlen.o)
                0x0000176e                strlen
 *(.plt)
 *(.gnu.warning)
 *(.glue_7t)
 .glue_7t       0x00000000        0x0 linker stubs
 *(.glue_7)
 .glue_7        0x00000000        0x0 linker stubs
 *(.vfp11_veneer)
 .vfp11_veneer  0x00000000        0x0 linker stubs
 *(.bootloader)
 *(.ARM.extab* .gnu.linkonce.armextab.*)
 *(.gcc_except_table)

.v4_bx          0x0000177c        0x0
 .v4_bx         0x00000000        0x0 linker stubs

.iplt           0x0000177c        0x0
 .iplt          0x00000000        0x0 c:/program files (x86)/cypress/psoc creator/3.0/psoc creator/import/gnu_cs/arm/4.7.3/bin/../lib/gcc/arm-none-eabi/4.7.3/armv6-m/crtbegin.o

.eh_frame_hdr
 *(.eh_frame_hdr)

.eh_frame       0x0000177c        0x4
 *(.eh_frame)
 .eh_frame      0x0000177c        0x0 c:/program files (x86)/cypress/psoc creator/3.0/psoc creator/import/gnu_cs/arm/4.7.3/bin/../lib/gcc/arm-none-eabi/4.7.3/armv6-m/crtbegin.o
 .eh_frame      0x0000177c        0x4 c:/program files (x86)/cypress/psoc creator/3.0/psoc creator/import/gnu_cs/arm/4.7.3/bin/../lib/gcc/arm-none-eabi/4.7.3/armv6-m/crtend.o
                0x00001780                PROVIDE (__exidx_start, .)

.ARM.exidx
 *(.ARM.exidx* .gnu.linkonce.armexidx.*)
                0x00001780                __exidx_end = .

.rodata         0x00001780       0xa8
 *(.rodata .rodata.* .gnu.linkonce.r.*)
 .rodata        0x00001780       0x20 .\CortexM0\ARM_GCC_473\Debug\main.o
 .rodata        0x000017a0       0x10 .\CortexM0\ARM_GCC_473\Debug\W5100_Exampl 1-PSoC_Pioneer.a(cyfitter_cfg.o)
 .rodata        0x000017b0       0x40 .\CortexM0\ARM_GCC_473\Debug\W5100_Exampl 1-PSoC_Pioneer.a(W5100.o)
                0x000017f0                . = ALIGN (0x4)
 *(.init)
 .init          0x000017f0        0x4 c:/program files (x86)/cypress/psoc creator/3.0/psoc creator/import/gnu_cs/arm/4.7.3/bin/../lib/gcc/arm-none-eabi/4.7.3/armv6-m/crti.o
                0x000017f0                _init
 .init          0x000017f4        0x8 c:/program files (x86)/cypress/psoc creator/3.0/psoc creator/import/gnu_cs/arm/4.7.3/bin/../lib/gcc/arm-none-eabi/4.7.3/armv6-m/crtn.o
                0x000017fc                . = ALIGN (0x4)
                0x000017fc                __preinit_array_start = .
 *(.preinit_array)
                0x000017fc                __preinit_array_end = .
                0x000017fc                . = ALIGN (0x4)
                0x000017fc                __init_array_start = .
 *(SORT(.init_array.*))
 *(.init_array)
 .init_array    0x000017fc        0x4 c:/program files (x86)/cypress/psoc creator/3.0/psoc creator/import/gnu_cs/arm/4.7.3/bin/../lib/gcc/arm-none-eabi/4.7.3/armv6-m/crtbegin.o
 .init_array    0x00001800        0x4 .\CortexM0\ARM_GCC_473\Debug\Cm0Start.o
                0x00001804                __init_array_end = .
                0x00001804                . = ALIGN (0x4)
 *(.fini)
 .fini          0x00001804        0x4 c:/program files (x86)/cypress/psoc creator/3.0/psoc creator/import/gnu_cs/arm/4.7.3/bin/../lib/gcc/arm-none-eabi/4.7.3/armv6-m/crti.o
                0x00001804                _fini
 .fini          0x00001808        0x8 c:/program files (x86)/cypress/psoc creator/3.0/psoc creator/import/gnu_cs/arm/4.7.3/bin/../lib/gcc/arm-none-eabi/4.7.3/armv6-m/crtn.o
                0x00001810                . = ALIGN (0x4)
                0x00001810                __fini_array_start = .
 *(.fini_array)
 .fini_array    0x00001810        0x4 c:/program files (x86)/cypress/psoc creator/3.0/psoc creator/import/gnu_cs/arm/4.7.3/bin/../lib/gcc/arm-none-eabi/4.7.3/armv6-m/crtbegin.o
 *(SORT(.fini_array.*))
                0x00001814                __fini_array_end = .
                0x00001814                . = ALIGN (0x4)
 *crtbegin.o(.ctors)
 *(EXCLUDE_FILE(*crtend.o) .ctors)
 *(SORT(.ctors.*))
 *crtend.o(.ctors)
                0x00001814                . = ALIGN (0x4)
 *crtbegin.o(.dtors)
 *(EXCLUDE_FILE(*crtend.o) .dtors)
 *(SORT(.dtors.*))
 *crtend.o(.dtors)
                0x00001814                . = ALIGN (0x4)
                0x00001814                __cy_regions = .
                0x00001814        0x4 LONG 0x1828 __cy_region_init_ram
                0x00001818        0x4 LONG 0x200000c8 __cy_region_start_data
                0x0000181c        0x4 LONG 0x18 __cy_region_init_size_ram
                0x00001820        0x4 LONG 0x48 __cy_region_zero_size_ram
                0x00001824                __cy_regions_end = .
                0x00001828                . = ALIGN (0x8)
 *fill*         0x00001824        0x4 00
                0x00001828                _etext = .

.ramvectors     0x20000000       0xc0
                0x20000000                __cy_region_start_ram = .
 *(.ramvectors)
 .ramvectors    0x20000000       0xc0 .\CortexM0\ARM_GCC_473\Debug\Cm0Start.o
                0x20000000                CyRamVectors

.noinit         0x200000c0        0x4
 *(.noinit)
 .noinit        0x200000c0        0x4 .\CortexM0\ARM_GCC_473\Debug\Cm0Start.o

.data           0x200000c8       0x18 load address 0x00001828
                0x200000c8                __cy_region_start_data = .
 *(.jcr)
 .jcr           0x200000c8        0x0 c:/program files (x86)/cypress/psoc creator/3.0/psoc creator/import/gnu_cs/arm/4.7.3/bin/../lib/gcc/arm-none-eabi/4.7.3/armv6-m/crtbegin.o
 .jcr           0x200000c8        0x4 c:/program files (x86)/cypress/psoc creator/3.0/psoc creator/import/gnu_cs/arm/4.7.3/bin/../lib/gcc/arm-none-eabi/4.7.3/armv6-m/crtend.o
 *(.got.plt)
 *(.got)
 *(.shdata)
 *(.data .data.* .gnu.linkonce.d.*)
 .data          0x200000cc        0x4 .\CortexM0\ARM_GCC_473\Debug\W5100_Exampl 1-PSoC_Pioneer.a(cyfitter_cfg.o)
 .data          0x200000d0       0x10 .\CortexM0\ARM_GCC_473\Debug\W5100_Exampl 1-PSoC_Pioneer.a(CyLib.o)
                0x200000d0                cydelayFreqHz
                0x200000d4                cydelayFreqKhz
                0x200000d8                cydelayFreqMhz
                0x200000dc                cydelay32kMs
                0x200000e0                . = ALIGN (0x8)
 *(.ram)
                0x200000e0                _edata = .

.igot.plt       0x200000e0        0x0 load address 0x00001840
 .igot.plt      0x00000000        0x0 c:/program files (x86)/cypress/psoc creator/3.0/psoc creator/import/gnu_cs/arm/4.7.3/bin/../lib/gcc/arm-none-eabi/4.7.3/armv6-m/crtbegin.o

.bss            0x200000e0       0x48 load address 0x00001840
                0x200000e0                PROVIDE (__bss_start__, .)
 *(.shbss)
 *(.bss .bss.* .gnu.linkonce.b.*)
 .bss           0x200000e0       0x1c c:/program files (x86)/cypress/psoc creator/3.0/psoc creator/import/gnu_cs/arm/4.7.3/bin/../lib/gcc/arm-none-eabi/4.7.3/armv6-m/crtbegin.o
 .bss           0x200000fc        0x8 .\CortexM0\ARM_GCC_473\Debug\W5100_Exampl 1-PSoC_Pioneer.a(SPI.o)
                0x200000fc                SPI_initVar
                0x20000100                SPI_customIntrHandler
 .bss           0x20000104       0x24 .\CortexM0\ARM_GCC_473\Debug\W5100_Exampl 1-PSoC_Pioneer.a(W5100.o)
 *(COMMON)
                0x20000128                . = ALIGN (0x8)
 *(.ram.b)
                0x20000128                _end = .
                0x20000128                __end = .
                0x20000128                PROVIDE (end, .)
                0x20000128                PROVIDE (__bss_end__, .)
                0x00001828                __cy_region_init_ram = LOADADDR (.data)
                0x00000018                __cy_region_init_size_ram = (_edata - ADDR (.data))
                0x00000048                __cy_region_zero_size_ram = (_end - _edata)

.heap           0x20000128      0x100 load address 0x00001840
                0x20000128                . = _end
                0x20000228                . = (. + 0x100)
 *fill*         0x20000128      0x100 00
                0x20000228                __cy_heap_limit = .

.stack          0x20000c00      0x400
                0x20000c00                __cy_stack_limit = .
                0x20001000                . = (. + 0x400)
 *fill*         0x20000c00      0x400 00
                0x00000001                ASSERT ((__cy_stack_limit >= __cy_heap_limit), region RAM overflowed with stack)

.cyloadermeta
 *(.cyloadermeta)

.cyloadablemeta
 *(.cyloadablemeta)

.cyflashprotect
                0x90400000       0x20
 *(.cyflashprotect)
 .cyflashprotect
                0x90400000       0x20 .\CortexM0\ARM_GCC_473\Debug\cymetadata.o
                0x90400000                cy_meta_flashprotect

.cymeta         0x90500000        0xc
 *(.cymeta)
 .cymeta        0x90500000        0xc .\CortexM0\ARM_GCC_473\Debug\cymetadata.o
                0x90500000                cy_metadata

.cychipprotect  0x90600000        0x4
 *(.cychipprotect)
 .cychipprotect
                0x90600000        0x4 .\CortexM0\ARM_GCC_473\Debug\cymetadata.o
                0x90600000                cy_meta_chipprotect

.rel.dyn        0x00001840        0x0 load address 0x90600004
 .rel.iplt      0x00000000        0x0 c:/program files (x86)/cypress/psoc creator/3.0/psoc creator/import/gnu_cs/arm/4.7.3/bin/../lib/gcc/arm-none-eabi/4.7.3/armv6-m/crtbegin.o

.stab
 *(.stab)

.stabstr
 *(.stabstr)

.debug
 *(.debug)

.line
 *(.line)

.debug_srcinfo
 *(.debug_srcinfo)

.debug_sfnames
 *(.debug_sfnames)

.debug_aranges  0x00000000      0x6f0
 *(.debug_aranges)
 .debug_aranges
                0x00000000       0x20 .\CortexM0\ARM_GCC_473\Debug\main.o
 .debug_aranges
                0x00000020       0x18 .\CortexM0\ARM_GCC_473\Debug\cymetadata.o
 .debug_aranges
                0x00000038       0x40 .\CortexM0\ARM_GCC_473\Debug\Cm0Start.o
 .debug_aranges
                0x00000078       0x50 .\CortexM0\ARM_GCC_473\Debug\W5100_Exampl 1-PSoC_Pioneer.a(cyfitter_cfg.o)
 .debug_aranges
                0x000000c8       0x50 .\CortexM0\ARM_GCC_473\Debug\W5100_Exampl 1-PSoC_Pioneer.a(SPI.o)
 .debug_aranges
                0x00000118       0x28 .\CortexM0\ARM_GCC_473\Debug\W5100_Exampl 1-PSoC_Pioneer.a(SPI_SPI.o)
 .debug_aranges
                0x00000140      0x350 .\CortexM0\ARM_GCC_473\Debug\W5100_Exampl 1-PSoC_Pioneer.a(W5100.o)
 .debug_aranges
                0x00000490       0x40 .\CortexM0\ARM_GCC_473\Debug\W5100_Exampl 1-PSoC_Pioneer.a(SPI_ss1_m.o)
 .debug_aranges
                0x000004d0      0x1a0 .\CortexM0\ARM_GCC_473\Debug\W5100_Exampl 1-PSoC_Pioneer.a(CyLib.o)
 .debug_aranges
                0x00000670       0x60 .\CortexM0\ARM_GCC_473\Debug\W5100_Exampl 1-PSoC_Pioneer.a(SPI_SPI_UART.o)
 .debug_aranges
                0x000006d0       0x20 .\CortexM0\ARM_GCC_473\Debug\W5100_Exampl 1-PSoC_Pioneer.a(CyBootAsmGnu.o)

.debug_pubnames
 *(.debug_pubnames)

.debug_info     0x00000000     0x3299
 *(.debug_info .gnu.linkonce.wi.*)
 .debug_info    0x00000000       0xbf .\CortexM0\ARM_GCC_473\Debug\main.o
 .debug_info    0x000000bf      0x100 .\CortexM0\ARM_GCC_473\Debug\cymetadata.o
 .debug_info    0x000001bf      0x2c0 .\CortexM0\ARM_GCC_473\Debug\Cm0Start.o
 .debug_info    0x0000047f      0x36d .\CortexM0\ARM_GCC_473\Debug\W5100_Exampl 1-PSoC_Pioneer.a(cyfitter_cfg.o)
 .debug_info    0x000007ec      0x197 .\CortexM0\ARM_GCC_473\Debug\W5100_Exampl 1-PSoC_Pioneer.a(SPI.o)
 .debug_info    0x00000983       0xf0 .\CortexM0\ARM_GCC_473\Debug\W5100_Exampl 1-PSoC_Pioneer.a(SPI_SPI.o)
 .debug_info    0x00000a73     0x190d .\CortexM0\ARM_GCC_473\Debug\W5100_Exampl 1-PSoC_Pioneer.a(W5100.o)
 .debug_info    0x00002380      0x168 .\CortexM0\ARM_GCC_473\Debug\W5100_Exampl 1-PSoC_Pioneer.a(SPI_ss1_m.o)
 .debug_info    0x000024e8      0xac5 .\CortexM0\ARM_GCC_473\Debug\W5100_Exampl 1-PSoC_Pioneer.a(CyLib.o)
 .debug_info    0x00002fad      0x23d .\CortexM0\ARM_GCC_473\Debug\W5100_Exampl 1-PSoC_Pioneer.a(SPI_SPI_UART.o)
 .debug_info    0x000031ea       0xaf .\CortexM0\ARM_GCC_473\Debug\W5100_Exampl 1-PSoC_Pioneer.a(CyBootAsmGnu.o)

.debug_abbrev   0x00000000      0xa41
 *(.debug_abbrev)
 .debug_abbrev  0x00000000       0x60 .\CortexM0\ARM_GCC_473\Debug\main.o
 .debug_abbrev  0x00000060       0x5d .\CortexM0\ARM_GCC_473\Debug\cymetadata.o
 .debug_abbrev  0x000000bd      0x164 .\CortexM0\ARM_GCC_473\Debug\Cm0Start.o
 .debug_abbrev  0x00000221      0x17b .\CortexM0\ARM_GCC_473\Debug\W5100_Exampl 1-PSoC_Pioneer.a(cyfitter_cfg.o)
 .debug_abbrev  0x0000039c       0xc5 .\CortexM0\ARM_GCC_473\Debug\W5100_Exampl 1-PSoC_Pioneer.a(SPI.o)
 .debug_abbrev  0x00000461       0x8e .\CortexM0\ARM_GCC_473\Debug\W5100_Exampl 1-PSoC_Pioneer.a(SPI_SPI.o)
 .debug_abbrev  0x000004ef      0x19f .\CortexM0\ARM_GCC_473\Debug\W5100_Exampl 1-PSoC_Pioneer.a(W5100.o)
 .debug_abbrev  0x0000068e       0xac .\CortexM0\ARM_GCC_473\Debug\W5100_Exampl 1-PSoC_Pioneer.a(SPI_ss1_m.o)
 .debug_abbrev  0x0000073a      0x1a2 .\CortexM0\ARM_GCC_473\Debug\W5100_Exampl 1-PSoC_Pioneer.a(CyLib.o)
 .debug_abbrev  0x000008dc      0x151 .\CortexM0\ARM_GCC_473\Debug\W5100_Exampl 1-PSoC_Pioneer.a(SPI_SPI_UART.o)
 .debug_abbrev  0x00000a2d       0x14 .\CortexM0\ARM_GCC_473\Debug\W5100_Exampl 1-PSoC_Pioneer.a(CyBootAsmGnu.o)

.debug_line     0x00000000     0x1754
 *(.debug_line)
 .debug_line    0x00000000       0x6e .\CortexM0\ARM_GCC_473\Debug\main.o
 .debug_line    0x0000006e       0x53 .\CortexM0\ARM_GCC_473\Debug\cymetadata.o
 .debug_line    0x000000c1      0x19b .\CortexM0\ARM_GCC_473\Debug\Cm0Start.o
 .debug_line    0x0000025c      0x183 .\CortexM0\ARM_GCC_473\Debug\W5100_Exampl 1-PSoC_Pioneer.a(cyfitter_cfg.o)
 .debug_line    0x000003df       0xd7 .\CortexM0\ARM_GCC_473\Debug\W5100_Exampl 1-PSoC_Pioneer.a(SPI.o)
 .debug_line    0x000004b6       0x86 .\CortexM0\ARM_GCC_473\Debug\W5100_Exampl 1-PSoC_Pioneer.a(SPI_SPI.o)
 .debug_line    0x0000053c      0xa9c .\CortexM0\ARM_GCC_473\Debug\W5100_Exampl 1-PSoC_Pioneer.a(W5100.o)
 .debug_line    0x00000fd8       0xaf .\CortexM0\ARM_GCC_473\Debug\W5100_Exampl 1-PSoC_Pioneer.a(SPI_ss1_m.o)
 .debug_line    0x00001087      0x541 .\CortexM0\ARM_GCC_473\Debug\W5100_Exampl 1-PSoC_Pioneer.a(CyLib.o)
 .debug_line    0x000015c8      0x124 .\CortexM0\ARM_GCC_473\Debug\W5100_Exampl 1-PSoC_Pioneer.a(SPI_SPI_UART.o)
 .debug_line    0x000016ec       0x68 .\CortexM0\ARM_GCC_473\Debug\W5100_Exampl 1-PSoC_Pioneer.a(CyBootAsmGnu.o)

.debug_frame    0x00000000     0x1924
 *(.debug_frame)
 .debug_frame   0x00000000       0x34 .\CortexM0\ARM_GCC_473\Debug\main.o
 .debug_frame   0x00000034       0xa8 .\CortexM0\ARM_GCC_473\Debug\Cm0Start.o
 .debug_frame   0x000000dc       0xe8 .\CortexM0\ARM_GCC_473\Debug\W5100_Exampl 1-PSoC_Pioneer.a(cyfitter_cfg.o)
 .debug_frame   0x000001c4       0xd8 .\CortexM0\ARM_GCC_473\Debug\W5100_Exampl 1-PSoC_Pioneer.a(SPI.o)
 .debug_frame   0x0000029c       0x4c .\CortexM0\ARM_GCC_473\Debug\W5100_Exampl 1-PSoC_Pioneer.a(SPI_SPI.o)
 .debug_frame   0x000002e8      0xcec .\CortexM0\ARM_GCC_473\Debug\W5100_Exampl 1-PSoC_Pioneer.a(W5100.o)
 .debug_frame   0x00000fd4       0xa8 .\CortexM0\ARM_GCC_473\Debug\W5100_Exampl 1-PSoC_Pioneer.a(SPI_ss1_m.o)
 .debug_frame   0x0000107c      0x628 .\CortexM0\ARM_GCC_473\Debug\W5100_Exampl 1-PSoC_Pioneer.a(CyLib.o)
 .debug_frame   0x000016a4      0x128 .\CortexM0\ARM_GCC_473\Debug\W5100_Exampl 1-PSoC_Pioneer.a(SPI_SPI_UART.o)
 .debug_frame   0x000017cc       0x20 c:/program files (x86)/cypress/psoc creator/3.0/psoc creator/import/gnu_cs/arm/4.7.3/bin/../lib/gcc/arm-none-eabi/4.7.3/armv6-m\libgcc.a(_udivsi3.o)
 .debug_frame   0x000017ec       0x20 c:/program files (x86)/cypress/psoc creator/3.0/psoc creator/import/gnu_cs/arm/4.7.3/bin/../lib/gcc/arm-none-eabi/4.7.3/armv6-m\libgcc.a(_divsi3.o)
 .debug_frame   0x0000180c       0x28 c:/program files (x86)/cypress/psoc creator/3.0/psoc creator/import/gnu_cs/arm/4.7.3/bin/../lib/gcc/arm-none-eabi/4.7.3/../../../../arm-none-eabi/lib/armv6-m\libc_s.a(lib_a-__atexit2.o)
 .debug_frame   0x00001834       0x28 c:/program files (x86)/cypress/psoc creator/3.0/psoc creator/import/gnu_cs/arm/4.7.3/bin/../lib/gcc/arm-none-eabi/4.7.3/../../../../arm-none-eabi/lib/armv6-m\libc_s.a(lib_a-exit.o)
 .debug_frame   0x0000185c       0x2c c:/program files (x86)/cypress/psoc creator/3.0/psoc creator/import/gnu_cs/arm/4.7.3/bin/../lib/gcc/arm-none-eabi/4.7.3/../../../../arm-none-eabi/lib/armv6-m\libc_s.a(lib_a-fini.o)
 .debug_frame   0x00001888       0x2c c:/program files (x86)/cypress/psoc creator/3.0/psoc creator/import/gnu_cs/arm/4.7.3/bin/../lib/gcc/arm-none-eabi/4.7.3/../../../../arm-none-eabi/lib/armv6-m\libc_s.a(lib_a-init.o)
 .debug_frame   0x000018b4       0x28 c:/program files (x86)/cypress/psoc creator/3.0/psoc creator/import/gnu_cs/arm/4.7.3/bin/../lib/gcc/arm-none-eabi/4.7.3/../../../../arm-none-eabi/lib/armv6-m\libc_s.a(lib_a-memcpy.o)
 .debug_frame   0x000018dc       0x28 c:/program files (x86)/cypress/psoc creator/3.0/psoc creator/import/gnu_cs/arm/4.7.3/bin/../lib/gcc/arm-none-eabi/4.7.3/../../../../arm-none-eabi/lib/armv6-m\libc_s.a(lib_a-memset.o)
 .debug_frame   0x00001904       0x20 c:/program files (x86)/cypress/psoc creator/3.0/psoc creator/import/gnu_cs/arm/4.7.3/bin/../lib/gcc/arm-none-eabi/4.7.3/../../../../arm-none-eabi/lib/armv6-m\libc_s.a(lib_a-strlen.o)

.debug_str      0x00000000     0x14d6
 *(.debug_str)
 .debug_str     0x00000000      0x12c .\CortexM0\ARM_GCC_473\Debug\main.o
                                0x165 (size before relaxing)
 .debug_str     0x0000012c       0x5b .\CortexM0\ARM_GCC_473\Debug\cymetadata.o
                                0x1a8 (size before relaxing)
 .debug_str     0x00000187      0x110 .\CortexM0\ARM_GCC_473\Debug\Cm0Start.o
                                0x271 (size before relaxing)
 .debug_str     0x00000297      0x141 .\CortexM0\ARM_GCC_473\Debug\W5100_Exampl 1-PSoC_Pioneer.a(cyfitter_cfg.o)
                                0x2b5 (size before relaxing)
 .debug_str     0x000003d8       0xad .\CortexM0\ARM_GCC_473\Debug\W5100_Exampl 1-PSoC_Pioneer.a(SPI.o)
                                0x214 (size before relaxing)
 .debug_str     0x00000485       0x60 .\CortexM0\ARM_GCC_473\Debug\W5100_Exampl 1-PSoC_Pioneer.a(SPI_SPI.o)
                                0x1b4 (size before relaxing)
 .debug_str     0x000004e5      0x92b .\CortexM0\ARM_GCC_473\Debug\W5100_Exampl 1-PSoC_Pioneer.a(W5100.o)
                                0xabc (size before relaxing)
 .debug_str     0x00000e10       0xa3 .\CortexM0\ARM_GCC_473\Debug\W5100_Exampl 1-PSoC_Pioneer.a(SPI_ss1_m.o)
                                0x1f9 (size before relaxing)
 .debug_str     0x00000eb3      0x4f2 .\CortexM0\ARM_GCC_473\Debug\W5100_Exampl 1-PSoC_Pioneer.a(CyLib.o)
                                0x684 (size before relaxing)
 .debug_str     0x000013a5      0x131 .\CortexM0\ARM_GCC_473\Debug\W5100_Exampl 1-PSoC_Pioneer.a(SPI_SPI_UART.o)
                                0x296 (size before relaxing)

.debug_loc      0x00000000     0x2740
 *(.debug_loc)
 .debug_loc     0x00000000       0x38 .\CortexM0\ARM_GCC_473\Debug\main.o
 .debug_loc     0x00000038      0x100 .\CortexM0\ARM_GCC_473\Debug\Cm0Start.o
 .debug_loc     0x00000138      0x170 .\CortexM0\ARM_GCC_473\Debug\W5100_Exampl 1-PSoC_Pioneer.a(cyfitter_cfg.o)
 .debug_loc     0x000002a8      0x140 .\CortexM0\ARM_GCC_473\Debug\W5100_Exampl 1-PSoC_Pioneer.a(SPI.o)
 .debug_loc     0x000003e8       0x64 .\CortexM0\ARM_GCC_473\Debug\W5100_Exampl 1-PSoC_Pioneer.a(SPI_SPI.o)
 .debug_loc     0x0000044c     0x15e0 .\CortexM0\ARM_GCC_473\Debug\W5100_Exampl 1-PSoC_Pioneer.a(W5100.o)
 .debug_loc     0x00001a2c      0x100 .\CortexM0\ARM_GCC_473\Debug\W5100_Exampl 1-PSoC_Pioneer.a(SPI_ss1_m.o)
 .debug_loc     0x00001b2c      0xa34 .\CortexM0\ARM_GCC_473\Debug\W5100_Exampl 1-PSoC_Pioneer.a(CyLib.o)
 .debug_loc     0x00002560      0x1e0 .\CortexM0\ARM_GCC_473\Debug\W5100_Exampl 1-PSoC_Pioneer.a(SPI_SPI_UART.o)

.debug_macinfo
 *(.debug_macinfo)

.debug_ranges   0x00000000      0x628
 *(.debug_ranges)
 .debug_ranges  0x00000000       0x10 .\CortexM0\ARM_GCC_473\Debug\main.o
 .debug_ranges  0x00000010       0x30 .\CortexM0\ARM_GCC_473\Debug\Cm0Start.o
 .debug_ranges  0x00000040       0x40 .\CortexM0\ARM_GCC_473\Debug\W5100_Exampl 1-PSoC_Pioneer.a(cyfitter_cfg.o)
 .debug_ranges  0x00000080       0x40 .\CortexM0\ARM_GCC_473\Debug\W5100_Exampl 1-PSoC_Pioneer.a(SPI.o)
 .debug_ranges  0x000000c0       0x18 .\CortexM0\ARM_GCC_473\Debug\W5100_Exampl 1-PSoC_Pioneer.a(SPI_SPI.o)
 .debug_ranges  0x000000d8      0x340 .\CortexM0\ARM_GCC_473\Debug\W5100_Exampl 1-PSoC_Pioneer.a(W5100.o)
 .debug_ranges  0x00000418       0x30 .\CortexM0\ARM_GCC_473\Debug\W5100_Exampl 1-PSoC_Pioneer.a(SPI_ss1_m.o)
 .debug_ranges  0x00000448      0x190 .\CortexM0\ARM_GCC_473\Debug\W5100_Exampl 1-PSoC_Pioneer.a(CyLib.o)
 .debug_ranges  0x000005d8       0x50 .\CortexM0\ARM_GCC_473\Debug\W5100_Exampl 1-PSoC_Pioneer.a(SPI_SPI_UART.o)

.comment        0x00000000       0x70
 .comment       0x00000000       0x70 .\CortexM0\ARM_GCC_473\Debug\main.o
                                 0x71 (size before relaxing)
 .comment       0x00000000       0x71 .\CortexM0\ARM_GCC_473\Debug\cymetadata.o
 .comment       0x00000000       0x71 .\CortexM0\ARM_GCC_473\Debug\Cm0Start.o
 .comment       0x00000000       0x71 .\CortexM0\ARM_GCC_473\Debug\W5100_Exampl 1-PSoC_Pioneer.a(cyfitter_cfg.o)
 .comment       0x00000000       0x71 .\CortexM0\ARM_GCC_473\Debug\W5100_Exampl 1-PSoC_Pioneer.a(SPI.o)
 .comment       0x00000000       0x71 .\CortexM0\ARM_GCC_473\Debug\W5100_Exampl 1-PSoC_Pioneer.a(SPI_SPI.o)
 .comment       0x00000000       0x71 .\CortexM0\ARM_GCC_473\Debug\W5100_Exampl 1-PSoC_Pioneer.a(W5100.o)
 .comment       0x00000000       0x71 .\CortexM0\ARM_GCC_473\Debug\W5100_Exampl 1-PSoC_Pioneer.a(SPI_ss1_m.o)
 .comment       0x00000000       0x71 .\CortexM0\ARM_GCC_473\Debug\W5100_Exampl 1-PSoC_Pioneer.a(CyLib.o)
 .comment       0x00000000       0x71 .\CortexM0\ARM_GCC_473\Debug\W5100_Exampl 1-PSoC_Pioneer.a(SPI_SPI_UART.o)

.debug_weaknames
 *(.debug_weaknames)

.debug_funcnames
 *(.debug_funcnames)

.debug_typenames
 *(.debug_typenames)

.debug_varnames
 *(.debug_varnames)

.note.gnu.arm.ident
 *(.note.gnu.arm.ident)

.ARM.attributes
                0x00000000       0x28
 *(.ARM.attributes)
 .ARM.attributes
                0x00000000       0x1e c:/program files (x86)/cypress/psoc creator/3.0/psoc creator/import/gnu_cs/arm/4.7.3/bin/../lib/gcc/arm-none-eabi/4.7.3/armv6-m/crti.o
 .ARM.attributes
                0x0000001e       0x2c c:/program files (x86)/cypress/psoc creator/3.0/psoc creator/import/gnu_cs/arm/4.7.3/bin/../lib/gcc/arm-none-eabi/4.7.3/armv6-m/crtbegin.o
 .ARM.attributes
                0x0000004a       0x1c c:/program files (x86)/cypress/psoc creator/3.0/psoc creator/import/gnu_cs/arm/4.7.3/bin/../lib/gcc/arm-none-eabi/4.7.3/../../../../arm-none-eabi/lib/armv6-m/crt0.o
 .ARM.attributes
                0x00000066       0x31 .\CortexM0\ARM_GCC_473\Debug\main.o
 .ARM.attributes
                0x00000097       0x31 .\CortexM0\ARM_GCC_473\Debug\cymetadata.o
 .ARM.attributes
                0x000000c8       0x31 .\CortexM0\ARM_GCC_473\Debug\Cm0Start.o
 .ARM.attributes
                0x000000f9       0x31 .\CortexM0\ARM_GCC_473\Debug\W5100_Exampl 1-PSoC_Pioneer.a(cyfitter_cfg.o)
 .ARM.attributes
                0x0000012a       0x31 .\CortexM0\ARM_GCC_473\Debug\W5100_Exampl 1-PSoC_Pioneer.a(SPI.o)
 .ARM.attributes
                0x0000015b       0x31 .\CortexM0\ARM_GCC_473\Debug\W5100_Exampl 1-PSoC_Pioneer.a(SPI_SPI.o)
 .ARM.attributes
                0x0000018c       0x31 .\CortexM0\ARM_GCC_473\Debug\W5100_Exampl 1-PSoC_Pioneer.a(W5100.o)
 .ARM.attributes
                0x000001bd       0x31 .\CortexM0\ARM_GCC_473\Debug\W5100_Exampl 1-PSoC_Pioneer.a(SPI_ss1_m.o)
 .ARM.attributes
                0x000001ee       0x31 .\CortexM0\ARM_GCC_473\Debug\W5100_Exampl 1-PSoC_Pioneer.a(CyLib.o)
 .ARM.attributes
                0x0000021f       0x31 .\CortexM0\ARM_GCC_473\Debug\W5100_Exampl 1-PSoC_Pioneer.a(SPI_SPI_UART.o)
 .ARM.attributes
                0x00000250       0x21 .\CortexM0\ARM_GCC_473\Debug\W5100_Exampl 1-PSoC_Pioneer.a(CyBootAsmGnu.o)
 .ARM.attributes
                0x00000271       0x1e c:/program files (x86)/cypress/psoc creator/3.0/psoc creator/import/gnu_cs/arm/4.7.3/bin/../lib/gcc/arm-none-eabi/4.7.3/armv6-m\libgcc.a(_udivsi3.o)
 .ARM.attributes
                0x0000028f       0x1e c:/program files (x86)/cypress/psoc creator/3.0/psoc creator/import/gnu_cs/arm/4.7.3/bin/../lib/gcc/arm-none-eabi/4.7.3/armv6-m\libgcc.a(_divsi3.o)
 .ARM.attributes
                0x000002ad       0x1e c:/program files (x86)/cypress/psoc creator/3.0/psoc creator/import/gnu_cs/arm/4.7.3/bin/../lib/gcc/arm-none-eabi/4.7.3/armv6-m\libgcc.a(_dvmd_tls.o)
 .ARM.attributes
                0x000002cb       0x2c c:/program files (x86)/cypress/psoc creator/3.0/psoc creator/import/gnu_cs/arm/4.7.3/bin/../lib/gcc/arm-none-eabi/4.7.3/../../../../arm-none-eabi/lib/armv6-m\libc_s.a(lib_a-__atexit2.o)
 .ARM.attributes
                0x000002f7       0x2c c:/program files (x86)/cypress/psoc creator/3.0/psoc creator/import/gnu_cs/arm/4.7.3/bin/../lib/gcc/arm-none-eabi/4.7.3/../../../../arm-none-eabi/lib/armv6-m\libc_s.a(lib_a-exit.o)
 .ARM.attributes
                0x00000323       0x2c c:/program files (x86)/cypress/psoc creator/3.0/psoc creator/import/gnu_cs/arm/4.7.3/bin/../lib/gcc/arm-none-eabi/4.7.3/../../../../arm-none-eabi/lib/armv6-m\libc_s.a(lib_a-fini.o)
 .ARM.attributes
                0x0000034f       0x2c c:/program files (x86)/cypress/psoc creator/3.0/psoc creator/import/gnu_cs/arm/4.7.3/bin/../lib/gcc/arm-none-eabi/4.7.3/../../../../arm-none-eabi/lib/armv6-m\libc_s.a(lib_a-impure.o)
 .ARM.attributes
                0x0000037b       0x2c c:/program files (x86)/cypress/psoc creator/3.0/psoc creator/import/gnu_cs/arm/4.7.3/bin/../lib/gcc/arm-none-eabi/4.7.3/../../../../arm-none-eabi/lib/armv6-m\libc_s.a(lib_a-init.o)
 .ARM.attributes
                0x000003a7       0x2c c:/program files (x86)/cypress/psoc creator/3.0/psoc creator/import/gnu_cs/arm/4.7.3/bin/../lib/gcc/arm-none-eabi/4.7.3/../../../../arm-none-eabi/lib/armv6-m\libc_s.a(lib_a-memcpy.o)
 .ARM.attributes
                0x000003d3       0x2c c:/program files (x86)/cypress/psoc creator/3.0/psoc creator/import/gnu_cs/arm/4.7.3/bin/../lib/gcc/arm-none-eabi/4.7.3/../../../../arm-none-eabi/lib/armv6-m\libc_s.a(lib_a-memset.o)
 .ARM.attributes
                0x000003ff       0x2c c:/program files (x86)/cypress/psoc creator/3.0/psoc creator/import/gnu_cs/arm/4.7.3/bin/../lib/gcc/arm-none-eabi/4.7.3/../../../../arm-none-eabi/lib/armv6-m\libc_s.a(lib_a-strlen.o)
 .ARM.attributes
                0x0000042b       0x2c c:/program files (x86)/cypress/psoc creator/3.0/psoc creator/import/gnu_cs/arm/4.7.3/bin/../lib/gcc/arm-none-eabi/4.7.3/armv6-m/crtend.o
 .ARM.attributes
                0x00000457       0x1e c:/program files (x86)/cypress/psoc creator/3.0/psoc creator/import/gnu_cs/arm/4.7.3/bin/../lib/gcc/arm-none-eabi/4.7.3/armv6-m/crtn.o

/DISCARD/
 *(.note.GNU-stack)
OUTPUT(.\CortexM0\ARM_GCC_473\Debug\W5100_Exampl 1-PSoC_Pioneer.elf elf32-littlearm)
