ARM GAS  C:\Users\CHUCK~1.ERH\AppData\Local\Temp\ccBMiBtP.s 			page 1


   1              		.cpu cortex-m0
   2              		.fpu softvfp
   3              		.eabi_attribute 20, 1
   4              		.eabi_attribute 21, 1
   5              		.eabi_attribute 23, 3
   6              		.eabi_attribute 24, 1
   7              		.eabi_attribute 25, 1
   8              		.eabi_attribute 26, 1
   9              		.eabi_attribute 30, 4
  10              		.eabi_attribute 34, 0
  11              		.eabi_attribute 18, 4
  12              		.code	16
  13              		.file	"cyfitter_cfg.c"
  14              		.text
  15              	.Ltext0:
  16              		.cfi_sections	.debug_frame
  17              		.section	.psocinit,"ax",%progbits
  18              		.align	1
  19              		.global	cyfitter_cfg
  20              		.code	16
  21              		.thumb_func
  22              		.type	cyfitter_cfg, %function
  23              	cyfitter_cfg:
  24              	.LFB6:
  25              		.file 1 ".\\Generated_Source\\PSoC4\\cyfitter_cfg.c"
   1:.\Generated_Source\PSoC4/cyfitter_cfg.c **** /*******************************************************************************
   2:.\Generated_Source\PSoC4/cyfitter_cfg.c **** * FILENAME: cyfitter_cfg.c
   3:.\Generated_Source\PSoC4/cyfitter_cfg.c **** * PSoC Creator 3.0 SP1
   4:.\Generated_Source\PSoC4/cyfitter_cfg.c **** *
   5:.\Generated_Source\PSoC4/cyfitter_cfg.c **** * Description:
   6:.\Generated_Source\PSoC4/cyfitter_cfg.c **** * This file is automatically generated by PSoC Creator with device 
   7:.\Generated_Source\PSoC4/cyfitter_cfg.c **** * initialization code.  Except for the user defined sections in
   8:.\Generated_Source\PSoC4/cyfitter_cfg.c **** * CyClockStartupError(), this file should not be modified.
   9:.\Generated_Source\PSoC4/cyfitter_cfg.c **** *
  10:.\Generated_Source\PSoC4/cyfitter_cfg.c **** ********************************************************************************
  11:.\Generated_Source\PSoC4/cyfitter_cfg.c **** * Copyright 2013, Cypress Semiconductor Corporation.  All rights reserved.
  12:.\Generated_Source\PSoC4/cyfitter_cfg.c **** * You may use this file only in accordance with the license, terms, conditions, 
  13:.\Generated_Source\PSoC4/cyfitter_cfg.c **** * disclaimers, and limitations in the end user license agreement accompanying 
  14:.\Generated_Source\PSoC4/cyfitter_cfg.c **** * the software package with which this file was provided.
  15:.\Generated_Source\PSoC4/cyfitter_cfg.c **** ********************************************************************************/
  16:.\Generated_Source\PSoC4/cyfitter_cfg.c **** 
  17:.\Generated_Source\PSoC4/cyfitter_cfg.c **** #include <string.h>
  18:.\Generated_Source\PSoC4/cyfitter_cfg.c **** #include <cytypes.h>
  19:.\Generated_Source\PSoC4/cyfitter_cfg.c **** #include <cydevice_trm.h>
  20:.\Generated_Source\PSoC4/cyfitter_cfg.c **** #include <cyfitter.h>
  21:.\Generated_Source\PSoC4/cyfitter_cfg.c **** #include <CyLib.h>
  22:.\Generated_Source\PSoC4/cyfitter_cfg.c **** #include <cyfitter_cfg.h>
  23:.\Generated_Source\PSoC4/cyfitter_cfg.c **** 
  24:.\Generated_Source\PSoC4/cyfitter_cfg.c **** 
  25:.\Generated_Source\PSoC4/cyfitter_cfg.c **** #if defined(__GNUC__) || defined(__ARMCC_VERSION)
  26:.\Generated_Source\PSoC4/cyfitter_cfg.c ****     #define CYPACKED 
  27:.\Generated_Source\PSoC4/cyfitter_cfg.c ****     #define CYPACKED_ATTR __attribute__ ((packed))
  28:.\Generated_Source\PSoC4/cyfitter_cfg.c ****     #define CYALIGNED __attribute__ ((aligned))
  29:.\Generated_Source\PSoC4/cyfitter_cfg.c ****     #define CY_CFG_UNUSED __attribute__ ((unused))
  30:.\Generated_Source\PSoC4/cyfitter_cfg.c ****     #define CY_CFG_SECTION __attribute__ ((section(".psocinit")))
  31:.\Generated_Source\PSoC4/cyfitter_cfg.c ****     
  32:.\Generated_Source\PSoC4/cyfitter_cfg.c ****     #if defined(__ARMCC_VERSION)
ARM GAS  C:\Users\CHUCK~1.ERH\AppData\Local\Temp\ccBMiBtP.s 			page 2


  33:.\Generated_Source\PSoC4/cyfitter_cfg.c ****         #define CY_CFG_MEMORY_BARRIER() __memory_changed()
  34:.\Generated_Source\PSoC4/cyfitter_cfg.c ****     #else
  35:.\Generated_Source\PSoC4/cyfitter_cfg.c ****         #define CY_CFG_MEMORY_BARRIER() __sync_synchronize()
  36:.\Generated_Source\PSoC4/cyfitter_cfg.c ****     #endif
  37:.\Generated_Source\PSoC4/cyfitter_cfg.c ****     
  38:.\Generated_Source\PSoC4/cyfitter_cfg.c **** #elif defined(__ICCARM__)
  39:.\Generated_Source\PSoC4/cyfitter_cfg.c ****     #include <intrinsics.h>
  40:.\Generated_Source\PSoC4/cyfitter_cfg.c **** 
  41:.\Generated_Source\PSoC4/cyfitter_cfg.c ****     #define CYPACKED __packed
  42:.\Generated_Source\PSoC4/cyfitter_cfg.c ****     #define CYPACKED_ATTR 
  43:.\Generated_Source\PSoC4/cyfitter_cfg.c ****     #define CYALIGNED _Pragma("data_alignment=4")
  44:.\Generated_Source\PSoC4/cyfitter_cfg.c ****     #define CY_CFG_UNUSED _Pragma("diag_suppress=Pe177")
  45:.\Generated_Source\PSoC4/cyfitter_cfg.c ****     #define CY_CFG_SECTION _Pragma("location=\".psocinit\"")
  46:.\Generated_Source\PSoC4/cyfitter_cfg.c ****     
  47:.\Generated_Source\PSoC4/cyfitter_cfg.c ****     #define CY_CFG_MEMORY_BARRIER() __DMB()
  48:.\Generated_Source\PSoC4/cyfitter_cfg.c ****     
  49:.\Generated_Source\PSoC4/cyfitter_cfg.c **** #else
  50:.\Generated_Source\PSoC4/cyfitter_cfg.c ****     #error Unsupported toolchain
  51:.\Generated_Source\PSoC4/cyfitter_cfg.c **** #endif
  52:.\Generated_Source\PSoC4/cyfitter_cfg.c **** 
  53:.\Generated_Source\PSoC4/cyfitter_cfg.c **** 
  54:.\Generated_Source\PSoC4/cyfitter_cfg.c **** CY_CFG_UNUSED
  55:.\Generated_Source\PSoC4/cyfitter_cfg.c **** static void CYMEMZERO(void *s, size_t n);
  56:.\Generated_Source\PSoC4/cyfitter_cfg.c **** CY_CFG_UNUSED
  57:.\Generated_Source\PSoC4/cyfitter_cfg.c **** static void CYMEMZERO(void *s, size_t n)
  58:.\Generated_Source\PSoC4/cyfitter_cfg.c **** {
  59:.\Generated_Source\PSoC4/cyfitter_cfg.c **** 	(void)memset(s, 0, n);
  60:.\Generated_Source\PSoC4/cyfitter_cfg.c **** }
  61:.\Generated_Source\PSoC4/cyfitter_cfg.c **** CY_CFG_UNUSED
  62:.\Generated_Source\PSoC4/cyfitter_cfg.c **** static void CYCONFIGCPY(void *dest, const void *src, size_t n);
  63:.\Generated_Source\PSoC4/cyfitter_cfg.c **** CY_CFG_UNUSED
  64:.\Generated_Source\PSoC4/cyfitter_cfg.c **** static void CYCONFIGCPY(void *dest, const void *src, size_t n)
  65:.\Generated_Source\PSoC4/cyfitter_cfg.c **** {
  66:.\Generated_Source\PSoC4/cyfitter_cfg.c **** 	(void)memcpy(dest, src, n);
  67:.\Generated_Source\PSoC4/cyfitter_cfg.c **** }
  68:.\Generated_Source\PSoC4/cyfitter_cfg.c **** CY_CFG_UNUSED
  69:.\Generated_Source\PSoC4/cyfitter_cfg.c **** static void CYCONFIGCPYCODE(void *dest, const void *src, size_t n);
  70:.\Generated_Source\PSoC4/cyfitter_cfg.c **** CY_CFG_UNUSED
  71:.\Generated_Source\PSoC4/cyfitter_cfg.c **** static void CYCONFIGCPYCODE(void *dest, const void *src, size_t n)
  72:.\Generated_Source\PSoC4/cyfitter_cfg.c **** {
  73:.\Generated_Source\PSoC4/cyfitter_cfg.c **** 	(void)memcpy(dest, src, n);
  74:.\Generated_Source\PSoC4/cyfitter_cfg.c **** }
  75:.\Generated_Source\PSoC4/cyfitter_cfg.c **** 
  76:.\Generated_Source\PSoC4/cyfitter_cfg.c **** 
  77:.\Generated_Source\PSoC4/cyfitter_cfg.c **** 
  78:.\Generated_Source\PSoC4/cyfitter_cfg.c **** /* Clock startup error codes                                                   */
  79:.\Generated_Source\PSoC4/cyfitter_cfg.c **** #define CYCLOCKSTART_NO_ERROR    0u
  80:.\Generated_Source\PSoC4/cyfitter_cfg.c **** #define CYCLOCKSTART_XTAL_ERROR  1u
  81:.\Generated_Source\PSoC4/cyfitter_cfg.c **** #define CYCLOCKSTART_32KHZ_ERROR 2u
  82:.\Generated_Source\PSoC4/cyfitter_cfg.c **** #define CYCLOCKSTART_PLL_ERROR   3u
  83:.\Generated_Source\PSoC4/cyfitter_cfg.c **** 
  84:.\Generated_Source\PSoC4/cyfitter_cfg.c **** #ifdef CY_NEED_CYCLOCKSTARTUPERROR
  85:.\Generated_Source\PSoC4/cyfitter_cfg.c **** /*******************************************************************************
  86:.\Generated_Source\PSoC4/cyfitter_cfg.c **** * Function Name: CyClockStartupError
  87:.\Generated_Source\PSoC4/cyfitter_cfg.c **** ********************************************************************************
  88:.\Generated_Source\PSoC4/cyfitter_cfg.c **** * Summary:
  89:.\Generated_Source\PSoC4/cyfitter_cfg.c **** *  If an error is encountered during clock configuration (crystal startup error,
ARM GAS  C:\Users\CHUCK~1.ERH\AppData\Local\Temp\ccBMiBtP.s 			page 3


  90:.\Generated_Source\PSoC4/cyfitter_cfg.c **** *  PLL lock error, etc.), the system will end up here.  Unless reimplemented by
  91:.\Generated_Source\PSoC4/cyfitter_cfg.c **** *  the customer, this function will stop in an infinite loop.
  92:.\Generated_Source\PSoC4/cyfitter_cfg.c **** *
  93:.\Generated_Source\PSoC4/cyfitter_cfg.c **** * Parameters:
  94:.\Generated_Source\PSoC4/cyfitter_cfg.c **** *   void
  95:.\Generated_Source\PSoC4/cyfitter_cfg.c **** *
  96:.\Generated_Source\PSoC4/cyfitter_cfg.c **** * Return:
  97:.\Generated_Source\PSoC4/cyfitter_cfg.c **** *   void
  98:.\Generated_Source\PSoC4/cyfitter_cfg.c **** *
  99:.\Generated_Source\PSoC4/cyfitter_cfg.c **** *******************************************************************************/
 100:.\Generated_Source\PSoC4/cyfitter_cfg.c **** CY_CFG_UNUSED
 101:.\Generated_Source\PSoC4/cyfitter_cfg.c **** static void CyClockStartupError(uint8 errorCode);
 102:.\Generated_Source\PSoC4/cyfitter_cfg.c **** CY_CFG_UNUSED
 103:.\Generated_Source\PSoC4/cyfitter_cfg.c **** static void CyClockStartupError(uint8 errorCode)
 104:.\Generated_Source\PSoC4/cyfitter_cfg.c **** {
 105:.\Generated_Source\PSoC4/cyfitter_cfg.c ****     /* To remove the compiler warning if errorCode not used.                */
 106:.\Generated_Source\PSoC4/cyfitter_cfg.c ****     errorCode = errorCode;
 107:.\Generated_Source\PSoC4/cyfitter_cfg.c **** 
 108:.\Generated_Source\PSoC4/cyfitter_cfg.c ****     /* `#START CyClockStartupError` */
 109:.\Generated_Source\PSoC4/cyfitter_cfg.c **** 
 110:.\Generated_Source\PSoC4/cyfitter_cfg.c ****     /* If we have a clock startup error (bad MHz crystal, PLL lock, etc.),  */
 111:.\Generated_Source\PSoC4/cyfitter_cfg.c ****     /* we will end up here to allow the customer to implement something to  */
 112:.\Generated_Source\PSoC4/cyfitter_cfg.c ****     /* deal with the clock condition.                                       */
 113:.\Generated_Source\PSoC4/cyfitter_cfg.c **** 
 114:.\Generated_Source\PSoC4/cyfitter_cfg.c ****     /* `#END` */
 115:.\Generated_Source\PSoC4/cyfitter_cfg.c **** 
 116:.\Generated_Source\PSoC4/cyfitter_cfg.c ****     /* If nothing else, stop here since the clocks have not started         */
 117:.\Generated_Source\PSoC4/cyfitter_cfg.c ****     /* correctly.                                                           */
 118:.\Generated_Source\PSoC4/cyfitter_cfg.c ****     while(1) {}
 119:.\Generated_Source\PSoC4/cyfitter_cfg.c **** }
 120:.\Generated_Source\PSoC4/cyfitter_cfg.c **** #endif
 121:.\Generated_Source\PSoC4/cyfitter_cfg.c **** 
 122:.\Generated_Source\PSoC4/cyfitter_cfg.c **** 
 123:.\Generated_Source\PSoC4/cyfitter_cfg.c **** /*******************************************************************************
 124:.\Generated_Source\PSoC4/cyfitter_cfg.c **** * Function Name: SetIMOBGTrims
 125:.\Generated_Source\PSoC4/cyfitter_cfg.c **** ********************************************************************************
 126:.\Generated_Source\PSoC4/cyfitter_cfg.c **** *
 127:.\Generated_Source\PSoC4/cyfitter_cfg.c **** * Summary:
 128:.\Generated_Source\PSoC4/cyfitter_cfg.c **** *   Performs the configuration of the bandgap trim for the IMO based on the given
 129:.\Generated_Source\PSoC4/cyfitter_cfg.c **** *   expected frequency of the IMO. 
 130:.\Generated_Source\PSoC4/cyfitter_cfg.c **** *
 131:.\Generated_Source\PSoC4/cyfitter_cfg.c **** * Parameters:
 132:.\Generated_Source\PSoC4/cyfitter_cfg.c **** *   imoFreq: Frequency for operation of the IMO.
 133:.\Generated_Source\PSoC4/cyfitter_cfg.c **** *
 134:.\Generated_Source\PSoC4/cyfitter_cfg.c **** * Return:
 135:.\Generated_Source\PSoC4/cyfitter_cfg.c **** *   void
 136:.\Generated_Source\PSoC4/cyfitter_cfg.c **** *
 137:.\Generated_Source\PSoC4/cyfitter_cfg.c **** *******************************************************************************/
 138:.\Generated_Source\PSoC4/cyfitter_cfg.c **** static void SetIMOBGTrims(uint8 imoFreq);
 139:.\Generated_Source\PSoC4/cyfitter_cfg.c **** CY_CFG_SECTION
 140:.\Generated_Source\PSoC4/cyfitter_cfg.c **** static void SetIMOBGTrims(uint8 imoFreq)
 141:.\Generated_Source\PSoC4/cyfitter_cfg.c **** {
 142:.\Generated_Source\PSoC4/cyfitter_cfg.c **** 	CYPACKED typedef struct {
 143:.\Generated_Source\PSoC4/cyfitter_cfg.c **** 		uint8 freq;
 144:.\Generated_Source\PSoC4/cyfitter_cfg.c **** 		uint8 absolute;
 145:.\Generated_Source\PSoC4/cyfitter_cfg.c **** 		uint8 tmpco;
 146:.\Generated_Source\PSoC4/cyfitter_cfg.c **** 	} CYPACKED_ATTR imo_trim_entry_t;
ARM GAS  C:\Users\CHUCK~1.ERH\AppData\Local\Temp\ccBMiBtP.s 			page 4


 147:.\Generated_Source\PSoC4/cyfitter_cfg.c **** 
 148:.\Generated_Source\PSoC4/cyfitter_cfg.c **** 	CYPACKED typedef struct {
 149:.\Generated_Source\PSoC4/cyfitter_cfg.c **** 		imo_trim_entry_t entries[4];
 150:.\Generated_Source\PSoC4/cyfitter_cfg.c **** 	} CYPACKED_ATTR imo_trim_table_t;
 151:.\Generated_Source\PSoC4/cyfitter_cfg.c **** 
 152:.\Generated_Source\PSoC4/cyfitter_cfg.c **** 	static const imo_trim_table_t *imo_trim_table = (const imo_trim_table_t *)CYREG_SFLASH_IMO_MAXF0;
 153:.\Generated_Source\PSoC4/cyfitter_cfg.c **** 	static const uint32 IMO_TRIM_FREQ_TABLE_ENTRIES = sizeof(imo_trim_table->entries)/sizeof(imo_trim_
 154:.\Generated_Source\PSoC4/cyfitter_cfg.c **** 
 155:.\Generated_Source\PSoC4/cyfitter_cfg.c **** 	int32 imoTrimIndex;
 156:.\Generated_Source\PSoC4/cyfitter_cfg.c **** 	uint8 setAbs;
 157:.\Generated_Source\PSoC4/cyfitter_cfg.c **** 	uint8 setTmpCo;
 158:.\Generated_Source\PSoC4/cyfitter_cfg.c **** 
 159:.\Generated_Source\PSoC4/cyfitter_cfg.c **** 	/* Traverse the SFLASH IMO frequency-dependent bandgap trim table to
 160:.\Generated_Source\PSoC4/cyfitter_cfg.c **** 	 * locate the appropriate value to trim the IMO bandgap based on freq. */
 161:.\Generated_Source\PSoC4/cyfitter_cfg.c **** 	setAbs = CY_GET_REG8((const void *)CYREG_SFLASH_IMO_ABS4);
 162:.\Generated_Source\PSoC4/cyfitter_cfg.c **** 	setTmpCo = CY_GET_REG8((const void *)CYREG_SFLASH_IMO_TMPCO4);
 163:.\Generated_Source\PSoC4/cyfitter_cfg.c **** 	for (imoTrimIndex = ((int32)IMO_TRIM_FREQ_TABLE_ENTRIES)-1;
 164:.\Generated_Source\PSoC4/cyfitter_cfg.c **** 	     (imoTrimIndex >= 0) && (imoFreq <= imo_trim_table->entries[imoTrimIndex].freq);
 165:.\Generated_Source\PSoC4/cyfitter_cfg.c **** 	     imoTrimIndex--)
 166:.\Generated_Source\PSoC4/cyfitter_cfg.c **** 	{
 167:.\Generated_Source\PSoC4/cyfitter_cfg.c **** 		setAbs = imo_trim_table->entries[imoTrimIndex].absolute;
 168:.\Generated_Source\PSoC4/cyfitter_cfg.c **** 		setTmpCo = imo_trim_table->entries[imoTrimIndex].tmpco;
 169:.\Generated_Source\PSoC4/cyfitter_cfg.c **** 	}
 170:.\Generated_Source\PSoC4/cyfitter_cfg.c **** 
 171:.\Generated_Source\PSoC4/cyfitter_cfg.c **** 	CY_SET_REG32((void *)CYREG_PWR_BG_TRIM4, setAbs);
 172:.\Generated_Source\PSoC4/cyfitter_cfg.c **** 	CY_SET_REG32((void *)CYREG_PWR_BG_TRIM5, setTmpCo);
 173:.\Generated_Source\PSoC4/cyfitter_cfg.c **** }
 174:.\Generated_Source\PSoC4/cyfitter_cfg.c **** 
 175:.\Generated_Source\PSoC4/cyfitter_cfg.c **** 
 176:.\Generated_Source\PSoC4/cyfitter_cfg.c **** 
 177:.\Generated_Source\PSoC4/cyfitter_cfg.c **** /*******************************************************************************
 178:.\Generated_Source\PSoC4/cyfitter_cfg.c **** * Function Name: ClockSetup
 179:.\Generated_Source\PSoC4/cyfitter_cfg.c **** ********************************************************************************
 180:.\Generated_Source\PSoC4/cyfitter_cfg.c **** *
 181:.\Generated_Source\PSoC4/cyfitter_cfg.c **** * Summary:
 182:.\Generated_Source\PSoC4/cyfitter_cfg.c **** *   Performs the initialization of all of the clocks in the device based on the
 183:.\Generated_Source\PSoC4/cyfitter_cfg.c **** *   settings in the Clock tab of the DWR.  This includes enabling the requested
 184:.\Generated_Source\PSoC4/cyfitter_cfg.c **** *   clocks and setting the necessary dividers to produce the desired frequency. 
 185:.\Generated_Source\PSoC4/cyfitter_cfg.c **** *
 186:.\Generated_Source\PSoC4/cyfitter_cfg.c **** * Parameters:
 187:.\Generated_Source\PSoC4/cyfitter_cfg.c **** *   void
 188:.\Generated_Source\PSoC4/cyfitter_cfg.c **** *
 189:.\Generated_Source\PSoC4/cyfitter_cfg.c **** * Return:
 190:.\Generated_Source\PSoC4/cyfitter_cfg.c **** *   void
 191:.\Generated_Source\PSoC4/cyfitter_cfg.c **** *
 192:.\Generated_Source\PSoC4/cyfitter_cfg.c **** *******************************************************************************/
 193:.\Generated_Source\PSoC4/cyfitter_cfg.c **** static void ClockSetup(void);
 194:.\Generated_Source\PSoC4/cyfitter_cfg.c **** CY_CFG_SECTION
 195:.\Generated_Source\PSoC4/cyfitter_cfg.c **** static void ClockSetup(void)
 196:.\Generated_Source\PSoC4/cyfitter_cfg.c **** {
 197:.\Generated_Source\PSoC4/cyfitter_cfg.c **** 	/* Enable HALF_EN before trimming for the flash accelerator. */
 198:.\Generated_Source\PSoC4/cyfitter_cfg.c **** 	CY_SET_REG32((void CYXDATA *)(CYREG_CLK_SELECT), (CY_GET_REG32((void *)CYREG_CLK_SELECT) | 0x00040
 199:.\Generated_Source\PSoC4/cyfitter_cfg.c **** 
 200:.\Generated_Source\PSoC4/cyfitter_cfg.c **** 	/* Trim IMO BG based on desired frequency. */
 201:.\Generated_Source\PSoC4/cyfitter_cfg.c **** 	SetIMOBGTrims(48u);
 202:.\Generated_Source\PSoC4/cyfitter_cfg.c **** 
 203:.\Generated_Source\PSoC4/cyfitter_cfg.c **** 	/* Going faster than 24MHz, so update trim value then adjust to new clock speed. */
ARM GAS  C:\Users\CHUCK~1.ERH\AppData\Local\Temp\ccBMiBtP.s 			page 5


 204:.\Generated_Source\PSoC4/cyfitter_cfg.c **** 	CY_SET_REG32((void CYXDATA *)(CYREG_CLK_IMO_TRIM1), (CY_GET_REG8((void *)CYREG_SFLASH_IMO_TRIM45))
 205:.\Generated_Source\PSoC4/cyfitter_cfg.c **** 	CyDelayUs(5u);
 206:.\Generated_Source\PSoC4/cyfitter_cfg.c **** 	CY_SET_REG32((void CYXDATA *)(CYREG_CLK_IMO_TRIM2), (53u));
 207:.\Generated_Source\PSoC4/cyfitter_cfg.c **** 
 208:.\Generated_Source\PSoC4/cyfitter_cfg.c **** 	/* CYDEV_CLK_SELECT00 Starting address: CYDEV_CLK_SELECT00 */
 209:.\Generated_Source\PSoC4/cyfitter_cfg.c **** 	CY_SET_XTND_REG32((void CYFAR *)(CYREG_CLK_SELECT02), 0x00000010u);
 210:.\Generated_Source\PSoC4/cyfitter_cfg.c **** 	CY_SET_XTND_REG32((void CYFAR *)(CYREG_CLK_SELECT03), 0x00000010u);
 211:.\Generated_Source\PSoC4/cyfitter_cfg.c **** 
 212:.\Generated_Source\PSoC4/cyfitter_cfg.c **** 	/* CYDEV_CLK_IMO_CONFIG Starting address: CYDEV_CLK_IMO_CONFIG */
 213:.\Generated_Source\PSoC4/cyfitter_cfg.c **** 	CY_SET_XTND_REG32((void CYFAR *)(CYREG_CLK_IMO_CONFIG), 0x80000000u);
 214:.\Generated_Source\PSoC4/cyfitter_cfg.c **** 
 215:.\Generated_Source\PSoC4/cyfitter_cfg.c **** 	/* CYDEV_CLK_ILO_CONFIG Starting address: CYDEV_CLK_ILO_CONFIG */
 216:.\Generated_Source\PSoC4/cyfitter_cfg.c **** 	CY_SET_XTND_REG32((void CYFAR *)(CYREG_CLK_ILO_CONFIG), 0x80000000u);
 217:.\Generated_Source\PSoC4/cyfitter_cfg.c **** 
 218:.\Generated_Source\PSoC4/cyfitter_cfg.c **** 	/* CYDEV_CLK_SELECT Starting address: CYDEV_CLK_SELECT */
 219:.\Generated_Source\PSoC4/cyfitter_cfg.c **** 	CY_SET_XTND_REG32((void CYFAR *)(CYREG_CLK_SELECT), 0x00040000u);
 220:.\Generated_Source\PSoC4/cyfitter_cfg.c **** 
 221:.\Generated_Source\PSoC4/cyfitter_cfg.c **** 	/* CYDEV_CLK_DIVIDER_A00 Starting address: CYDEV_CLK_DIVIDER_A00 */
 222:.\Generated_Source\PSoC4/cyfitter_cfg.c **** 	CY_SET_XTND_REG32((void CYFAR *)(CYREG_CLK_DIVIDER_A00), 0x80000000u);
 223:.\Generated_Source\PSoC4/cyfitter_cfg.c **** 
 224:.\Generated_Source\PSoC4/cyfitter_cfg.c **** }
 225:.\Generated_Source\PSoC4/cyfitter_cfg.c **** 
 226:.\Generated_Source\PSoC4/cyfitter_cfg.c **** 
 227:.\Generated_Source\PSoC4/cyfitter_cfg.c **** /* Analog API Functions */
 228:.\Generated_Source\PSoC4/cyfitter_cfg.c **** 
 229:.\Generated_Source\PSoC4/cyfitter_cfg.c **** 
 230:.\Generated_Source\PSoC4/cyfitter_cfg.c **** /*******************************************************************************
 231:.\Generated_Source\PSoC4/cyfitter_cfg.c **** * Function Name: AnalogSetDefault
 232:.\Generated_Source\PSoC4/cyfitter_cfg.c **** ********************************************************************************
 233:.\Generated_Source\PSoC4/cyfitter_cfg.c **** *
 234:.\Generated_Source\PSoC4/cyfitter_cfg.c **** * Summary:
 235:.\Generated_Source\PSoC4/cyfitter_cfg.c **** *  Sets up the analog portions of the chip to default values based on chip
 236:.\Generated_Source\PSoC4/cyfitter_cfg.c **** *  configuration options from the project.
 237:.\Generated_Source\PSoC4/cyfitter_cfg.c **** *
 238:.\Generated_Source\PSoC4/cyfitter_cfg.c **** * Parameters:
 239:.\Generated_Source\PSoC4/cyfitter_cfg.c **** *  void
 240:.\Generated_Source\PSoC4/cyfitter_cfg.c **** *
 241:.\Generated_Source\PSoC4/cyfitter_cfg.c **** * Return:
 242:.\Generated_Source\PSoC4/cyfitter_cfg.c **** *  void
 243:.\Generated_Source\PSoC4/cyfitter_cfg.c **** *
 244:.\Generated_Source\PSoC4/cyfitter_cfg.c **** *******************************************************************************/
 245:.\Generated_Source\PSoC4/cyfitter_cfg.c **** static void AnalogSetDefault(void);
 246:.\Generated_Source\PSoC4/cyfitter_cfg.c **** static void AnalogSetDefault(void)
 247:.\Generated_Source\PSoC4/cyfitter_cfg.c **** {
 248:.\Generated_Source\PSoC4/cyfitter_cfg.c **** }
 249:.\Generated_Source\PSoC4/cyfitter_cfg.c **** 
 250:.\Generated_Source\PSoC4/cyfitter_cfg.c **** #define CY_AMUX_UNUSED CYREG_CM0_ROM_DWT
 251:.\Generated_Source\PSoC4/cyfitter_cfg.c **** 
 252:.\Generated_Source\PSoC4/cyfitter_cfg.c **** 
 253:.\Generated_Source\PSoC4/cyfitter_cfg.c **** /*******************************************************************************
 254:.\Generated_Source\PSoC4/cyfitter_cfg.c **** * Function Name: cyfitter_cfg
 255:.\Generated_Source\PSoC4/cyfitter_cfg.c **** ********************************************************************************
 256:.\Generated_Source\PSoC4/cyfitter_cfg.c **** * Summary:
 257:.\Generated_Source\PSoC4/cyfitter_cfg.c **** *  This function is called by the start-up code for the selected device. It
 258:.\Generated_Source\PSoC4/cyfitter_cfg.c **** *  performs all of the necessary device configuration based on the design
 259:.\Generated_Source\PSoC4/cyfitter_cfg.c **** *  settings.  This includes settings from the Design Wide Resources (DWR) such
 260:.\Generated_Source\PSoC4/cyfitter_cfg.c **** *  as Clocks and Pins as well as any component configuration that is necessary.
ARM GAS  C:\Users\CHUCK~1.ERH\AppData\Local\Temp\ccBMiBtP.s 			page 6


 261:.\Generated_Source\PSoC4/cyfitter_cfg.c **** *
 262:.\Generated_Source\PSoC4/cyfitter_cfg.c **** * Parameters:  
 263:.\Generated_Source\PSoC4/cyfitter_cfg.c **** *   void
 264:.\Generated_Source\PSoC4/cyfitter_cfg.c **** *
 265:.\Generated_Source\PSoC4/cyfitter_cfg.c **** * Return:
 266:.\Generated_Source\PSoC4/cyfitter_cfg.c **** *   void
 267:.\Generated_Source\PSoC4/cyfitter_cfg.c **** *
 268:.\Generated_Source\PSoC4/cyfitter_cfg.c **** *******************************************************************************/
 269:.\Generated_Source\PSoC4/cyfitter_cfg.c **** CY_CFG_SECTION
 270:.\Generated_Source\PSoC4/cyfitter_cfg.c **** void cyfitter_cfg(void)
 271:.\Generated_Source\PSoC4/cyfitter_cfg.c **** {
  26              		.loc 1 271 0
  27              		.cfi_startproc
  28 0000 10B5     		push	{r4, lr}
  29              	.LCFI0:
  30              		.cfi_def_cfa_offset 8
  31              		.cfi_offset 4, -8
  32              		.cfi_offset 14, -4
 272:.\Generated_Source\PSoC4/cyfitter_cfg.c **** 	/* Disable interrupts by default. Let user enable if/when they want. */
 273:.\Generated_Source\PSoC4/cyfitter_cfg.c **** 	CyGlobalIntDisable;
  33              		.loc 1 273 0
  34              	@ 273 ".\Generated_Source\PSoC4\cyfitter_cfg.c" 1
  35 0002 72B6     		CPSID   i
  36              	@ 0 "" 2
  37              	.LVL0:
  38              		.code	16
  39              	.LBB14:
  40              	.LBB15:
  41              	.LBB16:
  42              	.LBB17:
  59:.\Generated_Source\PSoC4/cyfitter_cfg.c **** 	(void)memset(s, 0, n);
  43              		.loc 1 59 0
  44 0004 8022     		mov	r2, #128
  45 0006 0021     		mov	r1, #0
  46 0008 D200     		lsl	r2, r2, #3
  47 000a 3048     		ldr	r0, .L6
  48 000c FFF7FEFF 		bl	memset
  49              	.LVL1:
  50 0010 8023     		mov	r3, #128
  51 0012 DA00     		lsl	r2, r3, #3
  52 0014 0021     		mov	r1, #0
  53 0016 2E48     		ldr	r0, .L6+4
  54 0018 FFF7FEFF 		bl	memset
  55              	.LVL2:
  56              	.LBE17:
  57              	.LBE16:
  58              	.LBE15:
 274:.\Generated_Source\PSoC4/cyfitter_cfg.c **** 
 275:.\Generated_Source\PSoC4/cyfitter_cfg.c **** 	{
 276:.\Generated_Source\PSoC4/cyfitter_cfg.c **** 
 277:.\Generated_Source\PSoC4/cyfitter_cfg.c **** 		CYPACKED typedef struct {
 278:.\Generated_Source\PSoC4/cyfitter_cfg.c **** 			void CYFAR *address;
 279:.\Generated_Source\PSoC4/cyfitter_cfg.c **** 			uint16 size;
 280:.\Generated_Source\PSoC4/cyfitter_cfg.c **** 		} CYPACKED_ATTR cfg_memset_t;
 281:.\Generated_Source\PSoC4/cyfitter_cfg.c **** 
 282:.\Generated_Source\PSoC4/cyfitter_cfg.c **** 		static const cfg_memset_t CYCODE cfg_memset_list [] = {
 283:.\Generated_Source\PSoC4/cyfitter_cfg.c **** 			/* address, size */
ARM GAS  C:\Users\CHUCK~1.ERH\AppData\Local\Temp\ccBMiBtP.s 			page 7


 284:.\Generated_Source\PSoC4/cyfitter_cfg.c **** 			{(void CYFAR *)(CYDEV_UDB_P0_U0_BASE), 1024u},
 285:.\Generated_Source\PSoC4/cyfitter_cfg.c **** 			{(void CYFAR *)(CYDEV_UDB_DSI0_BASE), 1024u},
 286:.\Generated_Source\PSoC4/cyfitter_cfg.c **** 		};
 287:.\Generated_Source\PSoC4/cyfitter_cfg.c **** 
 288:.\Generated_Source\PSoC4/cyfitter_cfg.c **** 		uint8 CYDATA i;
 289:.\Generated_Source\PSoC4/cyfitter_cfg.c **** 
 290:.\Generated_Source\PSoC4/cyfitter_cfg.c **** 		/* Zero out critical memory blocks before beginning configuration */
 291:.\Generated_Source\PSoC4/cyfitter_cfg.c **** 		for (i = 0u; i < (sizeof(cfg_memset_list)/sizeof(cfg_memset_list[0])); i++)
 292:.\Generated_Source\PSoC4/cyfitter_cfg.c **** 		{
 293:.\Generated_Source\PSoC4/cyfitter_cfg.c **** 			const cfg_memset_t CYCODE * CYDATA ms = &cfg_memset_list[i];
 294:.\Generated_Source\PSoC4/cyfitter_cfg.c **** 			CYMEMZERO(ms->address, (uint32)(ms->size));
 295:.\Generated_Source\PSoC4/cyfitter_cfg.c **** 		}
 296:.\Generated_Source\PSoC4/cyfitter_cfg.c **** 
 297:.\Generated_Source\PSoC4/cyfitter_cfg.c **** 		/* HSIOM Starting address: CYDEV_HSIOM_BASE */
 298:.\Generated_Source\PSoC4/cyfitter_cfg.c **** 		CY_SET_XTND_REG32((void CYFAR *)(CYDEV_HSIOM_BASE), 0xFF000000u);
  59              		.loc 1 298 0
  60 001c 2D4C     		ldr	r4, .L6+8
  61 001e FF20     		mov	r0, #255
 299:.\Generated_Source\PSoC4/cyfitter_cfg.c **** 		CY_SET_XTND_REG32((void CYFAR *)(CYREG_HSIOM_PORT_SEL3), 0x000FEEFFu);
  62              		.loc 1 299 0
  63 0020 2D4A     		ldr	r2, .L6+12
  64 0022 2E4B     		ldr	r3, .L6+16
 298:.\Generated_Source\PSoC4/cyfitter_cfg.c **** 		CY_SET_XTND_REG32((void CYFAR *)(CYDEV_HSIOM_BASE), 0xFF000000u);
  65              		.loc 1 298 0
  66 0024 0106     		lsl	r1, r0, #24
  67 0026 2160     		str	r1, [r4]
  68              		.loc 1 299 0
  69 0028 1A60     		str	r2, [r3]
 300:.\Generated_Source\PSoC4/cyfitter_cfg.c **** 
 301:.\Generated_Source\PSoC4/cyfitter_cfg.c **** 		/* IOPINS0_0 Starting address: CYDEV_PRT0_DR */
 302:.\Generated_Source\PSoC4/cyfitter_cfg.c **** 		CY_SET_XTND_REG32((void CYFAR *)(CYREG_PRT0_DR), 0x000000C0u);
  70              		.loc 1 302 0
  71 002a 2D49     		ldr	r1, .L6+20
 303:.\Generated_Source\PSoC4/cyfitter_cfg.c **** 		CY_SET_XTND_REG32((void CYFAR *)(CYREG_PRT0_PC), 0x00D80000u);
  72              		.loc 1 303 0
  73 002c D824     		mov	r4, #216
  74 002e 2D4B     		ldr	r3, .L6+24
  75 0030 2204     		lsl	r2, r4, #16
 302:.\Generated_Source\PSoC4/cyfitter_cfg.c **** 		CY_SET_XTND_REG32((void CYFAR *)(CYREG_PRT0_DR), 0x000000C0u);
  76              		.loc 1 302 0
  77 0032 C020     		mov	r0, #192
  78 0034 0860     		str	r0, [r1]
 304:.\Generated_Source\PSoC4/cyfitter_cfg.c **** 
 305:.\Generated_Source\PSoC4/cyfitter_cfg.c **** 		/* IOPINS0_3 Starting address: CYDEV_PRT3_DR */
 306:.\Generated_Source\PSoC4/cyfitter_cfg.c **** 		CY_SET_XTND_REG32((void CYFAR *)(CYREG_PRT3_DR), 0x00000011u);
 307:.\Generated_Source\PSoC4/cyfitter_cfg.c **** 		CY_SET_XTND_REG32((void CYFAR *)(CYREG_PRT3_PC), 0x00006D8Eu);
  79              		.loc 1 307 0
  80 0036 2C4C     		ldr	r4, .L6+28
 303:.\Generated_Source\PSoC4/cyfitter_cfg.c **** 		CY_SET_XTND_REG32((void CYFAR *)(CYREG_PRT0_PC), 0x00D80000u);
  81              		.loc 1 303 0
  82 0038 1A60     		str	r2, [r3]
 306:.\Generated_Source\PSoC4/cyfitter_cfg.c **** 		CY_SET_XTND_REG32((void CYFAR *)(CYREG_PRT3_DR), 0x00000011u);
  83              		.loc 1 306 0
  84 003a 2C49     		ldr	r1, .L6+32
  85              		.loc 1 307 0
  86 003c 2C4A     		ldr	r2, .L6+36
 306:.\Generated_Source\PSoC4/cyfitter_cfg.c **** 		CY_SET_XTND_REG32((void CYFAR *)(CYREG_PRT3_DR), 0x00000011u);
ARM GAS  C:\Users\CHUCK~1.ERH\AppData\Local\Temp\ccBMiBtP.s 			page 8


  87              		.loc 1 306 0
  88 003e 1120     		mov	r0, #17
  89 0040 0860     		str	r0, [r1]
 308:.\Generated_Source\PSoC4/cyfitter_cfg.c **** 
 309:.\Generated_Source\PSoC4/cyfitter_cfg.c **** 		/* UDB_PA_0 Starting address: CYDEV_UDB_PA0_BASE */
 310:.\Generated_Source\PSoC4/cyfitter_cfg.c **** 		CY_SET_XTND_REG32((void CYFAR *)(CYDEV_UDB_PA0_BASE), 0x00990000u);
  90              		.loc 1 310 0
  91 0042 9923     		mov	r3, #153
 307:.\Generated_Source\PSoC4/cyfitter_cfg.c **** 		CY_SET_XTND_REG32((void CYFAR *)(CYREG_PRT3_PC), 0x00006D8Eu);
  92              		.loc 1 307 0
  93 0044 1460     		str	r4, [r2]
  94              		.loc 1 310 0
  95 0046 2B49     		ldr	r1, .L6+40
 311:.\Generated_Source\PSoC4/cyfitter_cfg.c **** 
 312:.\Generated_Source\PSoC4/cyfitter_cfg.c **** 		/* UDB_PA_3 Starting address: CYDEV_UDB_PA3_BASE */
 313:.\Generated_Source\PSoC4/cyfitter_cfg.c **** 		CY_SET_XTND_REG32((void CYFAR *)(CYDEV_UDB_PA3_BASE), 0x00990000u);
  96              		.loc 1 313 0
  97 0048 2B4C     		ldr	r4, .L6+44
 310:.\Generated_Source\PSoC4/cyfitter_cfg.c **** 		CY_SET_XTND_REG32((void CYFAR *)(CYDEV_UDB_PA0_BASE), 0x00990000u);
  98              		.loc 1 310 0
  99 004a 1804     		lsl	r0, r3, #16
 314:.\Generated_Source\PSoC4/cyfitter_cfg.c **** 
 315:.\Generated_Source\PSoC4/cyfitter_cfg.c **** 		/* Enable digital routing */
 316:.\Generated_Source\PSoC4/cyfitter_cfg.c **** 		CY_SET_XTND_REG8((void *)CYREG_UDB_UDBIF_BANK_CTL, CY_GET_XTND_REG8((void *)CYREG_UDB_UDBIF_BANK_
 100              		.loc 1 316 0
 101 004c 2B4B     		ldr	r3, .L6+48
 310:.\Generated_Source\PSoC4/cyfitter_cfg.c **** 		CY_SET_XTND_REG32((void CYFAR *)(CYDEV_UDB_PA0_BASE), 0x00990000u);
 102              		.loc 1 310 0
 103 004e 0860     		str	r0, [r1]
 313:.\Generated_Source\PSoC4/cyfitter_cfg.c **** 		CY_SET_XTND_REG32((void CYFAR *)(CYDEV_UDB_PA3_BASE), 0x00990000u);
 104              		.loc 1 313 0
 105 0050 2060     		str	r0, [r4]
 106              		.loc 1 316 0
 107 0052 1A78     		ldrb	r2, [r3]
 108 0054 0220     		mov	r0, #2
 109 0056 0243     		orr	r2, r0
 110 0058 1A70     		strb	r2, [r3]
 317:.\Generated_Source\PSoC4/cyfitter_cfg.c **** 
 318:.\Generated_Source\PSoC4/cyfitter_cfg.c **** 		/* Enable UDB array */
 319:.\Generated_Source\PSoC4/cyfitter_cfg.c **** 		CY_SET_XTND_REG8((void *)CYREG_UDB_UDBIF_BANK_CTL, CY_GET_XTND_REG8((void *)CYREG_UDB_UDBIF_BANK_
 111              		.loc 1 319 0
 112 005a 1C78     		ldrb	r4, [r3]
 113 005c 0621     		mov	r1, #6
 114 005e 0C43     		orr	r4, r1
 115              	.LBE14:
 116              	.LBB18:
 117              	.LBB19:
 198:.\Generated_Source\PSoC4/cyfitter_cfg.c **** 	CY_SET_REG32((void CYXDATA *)(CYREG_CLK_SELECT), (CY_GET_REG32((void *)CYREG_CLK_SELECT) | 0x00040
 118              		.loc 1 198 0
 119 0060 274A     		ldr	r2, .L6+52
 120              	.LBE19:
 121              	.LBE18:
 122              	.LBB30:
 123              		.loc 1 319 0
 124 0062 1C70     		strb	r4, [r3]
 125              	.LBE30:
 126              	.LBB31:
ARM GAS  C:\Users\CHUCK~1.ERH\AppData\Local\Temp\ccBMiBtP.s 			page 9


 127              	.LBB28:
 198:.\Generated_Source\PSoC4/cyfitter_cfg.c **** 	CY_SET_REG32((void CYXDATA *)(CYREG_CLK_SELECT), (CY_GET_REG32((void *)CYREG_CLK_SELECT) | 0x00040
 128              		.loc 1 198 0
 129 0064 1068     		ldr	r0, [r2]
 130 0066 8023     		mov	r3, #128
 131 0068 DC02     		lsl	r4, r3, #11
 132 006a 0443     		orr	r4, r0
 133              	.LBB20:
 134              	.LBB21:
 161:.\Generated_Source\PSoC4/cyfitter_cfg.c **** 	setAbs = CY_GET_REG8((const void *)CYREG_SFLASH_IMO_ABS4);
 135              		.loc 1 161 0
 136 006c 2549     		ldr	r1, .L6+56
 162:.\Generated_Source\PSoC4/cyfitter_cfg.c **** 	setTmpCo = CY_GET_REG8((const void *)CYREG_SFLASH_IMO_TMPCO4);
 137              		.loc 1 162 0
 138 006e 264B     		ldr	r3, .L6+60
 139              	.LBE21:
 140              	.LBE20:
 198:.\Generated_Source\PSoC4/cyfitter_cfg.c **** 	CY_SET_REG32((void CYXDATA *)(CYREG_CLK_SELECT), (CY_GET_REG32((void *)CYREG_CLK_SELECT) | 0x00040
 141              		.loc 1 198 0
 142 0070 1460     		str	r4, [r2]
 143              	.LVL3:
 144              	.LBB25:
 145              	.LBB22:
 161:.\Generated_Source\PSoC4/cyfitter_cfg.c **** 	setAbs = CY_GET_REG8((const void *)CYREG_SFLASH_IMO_ABS4);
 146              		.loc 1 161 0
 147 0072 0878     		ldrb	r0, [r1]
 148              	.LVL4:
 162:.\Generated_Source\PSoC4/cyfitter_cfg.c **** 	setTmpCo = CY_GET_REG8((const void *)CYREG_SFLASH_IMO_TMPCO4);
 149              		.loc 1 162 0
 150 0074 1978     		ldrb	r1, [r3]
 151              	.LVL5:
 152 0076 254B     		ldr	r3, .L6+64
 153 0078 141C     		mov	r4, r2
 154              	.LVL6:
 155              	.L2:
 164:.\Generated_Source\PSoC4/cyfitter_cfg.c **** 	     (imoTrimIndex >= 0) && (imoFreq <= imo_trim_table->entries[imoTrimIndex].freq);
 156              		.loc 1 164 0
 157 007a 1A78     		ldrb	r2, [r3]
 158 007c 2F2A     		cmp	r2, #47
 159 007e 05D9     		bls	.L3
 160              	.L4:
 163:.\Generated_Source\PSoC4/cyfitter_cfg.c **** 	for (imoTrimIndex = ((int32)IMO_TRIM_FREQ_TABLE_ENTRIES)-1;
 161              		.loc 1 163 0
 162 0080 234A     		ldr	r2, .L6+68
 167:.\Generated_Source\PSoC4/cyfitter_cfg.c **** 		setAbs = imo_trim_table->entries[imoTrimIndex].absolute;
 163              		.loc 1 167 0
 164 0082 5878     		ldrb	r0, [r3, #1]
 168:.\Generated_Source\PSoC4/cyfitter_cfg.c **** 		setTmpCo = imo_trim_table->entries[imoTrimIndex].tmpco;
 165              		.loc 1 168 0
 166 0084 9978     		ldrb	r1, [r3, #2]
 167 0086 033B     		sub	r3, r3, #3
 163:.\Generated_Source\PSoC4/cyfitter_cfg.c **** 	for (imoTrimIndex = ((int32)IMO_TRIM_FREQ_TABLE_ENTRIES)-1;
 168              		.loc 1 163 0
 169 0088 9342     		cmp	r3, r2
 170 008a F6D1     		bne	.L2
 171              	.L3:
 171:.\Generated_Source\PSoC4/cyfitter_cfg.c **** 	CY_SET_REG32((void *)CYREG_PWR_BG_TRIM4, setAbs);
ARM GAS  C:\Users\CHUCK~1.ERH\AppData\Local\Temp\ccBMiBtP.s 			page 10


 172              		.loc 1 171 0
 173 008c 214B     		ldr	r3, .L6+72
 174              	.LBE22:
 175              	.LBE25:
 176              	.LBE28:
 177              	.LBE31:
 320:.\Generated_Source\PSoC4/cyfitter_cfg.c **** 	}
 321:.\Generated_Source\PSoC4/cyfitter_cfg.c **** 
 322:.\Generated_Source\PSoC4/cyfitter_cfg.c **** 	/* Setup clocks based on selections from Clock DWR */
 323:.\Generated_Source\PSoC4/cyfitter_cfg.c **** 	ClockSetup();
 324:.\Generated_Source\PSoC4/cyfitter_cfg.c **** 
 325:.\Generated_Source\PSoC4/cyfitter_cfg.c **** 	/* Perform basic analog initialization to defaults */
 326:.\Generated_Source\PSoC4/cyfitter_cfg.c **** 	AnalogSetDefault();
 327:.\Generated_Source\PSoC4/cyfitter_cfg.c **** 
 328:.\Generated_Source\PSoC4/cyfitter_cfg.c **** }
 178              		.loc 1 328 0
 179              		@ sp needed for prologue
 180              	.LBB32:
 181              	.LBB29:
 182              	.LBB26:
 183              	.LBB23:
 171:.\Generated_Source\PSoC4/cyfitter_cfg.c **** 	CY_SET_REG32((void *)CYREG_PWR_BG_TRIM4, setAbs);
 184              		.loc 1 171 0
 185 008e 1860     		str	r0, [r3]
 172:.\Generated_Source\PSoC4/cyfitter_cfg.c **** 	CY_SET_REG32((void *)CYREG_PWR_BG_TRIM5, setTmpCo);
 186              		.loc 1 172 0
 187 0090 2148     		ldr	r0, .L6+76
 188              	.LBE23:
 189              	.LBE26:
 204:.\Generated_Source\PSoC4/cyfitter_cfg.c **** 	CY_SET_REG32((void CYXDATA *)(CYREG_CLK_IMO_TRIM1), (CY_GET_REG8((void *)CYREG_SFLASH_IMO_TRIM45))
 190              		.loc 1 204 0
 191 0092 224B     		ldr	r3, .L6+80
 192              	.LBB27:
 193              	.LBB24:
 172:.\Generated_Source\PSoC4/cyfitter_cfg.c **** 	CY_SET_REG32((void *)CYREG_PWR_BG_TRIM5, setTmpCo);
 194              		.loc 1 172 0
 195 0094 0160     		str	r1, [r0]
 196              	.LBE24:
 197              	.LBE27:
 204:.\Generated_Source\PSoC4/cyfitter_cfg.c **** 	CY_SET_REG32((void CYXDATA *)(CYREG_CLK_IMO_TRIM1), (CY_GET_REG8((void *)CYREG_SFLASH_IMO_TRIM45))
 198              		.loc 1 204 0
 199 0096 2249     		ldr	r1, .L6+84
 205:.\Generated_Source\PSoC4/cyfitter_cfg.c **** 	CyDelayUs(5u);
 200              		.loc 1 205 0
 201 0098 0520     		mov	r0, #5
 204:.\Generated_Source\PSoC4/cyfitter_cfg.c **** 	CY_SET_REG32((void CYXDATA *)(CYREG_CLK_IMO_TRIM1), (CY_GET_REG8((void *)CYREG_SFLASH_IMO_TRIM45))
 202              		.loc 1 204 0
 203 009a 0A78     		ldrb	r2, [r1]
 204 009c 1A60     		str	r2, [r3]
 205:.\Generated_Source\PSoC4/cyfitter_cfg.c **** 	CyDelayUs(5u);
 205              		.loc 1 205 0
 206 009e FFF7FEFF 		bl	CyDelayUs
 207              	.LVL7:
 206:.\Generated_Source\PSoC4/cyfitter_cfg.c **** 	CY_SET_REG32((void CYXDATA *)(CYREG_CLK_IMO_TRIM2), (53u));
 208              		.loc 1 206 0
 209 00a2 2049     		ldr	r1, .L6+88
 210 00a4 3520     		mov	r0, #53
ARM GAS  C:\Users\CHUCK~1.ERH\AppData\Local\Temp\ccBMiBtP.s 			page 11


 209:.\Generated_Source\PSoC4/cyfitter_cfg.c **** 	CY_SET_XTND_REG32((void CYFAR *)(CYREG_CLK_SELECT02), 0x00000010u);
 211              		.loc 1 209 0
 212 00a6 204A     		ldr	r2, .L6+92
 206:.\Generated_Source\PSoC4/cyfitter_cfg.c **** 	CY_SET_REG32((void CYXDATA *)(CYREG_CLK_IMO_TRIM2), (53u));
 213              		.loc 1 206 0
 214 00a8 0860     		str	r0, [r1]
 209:.\Generated_Source\PSoC4/cyfitter_cfg.c **** 	CY_SET_XTND_REG32((void CYFAR *)(CYREG_CLK_SELECT02), 0x00000010u);
 215              		.loc 1 209 0
 216 00aa 1023     		mov	r3, #16
 210:.\Generated_Source\PSoC4/cyfitter_cfg.c **** 	CY_SET_XTND_REG32((void CYFAR *)(CYREG_CLK_SELECT03), 0x00000010u);
 217              		.loc 1 210 0
 218 00ac 1F48     		ldr	r0, .L6+96
 209:.\Generated_Source\PSoC4/cyfitter_cfg.c **** 	CY_SET_XTND_REG32((void CYFAR *)(CYREG_CLK_SELECT02), 0x00000010u);
 219              		.loc 1 209 0
 220 00ae 1360     		str	r3, [r2]
 213:.\Generated_Source\PSoC4/cyfitter_cfg.c **** 	CY_SET_XTND_REG32((void CYFAR *)(CYREG_CLK_IMO_CONFIG), 0x80000000u);
 221              		.loc 1 213 0
 222 00b0 8021     		mov	r1, #128
 223 00b2 1F4A     		ldr	r2, .L6+100
 210:.\Generated_Source\PSoC4/cyfitter_cfg.c **** 	CY_SET_XTND_REG32((void CYFAR *)(CYREG_CLK_SELECT03), 0x00000010u);
 224              		.loc 1 210 0
 225 00b4 0360     		str	r3, [r0]
 213:.\Generated_Source\PSoC4/cyfitter_cfg.c **** 	CY_SET_XTND_REG32((void CYFAR *)(CYREG_CLK_IMO_CONFIG), 0x80000000u);
 226              		.loc 1 213 0
 227 00b6 0B06     		lsl	r3, r1, #24
 216:.\Generated_Source\PSoC4/cyfitter_cfg.c **** 	CY_SET_XTND_REG32((void CYFAR *)(CYREG_CLK_ILO_CONFIG), 0x80000000u);
 228              		.loc 1 216 0
 229 00b8 1E48     		ldr	r0, .L6+104
 219:.\Generated_Source\PSoC4/cyfitter_cfg.c **** 	CY_SET_XTND_REG32((void CYFAR *)(CYREG_CLK_SELECT), 0x00040000u);
 230              		.loc 1 219 0
 231 00ba 8021     		mov	r1, #128
 213:.\Generated_Source\PSoC4/cyfitter_cfg.c **** 	CY_SET_XTND_REG32((void CYFAR *)(CYREG_CLK_IMO_CONFIG), 0x80000000u);
 232              		.loc 1 213 0
 233 00bc 1360     		str	r3, [r2]
 219:.\Generated_Source\PSoC4/cyfitter_cfg.c **** 	CY_SET_XTND_REG32((void CYFAR *)(CYREG_CLK_SELECT), 0x00040000u);
 234              		.loc 1 219 0
 235 00be CA02     		lsl	r2, r1, #11
 216:.\Generated_Source\PSoC4/cyfitter_cfg.c **** 	CY_SET_XTND_REG32((void CYFAR *)(CYREG_CLK_ILO_CONFIG), 0x80000000u);
 236              		.loc 1 216 0
 237 00c0 0360     		str	r3, [r0]
 219:.\Generated_Source\PSoC4/cyfitter_cfg.c **** 	CY_SET_XTND_REG32((void CYFAR *)(CYREG_CLK_SELECT), 0x00040000u);
 238              		.loc 1 219 0
 239 00c2 2260     		str	r2, [r4]
 222:.\Generated_Source\PSoC4/cyfitter_cfg.c **** 	CY_SET_XTND_REG32((void CYFAR *)(CYREG_CLK_DIVIDER_A00), 0x80000000u);
 240              		.loc 1 222 0
 241 00c4 1C4C     		ldr	r4, .L6+108
 242 00c6 2360     		str	r3, [r4]
 243              	.LBE29:
 244              	.LBE32:
 245              		.loc 1 328 0
 246 00c8 10BD     		pop	{r4, pc}
 247              	.L7:
 248 00ca C046     		.align	2
 249              	.L6:
 250 00cc 00300F40 		.word	1074737152
 251 00d0 00400F40 		.word	1074741248
 252 00d4 00000140 		.word	1073807360
ARM GAS  C:\Users\CHUCK~1.ERH\AppData\Local\Temp\ccBMiBtP.s 			page 12


 253 00d8 FFEE0F00 		.word	1044223
 254 00dc 0C000140 		.word	1073807372
 255 00e0 00000440 		.word	1074003968
 256 00e4 08000440 		.word	1074003976
 257 00e8 8E6D0000 		.word	28046
 258 00ec 00030440 		.word	1074004736
 259 00f0 08030440 		.word	1074004744
 260 00f4 00500F40 		.word	1074745344
 261 00f8 30500F40 		.word	1074745392
 262 00fc 00700F40 		.word	1074753536
 263 0100 00010B40 		.word	1074462976
 264 0104 CCF1FF0F 		.word	268431820
 265 0108 CDF1FF0F 		.word	268431821
 266 010c C9F1FF0F 		.word	268431817
 267 0110 BDF1FF0F 		.word	268431805
 268 0114 1CFF0B40 		.word	1074528028
 269 0118 20FF0B40 		.word	1074528032
 270 011c 28FF0B40 		.word	1074528040
 271 0120 FDF1FF0F 		.word	268431869
 272 0124 2CFF0B40 		.word	1074528044
 273 0128 08020240 		.word	1073873416
 274 012c 0C020240 		.word	1073873420
 275 0130 08010B40 		.word	1074462984
 276 0134 04010B40 		.word	1074462980
 277 0138 00000240 		.word	1073872896
 278              		.cfi_endproc
 279              	.LFE6:
 280              		.size	cyfitter_cfg, .-cyfitter_cfg
 281              		.text
 282              	.Letext0:
 283              		.file 2 "c:\\program files (x86)\\cypress\\psoc creator\\3.0\\psoc creator\\import\\gnu_cs\\arm\\4
 284              		.file 3 "./Generated_Source/PSoC4/cytypes.h"
 285              		.file 4 "./Generated_Source/PSoC4/CyLib.h"
 286              		.section	.debug_info,"",%progbits
 287              	.Ldebug_info0:
 288 0000 94030000 		.4byte	0x394
 289 0004 0200     		.2byte	0x2
 290 0006 00000000 		.4byte	.Ldebug_abbrev0
 291 000a 04       		.byte	0x4
 292 000b 01       		.uleb128 0x1
 293 000c 29020000 		.4byte	.LASF40
 294 0010 01       		.byte	0x1
 295 0011 5F010000 		.4byte	.LASF41
 296 0015 BF010000 		.4byte	.LASF42
 297 0019 88000000 		.4byte	.Ldebug_ranges0+0x88
 298 001d 00000000 		.4byte	0
 299 0021 00000000 		.4byte	0
 300 0025 00000000 		.4byte	.Ldebug_line0
 301 0029 02       		.uleb128 0x2
 302 002a 01       		.byte	0x1
 303 002b 06       		.byte	0x6
 304 002c 99020000 		.4byte	.LASF0
 305 0030 02       		.uleb128 0x2
 306 0031 01       		.byte	0x1
 307 0032 08       		.byte	0x8
 308 0033 BA000000 		.4byte	.LASF1
 309 0037 02       		.uleb128 0x2
ARM GAS  C:\Users\CHUCK~1.ERH\AppData\Local\Temp\ccBMiBtP.s 			page 13


 310 0038 02       		.byte	0x2
 311 0039 05       		.byte	0x5
 312 003a 63000000 		.4byte	.LASF2
 313 003e 02       		.uleb128 0x2
 314 003f 02       		.byte	0x2
 315 0040 07       		.byte	0x7
 316 0041 50000000 		.4byte	.LASF3
 317 0045 03       		.uleb128 0x3
 318 0046 04       		.byte	0x4
 319 0047 05       		.byte	0x5
 320 0048 696E7400 		.ascii	"int\000"
 321 004c 02       		.uleb128 0x2
 322 004d 04       		.byte	0x4
 323 004e 07       		.byte	0x7
 324 004f 08010000 		.4byte	.LASF4
 325 0053 02       		.uleb128 0x2
 326 0054 08       		.byte	0x8
 327 0055 05       		.byte	0x5
 328 0056 99010000 		.4byte	.LASF5
 329 005a 02       		.uleb128 0x2
 330 005b 08       		.byte	0x8
 331 005c 07       		.byte	0x7
 332 005d 2A010000 		.4byte	.LASF6
 333 0061 02       		.uleb128 0x2
 334 0062 04       		.byte	0x4
 335 0063 05       		.byte	0x5
 336 0064 81020000 		.4byte	.LASF7
 337 0068 02       		.uleb128 0x2
 338 0069 04       		.byte	0x4
 339 006a 07       		.byte	0x7
 340 006b 87010000 		.4byte	.LASF8
 341 006f 04       		.uleb128 0x4
 342 0070 04       		.byte	0x4
 343 0071 02       		.uleb128 0x2
 344 0072 04       		.byte	0x4
 345 0073 07       		.byte	0x7
 346 0074 98000000 		.4byte	.LASF9
 347 0078 02       		.uleb128 0x2
 348 0079 01       		.byte	0x1
 349 007a 08       		.byte	0x8
 350 007b B1010000 		.4byte	.LASF10
 351 007f 05       		.uleb128 0x5
 352 0080 06000000 		.4byte	.LASF11
 353 0084 02       		.byte	0x2
 354 0085 D5       		.byte	0xd5
 355 0086 4C000000 		.4byte	0x4c
 356 008a 05       		.uleb128 0x5
 357 008b 23020000 		.4byte	.LASF12
 358 008f 03       		.byte	0x3
 359 0090 5B       		.byte	0x5b
 360 0091 30000000 		.4byte	0x30
 361 0095 05       		.uleb128 0x5
 362 0096 FA000000 		.4byte	.LASF13
 363 009a 03       		.byte	0x3
 364 009b 5C       		.byte	0x5c
 365 009c 3E000000 		.4byte	0x3e
 366 00a0 05       		.uleb128 0x5
ARM GAS  C:\Users\CHUCK~1.ERH\AppData\Local\Temp\ccBMiBtP.s 			page 14


 367 00a1 01010000 		.4byte	.LASF14
 368 00a5 03       		.byte	0x3
 369 00a6 5D       		.byte	0x5d
 370 00a7 71000000 		.4byte	0x71
 371 00ab 05       		.uleb128 0x5
 372 00ac AA000000 		.4byte	.LASF15
 373 00b0 03       		.byte	0x3
 374 00b1 60       		.byte	0x60
 375 00b2 61000000 		.4byte	0x61
 376 00b6 02       		.uleb128 0x2
 377 00b7 04       		.byte	0x4
 378 00b8 04       		.byte	0x4
 379 00b9 7B000000 		.4byte	.LASF16
 380 00bd 02       		.uleb128 0x2
 381 00be 08       		.byte	0x8
 382 00bf 04       		.byte	0x4
 383 00c0 CF000000 		.4byte	.LASF17
 384 00c4 05       		.uleb128 0x5
 385 00c5 93000000 		.4byte	.LASF18
 386 00c9 03       		.byte	0x3
 387 00ca F0       		.byte	0xf0
 388 00cb CF000000 		.4byte	0xcf
 389 00cf 06       		.uleb128 0x6
 390 00d0 8A000000 		.4byte	0x8a
 391 00d4 05       		.uleb128 0x5
 392 00d5 00000000 		.4byte	.LASF19
 393 00d9 03       		.byte	0x3
 394 00da F2       		.byte	0xf2
 395 00db DF000000 		.4byte	0xdf
 396 00df 06       		.uleb128 0x6
 397 00e0 A0000000 		.4byte	0xa0
 398 00e4 07       		.uleb128 0x7
 399 00e5 0D000000 		.4byte	.LASF34
 400 00e9 01       		.byte	0x1
 401 00ea F6       		.byte	0xf6
 402 00eb 01       		.byte	0x1
 403 00ec 01       		.byte	0x1
 404 00ed 08       		.uleb128 0x8
 405 00ee 6D000000 		.4byte	.LASF31
 406 00f2 01       		.byte	0x1
 407 00f3 8C       		.byte	0x8c
 408 00f4 01       		.byte	0x1
 409 00f5 01       		.byte	0x1
 410 00f6 C2010000 		.4byte	0x1c2
 411 00fa 09       		.uleb128 0x9
 412 00fb D6000000 		.4byte	.LASF33
 413 00ff 01       		.byte	0x1
 414 0100 8C       		.byte	0x8c
 415 0101 8A000000 		.4byte	0x8a
 416 0105 0A       		.uleb128 0xa
 417 0106 03       		.byte	0x3
 418 0107 01       		.byte	0x1
 419 0108 8E       		.byte	0x8e
 420 0109 38010000 		.4byte	0x138
 421 010d 0B       		.uleb128 0xb
 422 010e 1E020000 		.4byte	.LASF20
 423 0112 01       		.byte	0x1
ARM GAS  C:\Users\CHUCK~1.ERH\AppData\Local\Temp\ccBMiBtP.s 			page 15


 424 0113 8F       		.byte	0x8f
 425 0114 8A000000 		.4byte	0x8a
 426 0118 02       		.byte	0x2
 427 0119 23       		.byte	0x23
 428 011a 00       		.uleb128 0
 429 011b 0B       		.uleb128 0xb
 430 011c B6010000 		.4byte	.LASF21
 431 0120 01       		.byte	0x1
 432 0121 90       		.byte	0x90
 433 0122 8A000000 		.4byte	0x8a
 434 0126 02       		.byte	0x2
 435 0127 23       		.byte	0x23
 436 0128 01       		.uleb128 0x1
 437 0129 0B       		.uleb128 0xb
 438 012a 4A000000 		.4byte	.LASF22
 439 012e 01       		.byte	0x1
 440 012f 91       		.byte	0x91
 441 0130 8A000000 		.4byte	0x8a
 442 0134 02       		.byte	0x2
 443 0135 23       		.byte	0x23
 444 0136 02       		.uleb128 0x2
 445 0137 00       		.byte	0
 446 0138 05       		.uleb128 0x5
 447 0139 1E000000 		.4byte	.LASF23
 448 013d 01       		.byte	0x1
 449 013e 92       		.byte	0x92
 450 013f 05010000 		.4byte	0x105
 451 0143 0A       		.uleb128 0xa
 452 0144 0C       		.byte	0xc
 453 0145 01       		.byte	0x1
 454 0146 94       		.byte	0x94
 455 0147 6A010000 		.4byte	0x16a
 456 014b 0C       		.uleb128 0xc
 457 014c 38010000 		.4byte	0x138
 458 0150 5B010000 		.4byte	0x15b
 459 0154 0D       		.uleb128 0xd
 460 0155 68000000 		.4byte	0x68
 461 0159 03       		.byte	0x3
 462 015a 00       		.byte	0
 463 015b 0B       		.uleb128 0xb
 464 015c 8A020000 		.4byte	.LASF24
 465 0160 01       		.byte	0x1
 466 0161 95       		.byte	0x95
 467 0162 4B010000 		.4byte	0x14b
 468 0166 02       		.byte	0x2
 469 0167 23       		.byte	0x23
 470 0168 00       		.uleb128 0
 471 0169 00       		.byte	0
 472 016a 05       		.uleb128 0x5
 473 016b 41010000 		.4byte	.LASF25
 474 016f 01       		.byte	0x1
 475 0170 96       		.byte	0x96
 476 0171 43010000 		.4byte	0x143
 477 0175 0E       		.uleb128 0xe
 478 0176 72020000 		.4byte	.LASF26
 479 017a 01       		.byte	0x1
 480 017b 98       		.byte	0x98
ARM GAS  C:\Users\CHUCK~1.ERH\AppData\Local\Temp\ccBMiBtP.s 			page 16


 481 017c 84010000 		.4byte	0x184
 482 0180 C0F1FF0F 		.4byte	0xffff1c0
 483 0184 0F       		.uleb128 0xf
 484 0185 89010000 		.4byte	0x189
 485 0189 10       		.uleb128 0x10
 486 018a 04       		.byte	0x4
 487 018b 8F010000 		.4byte	0x18f
 488 018f 0F       		.uleb128 0xf
 489 0190 6A010000 		.4byte	0x16a
 490 0194 11       		.uleb128 0x11
 491 0195 DE000000 		.4byte	.LASF27
 492 0199 01       		.byte	0x1
 493 019a 99       		.byte	0x99
 494 019b C2010000 		.4byte	0x1c2
 495 019f 04       		.byte	0x4
 496 01a0 12       		.uleb128 0x12
 497 01a1 81000000 		.4byte	.LASF28
 498 01a5 01       		.byte	0x1
 499 01a6 9B       		.byte	0x9b
 500 01a7 AB000000 		.4byte	0xab
 501 01ab 12       		.uleb128 0x12
 502 01ac 92020000 		.4byte	.LASF29
 503 01b0 01       		.byte	0x1
 504 01b1 9C       		.byte	0x9c
 505 01b2 8A000000 		.4byte	0x8a
 506 01b6 12       		.uleb128 0x12
 507 01b7 90010000 		.4byte	.LASF30
 508 01bb 01       		.byte	0x1
 509 01bc 9D       		.byte	0x9d
 510 01bd 8A000000 		.4byte	0x8a
 511 01c1 00       		.byte	0
 512 01c2 0F       		.uleb128 0xf
 513 01c3 A0000000 		.4byte	0xa0
 514 01c7 08       		.uleb128 0x8
 515 01c8 B0000000 		.4byte	.LASF32
 516 01cc 01       		.byte	0x1
 517 01cd 39       		.byte	0x39
 518 01ce 01       		.byte	0x1
 519 01cf 01       		.byte	0x1
 520 01d0 E7010000 		.4byte	0x1e7
 521 01d4 13       		.uleb128 0x13
 522 01d5 7300     		.ascii	"s\000"
 523 01d7 01       		.byte	0x1
 524 01d8 39       		.byte	0x39
 525 01d9 6F000000 		.4byte	0x6f
 526 01dd 13       		.uleb128 0x13
 527 01de 6E00     		.ascii	"n\000"
 528 01e0 01       		.byte	0x1
 529 01e1 39       		.byte	0x39
 530 01e2 7F000000 		.4byte	0x7f
 531 01e6 00       		.byte	0
 532 01e7 07       		.uleb128 0x7
 533 01e8 3F000000 		.4byte	.LASF35
 534 01ec 01       		.byte	0x1
 535 01ed C3       		.byte	0xc3
 536 01ee 01       		.byte	0x1
 537 01ef 01       		.byte	0x1
ARM GAS  C:\Users\CHUCK~1.ERH\AppData\Local\Temp\ccBMiBtP.s 			page 17


 538 01f0 14       		.uleb128 0x14
 539 01f1 01       		.byte	0x1
 540 01f2 15010000 		.4byte	.LASF43
 541 01f6 01       		.byte	0x1
 542 01f7 0E01     		.2byte	0x10e
 543 01f9 01       		.byte	0x1
 544 01fa 00000000 		.4byte	.LFB6
 545 01fe 3C010000 		.4byte	.LFE6
 546 0202 00000000 		.4byte	.LLST0
 547 0206 01       		.byte	0x1
 548 0207 66030000 		.4byte	0x366
 549 020b 15       		.uleb128 0x15
 550 020c 00000000 		.4byte	.Ldebug_ranges0+0
 551 0210 FB020000 		.4byte	0x2fb
 552 0214 16       		.uleb128 0x16
 553 0215 06       		.byte	0x6
 554 0216 01       		.byte	0x1
 555 0217 1501     		.2byte	0x115
 556 0219 3C020000 		.4byte	0x23c
 557 021d 17       		.uleb128 0x17
 558 021e 22010000 		.4byte	.LASF36
 559 0222 01       		.byte	0x1
 560 0223 1601     		.2byte	0x116
 561 0225 6F000000 		.4byte	0x6f
 562 0229 02       		.byte	0x2
 563 022a 23       		.byte	0x23
 564 022b 00       		.uleb128 0
 565 022c 17       		.uleb128 0x17
 566 022d 8E000000 		.4byte	.LASF37
 567 0231 01       		.byte	0x1
 568 0232 1701     		.2byte	0x117
 569 0234 95000000 		.4byte	0x95
 570 0238 02       		.byte	0x2
 571 0239 23       		.byte	0x23
 572 023a 04       		.uleb128 0x4
 573 023b 00       		.byte	0
 574 023c 18       		.uleb128 0x18
 575 023d 52010000 		.4byte	.LASF38
 576 0241 01       		.byte	0x1
 577 0242 1801     		.2byte	0x118
 578 0244 14020000 		.4byte	0x214
 579 0248 0C       		.uleb128 0xc
 580 0249 3C020000 		.4byte	0x23c
 581 024d 58020000 		.4byte	0x258
 582 0251 0D       		.uleb128 0xd
 583 0252 68000000 		.4byte	0x68
 584 0256 01       		.byte	0x1
 585 0257 00       		.byte	0
 586 0258 19       		.uleb128 0x19
 587 0259 2F000000 		.4byte	.LASF39
 588 025d 01       		.byte	0x1
 589 025e 1A01     		.2byte	0x11a
 590 0260 64020000 		.4byte	0x264
 591 0264 0F       		.uleb128 0xf
 592 0265 48020000 		.4byte	0x248
 593 0269 1A       		.uleb128 0x1a
 594 026a 6900     		.ascii	"i\000"
ARM GAS  C:\Users\CHUCK~1.ERH\AppData\Local\Temp\ccBMiBtP.s 			page 18


 595 026c 01       		.byte	0x1
 596 026d 2001     		.2byte	0x120
 597 026f 8A000000 		.4byte	0x8a
 598 0273 20000000 		.4byte	.LLST1
 599 0277 1B       		.uleb128 0x1b
 600 0278 04000000 		.4byte	.LBB15
 601 027c 1C000000 		.4byte	.LBE15
 602 0280 1C       		.uleb128 0x1c
 603 0281 6D7300   		.ascii	"ms\000"
 604 0284 01       		.byte	0x1
 605 0285 2501     		.2byte	0x125
 606 0287 8B020000 		.4byte	0x28b
 607 028b 10       		.uleb128 0x10
 608 028c 04       		.byte	0x4
 609 028d 91020000 		.4byte	0x291
 610 0291 0F       		.uleb128 0xf
 611 0292 3C020000 		.4byte	0x23c
 612 0296 1D       		.uleb128 0x1d
 613 0297 C7010000 		.4byte	0x1c7
 614 029b 04000000 		.4byte	.LBB16
 615 029f 1C000000 		.4byte	.LBE16
 616 02a3 01       		.byte	0x1
 617 02a4 2601     		.2byte	0x126
 618 02a6 1E       		.uleb128 0x1e
 619 02a7 DD010000 		.4byte	0x1dd
 620 02ab 0004     		.2byte	0x400
 621 02ad 1F       		.uleb128 0x1f
 622 02ae D4010000 		.4byte	0x1d4
 623 02b2 4C000000 		.4byte	.LLST3
 624 02b6 20       		.uleb128 0x20
 625 02b7 10000000 		.4byte	.LVL1
 626 02bb 66030000 		.4byte	0x366
 627 02bf D9020000 		.4byte	0x2d9
 628 02c3 21       		.uleb128 0x21
 629 02c4 01       		.byte	0x1
 630 02c5 52       		.byte	0x52
 631 02c6 03       		.byte	0x3
 632 02c7 0A       		.byte	0xa
 633 02c8 0004     		.2byte	0x400
 634 02ca 21       		.uleb128 0x21
 635 02cb 01       		.byte	0x1
 636 02cc 51       		.byte	0x51
 637 02cd 01       		.byte	0x1
 638 02ce 30       		.byte	0x30
 639 02cf 21       		.uleb128 0x21
 640 02d0 01       		.byte	0x1
 641 02d1 50       		.byte	0x50
 642 02d2 05       		.byte	0x5
 643 02d3 0C       		.byte	0xc
 644 02d4 00300F40 		.4byte	0x400f3000
 645 02d8 00       		.byte	0
 646 02d9 22       		.uleb128 0x22
 647 02da 1C000000 		.4byte	.LVL2
 648 02de 66030000 		.4byte	0x366
 649 02e2 21       		.uleb128 0x21
 650 02e3 01       		.byte	0x1
 651 02e4 52       		.byte	0x52
ARM GAS  C:\Users\CHUCK~1.ERH\AppData\Local\Temp\ccBMiBtP.s 			page 19


 652 02e5 03       		.byte	0x3
 653 02e6 0A       		.byte	0xa
 654 02e7 0004     		.2byte	0x400
 655 02e9 21       		.uleb128 0x21
 656 02ea 01       		.byte	0x1
 657 02eb 51       		.byte	0x51
 658 02ec 01       		.byte	0x1
 659 02ed 30       		.byte	0x30
 660 02ee 21       		.uleb128 0x21
 661 02ef 01       		.byte	0x1
 662 02f0 50       		.byte	0x50
 663 02f1 05       		.byte	0x5
 664 02f2 0C       		.byte	0xc
 665 02f3 00400F40 		.4byte	0x400f4000
 666 02f7 00       		.byte	0
 667 02f8 00       		.byte	0
 668 02f9 00       		.byte	0
 669 02fa 00       		.byte	0
 670 02fb 23       		.uleb128 0x23
 671 02fc E7010000 		.4byte	0x1e7
 672 0300 60000000 		.4byte	.LBB18
 673 0304 18000000 		.4byte	.Ldebug_ranges0+0x18
 674 0308 01       		.byte	0x1
 675 0309 4301     		.2byte	0x143
 676 030b 24       		.uleb128 0x24
 677 030c ED000000 		.4byte	0xed
 678 0310 6C000000 		.4byte	.LBB20
 679 0314 38000000 		.4byte	.Ldebug_ranges0+0x38
 680 0318 01       		.byte	0x1
 681 0319 C9       		.byte	0xc9
 682 031a 55030000 		.4byte	0x355
 683 031e 25       		.uleb128 0x25
 684 031f 60000000 		.4byte	.Ldebug_ranges0+0x60
 685 0323 26       		.uleb128 0x26
 686 0324 A0010000 		.4byte	0x1a0
 687 0328 74000000 		.4byte	.LLST4
 688 032c 26       		.uleb128 0x26
 689 032d AB010000 		.4byte	0x1ab
 690 0331 88000000 		.4byte	.LLST5
 691 0335 26       		.uleb128 0x26
 692 0336 B6010000 		.4byte	0x1b6
 693 033a 9B000000 		.4byte	.LLST6
 694 033e 27       		.uleb128 0x27
 695 033f FA000000 		.4byte	0xfa
 696 0343 30       		.byte	0x30
 697 0344 28       		.uleb128 0x28
 698 0345 75010000 		.4byte	0x175
 699 0349 C0F1FF0F 		.4byte	0xffff1c0
 700 034d 29       		.uleb128 0x29
 701 034e 94010000 		.4byte	0x194
 702 0352 04       		.byte	0x4
 703 0353 00       		.byte	0
 704 0354 00       		.byte	0
 705 0355 22       		.uleb128 0x22
 706 0356 A2000000 		.4byte	.LVL7
 707 035a 87030000 		.4byte	0x387
 708 035e 21       		.uleb128 0x21
ARM GAS  C:\Users\CHUCK~1.ERH\AppData\Local\Temp\ccBMiBtP.s 			page 20


 709 035f 01       		.byte	0x1
 710 0360 50       		.byte	0x50
 711 0361 01       		.byte	0x1
 712 0362 35       		.byte	0x35
 713 0363 00       		.byte	0
 714 0364 00       		.byte	0
 715 0365 00       		.byte	0
 716 0366 2A       		.uleb128 0x2a
 717 0367 01       		.byte	0x1
 718 0368 C8000000 		.4byte	.LASF44
 719 036c 01       		.byte	0x1
 720 036d 6F000000 		.4byte	0x6f
 721 0371 01       		.byte	0x1
 722 0372 01       		.byte	0x1
 723 0373 87030000 		.4byte	0x387
 724 0377 2B       		.uleb128 0x2b
 725 0378 6F000000 		.4byte	0x6f
 726 037c 2B       		.uleb128 0x2b
 727 037d 45000000 		.4byte	0x45
 728 0381 2B       		.uleb128 0x2b
 729 0382 68000000 		.4byte	0x68
 730 0386 00       		.byte	0
 731 0387 2C       		.uleb128 0x2c
 732 0388 01       		.byte	0x1
 733 0389 A7010000 		.4byte	.LASF45
 734 038d 04       		.byte	0x4
 735 038e 6D       		.byte	0x6d
 736 038f 01       		.byte	0x1
 737 0390 01       		.byte	0x1
 738 0391 2B       		.uleb128 0x2b
 739 0392 95000000 		.4byte	0x95
 740 0396 00       		.byte	0
 741 0397 00       		.byte	0
 742              		.section	.debug_abbrev,"",%progbits
 743              	.Ldebug_abbrev0:
 744 0000 01       		.uleb128 0x1
 745 0001 11       		.uleb128 0x11
 746 0002 01       		.byte	0x1
 747 0003 25       		.uleb128 0x25
 748 0004 0E       		.uleb128 0xe
 749 0005 13       		.uleb128 0x13
 750 0006 0B       		.uleb128 0xb
 751 0007 03       		.uleb128 0x3
 752 0008 0E       		.uleb128 0xe
 753 0009 1B       		.uleb128 0x1b
 754 000a 0E       		.uleb128 0xe
 755 000b 55       		.uleb128 0x55
 756 000c 06       		.uleb128 0x6
 757 000d 11       		.uleb128 0x11
 758 000e 01       		.uleb128 0x1
 759 000f 52       		.uleb128 0x52
 760 0010 01       		.uleb128 0x1
 761 0011 10       		.uleb128 0x10
 762 0012 06       		.uleb128 0x6
 763 0013 00       		.byte	0
 764 0014 00       		.byte	0
 765 0015 02       		.uleb128 0x2
ARM GAS  C:\Users\CHUCK~1.ERH\AppData\Local\Temp\ccBMiBtP.s 			page 21


 766 0016 24       		.uleb128 0x24
 767 0017 00       		.byte	0
 768 0018 0B       		.uleb128 0xb
 769 0019 0B       		.uleb128 0xb
 770 001a 3E       		.uleb128 0x3e
 771 001b 0B       		.uleb128 0xb
 772 001c 03       		.uleb128 0x3
 773 001d 0E       		.uleb128 0xe
 774 001e 00       		.byte	0
 775 001f 00       		.byte	0
 776 0020 03       		.uleb128 0x3
 777 0021 24       		.uleb128 0x24
 778 0022 00       		.byte	0
 779 0023 0B       		.uleb128 0xb
 780 0024 0B       		.uleb128 0xb
 781 0025 3E       		.uleb128 0x3e
 782 0026 0B       		.uleb128 0xb
 783 0027 03       		.uleb128 0x3
 784 0028 08       		.uleb128 0x8
 785 0029 00       		.byte	0
 786 002a 00       		.byte	0
 787 002b 04       		.uleb128 0x4
 788 002c 0F       		.uleb128 0xf
 789 002d 00       		.byte	0
 790 002e 0B       		.uleb128 0xb
 791 002f 0B       		.uleb128 0xb
 792 0030 00       		.byte	0
 793 0031 00       		.byte	0
 794 0032 05       		.uleb128 0x5
 795 0033 16       		.uleb128 0x16
 796 0034 00       		.byte	0
 797 0035 03       		.uleb128 0x3
 798 0036 0E       		.uleb128 0xe
 799 0037 3A       		.uleb128 0x3a
 800 0038 0B       		.uleb128 0xb
 801 0039 3B       		.uleb128 0x3b
 802 003a 0B       		.uleb128 0xb
 803 003b 49       		.uleb128 0x49
 804 003c 13       		.uleb128 0x13
 805 003d 00       		.byte	0
 806 003e 00       		.byte	0
 807 003f 06       		.uleb128 0x6
 808 0040 35       		.uleb128 0x35
 809 0041 00       		.byte	0
 810 0042 49       		.uleb128 0x49
 811 0043 13       		.uleb128 0x13
 812 0044 00       		.byte	0
 813 0045 00       		.byte	0
 814 0046 07       		.uleb128 0x7
 815 0047 2E       		.uleb128 0x2e
 816 0048 00       		.byte	0
 817 0049 03       		.uleb128 0x3
 818 004a 0E       		.uleb128 0xe
 819 004b 3A       		.uleb128 0x3a
 820 004c 0B       		.uleb128 0xb
 821 004d 3B       		.uleb128 0x3b
 822 004e 0B       		.uleb128 0xb
ARM GAS  C:\Users\CHUCK~1.ERH\AppData\Local\Temp\ccBMiBtP.s 			page 22


 823 004f 27       		.uleb128 0x27
 824 0050 0C       		.uleb128 0xc
 825 0051 20       		.uleb128 0x20
 826 0052 0B       		.uleb128 0xb
 827 0053 00       		.byte	0
 828 0054 00       		.byte	0
 829 0055 08       		.uleb128 0x8
 830 0056 2E       		.uleb128 0x2e
 831 0057 01       		.byte	0x1
 832 0058 03       		.uleb128 0x3
 833 0059 0E       		.uleb128 0xe
 834 005a 3A       		.uleb128 0x3a
 835 005b 0B       		.uleb128 0xb
 836 005c 3B       		.uleb128 0x3b
 837 005d 0B       		.uleb128 0xb
 838 005e 27       		.uleb128 0x27
 839 005f 0C       		.uleb128 0xc
 840 0060 20       		.uleb128 0x20
 841 0061 0B       		.uleb128 0xb
 842 0062 01       		.uleb128 0x1
 843 0063 13       		.uleb128 0x13
 844 0064 00       		.byte	0
 845 0065 00       		.byte	0
 846 0066 09       		.uleb128 0x9
 847 0067 05       		.uleb128 0x5
 848 0068 00       		.byte	0
 849 0069 03       		.uleb128 0x3
 850 006a 0E       		.uleb128 0xe
 851 006b 3A       		.uleb128 0x3a
 852 006c 0B       		.uleb128 0xb
 853 006d 3B       		.uleb128 0x3b
 854 006e 0B       		.uleb128 0xb
 855 006f 49       		.uleb128 0x49
 856 0070 13       		.uleb128 0x13
 857 0071 00       		.byte	0
 858 0072 00       		.byte	0
 859 0073 0A       		.uleb128 0xa
 860 0074 13       		.uleb128 0x13
 861 0075 01       		.byte	0x1
 862 0076 0B       		.uleb128 0xb
 863 0077 0B       		.uleb128 0xb
 864 0078 3A       		.uleb128 0x3a
 865 0079 0B       		.uleb128 0xb
 866 007a 3B       		.uleb128 0x3b
 867 007b 0B       		.uleb128 0xb
 868 007c 01       		.uleb128 0x1
 869 007d 13       		.uleb128 0x13
 870 007e 00       		.byte	0
 871 007f 00       		.byte	0
 872 0080 0B       		.uleb128 0xb
 873 0081 0D       		.uleb128 0xd
 874 0082 00       		.byte	0
 875 0083 03       		.uleb128 0x3
 876 0084 0E       		.uleb128 0xe
 877 0085 3A       		.uleb128 0x3a
 878 0086 0B       		.uleb128 0xb
 879 0087 3B       		.uleb128 0x3b
ARM GAS  C:\Users\CHUCK~1.ERH\AppData\Local\Temp\ccBMiBtP.s 			page 23


 880 0088 0B       		.uleb128 0xb
 881 0089 49       		.uleb128 0x49
 882 008a 13       		.uleb128 0x13
 883 008b 38       		.uleb128 0x38
 884 008c 0A       		.uleb128 0xa
 885 008d 00       		.byte	0
 886 008e 00       		.byte	0
 887 008f 0C       		.uleb128 0xc
 888 0090 01       		.uleb128 0x1
 889 0091 01       		.byte	0x1
 890 0092 49       		.uleb128 0x49
 891 0093 13       		.uleb128 0x13
 892 0094 01       		.uleb128 0x1
 893 0095 13       		.uleb128 0x13
 894 0096 00       		.byte	0
 895 0097 00       		.byte	0
 896 0098 0D       		.uleb128 0xd
 897 0099 21       		.uleb128 0x21
 898 009a 00       		.byte	0
 899 009b 49       		.uleb128 0x49
 900 009c 13       		.uleb128 0x13
 901 009d 2F       		.uleb128 0x2f
 902 009e 0B       		.uleb128 0xb
 903 009f 00       		.byte	0
 904 00a0 00       		.byte	0
 905 00a1 0E       		.uleb128 0xe
 906 00a2 34       		.uleb128 0x34
 907 00a3 00       		.byte	0
 908 00a4 03       		.uleb128 0x3
 909 00a5 0E       		.uleb128 0xe
 910 00a6 3A       		.uleb128 0x3a
 911 00a7 0B       		.uleb128 0xb
 912 00a8 3B       		.uleb128 0x3b
 913 00a9 0B       		.uleb128 0xb
 914 00aa 49       		.uleb128 0x49
 915 00ab 13       		.uleb128 0x13
 916 00ac 1C       		.uleb128 0x1c
 917 00ad 06       		.uleb128 0x6
 918 00ae 00       		.byte	0
 919 00af 00       		.byte	0
 920 00b0 0F       		.uleb128 0xf
 921 00b1 26       		.uleb128 0x26
 922 00b2 00       		.byte	0
 923 00b3 49       		.uleb128 0x49
 924 00b4 13       		.uleb128 0x13
 925 00b5 00       		.byte	0
 926 00b6 00       		.byte	0
 927 00b7 10       		.uleb128 0x10
 928 00b8 0F       		.uleb128 0xf
 929 00b9 00       		.byte	0
 930 00ba 0B       		.uleb128 0xb
 931 00bb 0B       		.uleb128 0xb
 932 00bc 49       		.uleb128 0x49
 933 00bd 13       		.uleb128 0x13
 934 00be 00       		.byte	0
 935 00bf 00       		.byte	0
 936 00c0 11       		.uleb128 0x11
ARM GAS  C:\Users\CHUCK~1.ERH\AppData\Local\Temp\ccBMiBtP.s 			page 24


 937 00c1 34       		.uleb128 0x34
 938 00c2 00       		.byte	0
 939 00c3 03       		.uleb128 0x3
 940 00c4 0E       		.uleb128 0xe
 941 00c5 3A       		.uleb128 0x3a
 942 00c6 0B       		.uleb128 0xb
 943 00c7 3B       		.uleb128 0x3b
 944 00c8 0B       		.uleb128 0xb
 945 00c9 49       		.uleb128 0x49
 946 00ca 13       		.uleb128 0x13
 947 00cb 1C       		.uleb128 0x1c
 948 00cc 0B       		.uleb128 0xb
 949 00cd 00       		.byte	0
 950 00ce 00       		.byte	0
 951 00cf 12       		.uleb128 0x12
 952 00d0 34       		.uleb128 0x34
 953 00d1 00       		.byte	0
 954 00d2 03       		.uleb128 0x3
 955 00d3 0E       		.uleb128 0xe
 956 00d4 3A       		.uleb128 0x3a
 957 00d5 0B       		.uleb128 0xb
 958 00d6 3B       		.uleb128 0x3b
 959 00d7 0B       		.uleb128 0xb
 960 00d8 49       		.uleb128 0x49
 961 00d9 13       		.uleb128 0x13
 962 00da 00       		.byte	0
 963 00db 00       		.byte	0
 964 00dc 13       		.uleb128 0x13
 965 00dd 05       		.uleb128 0x5
 966 00de 00       		.byte	0
 967 00df 03       		.uleb128 0x3
 968 00e0 08       		.uleb128 0x8
 969 00e1 3A       		.uleb128 0x3a
 970 00e2 0B       		.uleb128 0xb
 971 00e3 3B       		.uleb128 0x3b
 972 00e4 0B       		.uleb128 0xb
 973 00e5 49       		.uleb128 0x49
 974 00e6 13       		.uleb128 0x13
 975 00e7 00       		.byte	0
 976 00e8 00       		.byte	0
 977 00e9 14       		.uleb128 0x14
 978 00ea 2E       		.uleb128 0x2e
 979 00eb 01       		.byte	0x1
 980 00ec 3F       		.uleb128 0x3f
 981 00ed 0C       		.uleb128 0xc
 982 00ee 03       		.uleb128 0x3
 983 00ef 0E       		.uleb128 0xe
 984 00f0 3A       		.uleb128 0x3a
 985 00f1 0B       		.uleb128 0xb
 986 00f2 3B       		.uleb128 0x3b
 987 00f3 05       		.uleb128 0x5
 988 00f4 27       		.uleb128 0x27
 989 00f5 0C       		.uleb128 0xc
 990 00f6 11       		.uleb128 0x11
 991 00f7 01       		.uleb128 0x1
 992 00f8 12       		.uleb128 0x12
 993 00f9 01       		.uleb128 0x1
ARM GAS  C:\Users\CHUCK~1.ERH\AppData\Local\Temp\ccBMiBtP.s 			page 25


 994 00fa 40       		.uleb128 0x40
 995 00fb 06       		.uleb128 0x6
 996 00fc 9742     		.uleb128 0x2117
 997 00fe 0C       		.uleb128 0xc
 998 00ff 01       		.uleb128 0x1
 999 0100 13       		.uleb128 0x13
 1000 0101 00       		.byte	0
 1001 0102 00       		.byte	0
 1002 0103 15       		.uleb128 0x15
 1003 0104 0B       		.uleb128 0xb
 1004 0105 01       		.byte	0x1
 1005 0106 55       		.uleb128 0x55
 1006 0107 06       		.uleb128 0x6
 1007 0108 01       		.uleb128 0x1
 1008 0109 13       		.uleb128 0x13
 1009 010a 00       		.byte	0
 1010 010b 00       		.byte	0
 1011 010c 16       		.uleb128 0x16
 1012 010d 13       		.uleb128 0x13
 1013 010e 01       		.byte	0x1
 1014 010f 0B       		.uleb128 0xb
 1015 0110 0B       		.uleb128 0xb
 1016 0111 3A       		.uleb128 0x3a
 1017 0112 0B       		.uleb128 0xb
 1018 0113 3B       		.uleb128 0x3b
 1019 0114 05       		.uleb128 0x5
 1020 0115 01       		.uleb128 0x1
 1021 0116 13       		.uleb128 0x13
 1022 0117 00       		.byte	0
 1023 0118 00       		.byte	0
 1024 0119 17       		.uleb128 0x17
 1025 011a 0D       		.uleb128 0xd
 1026 011b 00       		.byte	0
 1027 011c 03       		.uleb128 0x3
 1028 011d 0E       		.uleb128 0xe
 1029 011e 3A       		.uleb128 0x3a
 1030 011f 0B       		.uleb128 0xb
 1031 0120 3B       		.uleb128 0x3b
 1032 0121 05       		.uleb128 0x5
 1033 0122 49       		.uleb128 0x49
 1034 0123 13       		.uleb128 0x13
 1035 0124 38       		.uleb128 0x38
 1036 0125 0A       		.uleb128 0xa
 1037 0126 00       		.byte	0
 1038 0127 00       		.byte	0
 1039 0128 18       		.uleb128 0x18
 1040 0129 16       		.uleb128 0x16
 1041 012a 00       		.byte	0
 1042 012b 03       		.uleb128 0x3
 1043 012c 0E       		.uleb128 0xe
 1044 012d 3A       		.uleb128 0x3a
 1045 012e 0B       		.uleb128 0xb
 1046 012f 3B       		.uleb128 0x3b
 1047 0130 05       		.uleb128 0x5
 1048 0131 49       		.uleb128 0x49
 1049 0132 13       		.uleb128 0x13
 1050 0133 00       		.byte	0
ARM GAS  C:\Users\CHUCK~1.ERH\AppData\Local\Temp\ccBMiBtP.s 			page 26


 1051 0134 00       		.byte	0
 1052 0135 19       		.uleb128 0x19
 1053 0136 34       		.uleb128 0x34
 1054 0137 00       		.byte	0
 1055 0138 03       		.uleb128 0x3
 1056 0139 0E       		.uleb128 0xe
 1057 013a 3A       		.uleb128 0x3a
 1058 013b 0B       		.uleb128 0xb
 1059 013c 3B       		.uleb128 0x3b
 1060 013d 05       		.uleb128 0x5
 1061 013e 49       		.uleb128 0x49
 1062 013f 13       		.uleb128 0x13
 1063 0140 00       		.byte	0
 1064 0141 00       		.byte	0
 1065 0142 1A       		.uleb128 0x1a
 1066 0143 34       		.uleb128 0x34
 1067 0144 00       		.byte	0
 1068 0145 03       		.uleb128 0x3
 1069 0146 08       		.uleb128 0x8
 1070 0147 3A       		.uleb128 0x3a
 1071 0148 0B       		.uleb128 0xb
 1072 0149 3B       		.uleb128 0x3b
 1073 014a 05       		.uleb128 0x5
 1074 014b 49       		.uleb128 0x49
 1075 014c 13       		.uleb128 0x13
 1076 014d 02       		.uleb128 0x2
 1077 014e 06       		.uleb128 0x6
 1078 014f 00       		.byte	0
 1079 0150 00       		.byte	0
 1080 0151 1B       		.uleb128 0x1b
 1081 0152 0B       		.uleb128 0xb
 1082 0153 01       		.byte	0x1
 1083 0154 11       		.uleb128 0x11
 1084 0155 01       		.uleb128 0x1
 1085 0156 12       		.uleb128 0x12
 1086 0157 01       		.uleb128 0x1
 1087 0158 00       		.byte	0
 1088 0159 00       		.byte	0
 1089 015a 1C       		.uleb128 0x1c
 1090 015b 34       		.uleb128 0x34
 1091 015c 00       		.byte	0
 1092 015d 03       		.uleb128 0x3
 1093 015e 08       		.uleb128 0x8
 1094 015f 3A       		.uleb128 0x3a
 1095 0160 0B       		.uleb128 0xb
 1096 0161 3B       		.uleb128 0x3b
 1097 0162 05       		.uleb128 0x5
 1098 0163 49       		.uleb128 0x49
 1099 0164 13       		.uleb128 0x13
 1100 0165 00       		.byte	0
 1101 0166 00       		.byte	0
 1102 0167 1D       		.uleb128 0x1d
 1103 0168 1D       		.uleb128 0x1d
 1104 0169 01       		.byte	0x1
 1105 016a 31       		.uleb128 0x31
 1106 016b 13       		.uleb128 0x13
 1107 016c 11       		.uleb128 0x11
ARM GAS  C:\Users\CHUCK~1.ERH\AppData\Local\Temp\ccBMiBtP.s 			page 27


 1108 016d 01       		.uleb128 0x1
 1109 016e 12       		.uleb128 0x12
 1110 016f 01       		.uleb128 0x1
 1111 0170 58       		.uleb128 0x58
 1112 0171 0B       		.uleb128 0xb
 1113 0172 59       		.uleb128 0x59
 1114 0173 05       		.uleb128 0x5
 1115 0174 00       		.byte	0
 1116 0175 00       		.byte	0
 1117 0176 1E       		.uleb128 0x1e
 1118 0177 05       		.uleb128 0x5
 1119 0178 00       		.byte	0
 1120 0179 31       		.uleb128 0x31
 1121 017a 13       		.uleb128 0x13
 1122 017b 1C       		.uleb128 0x1c
 1123 017c 05       		.uleb128 0x5
 1124 017d 00       		.byte	0
 1125 017e 00       		.byte	0
 1126 017f 1F       		.uleb128 0x1f
 1127 0180 05       		.uleb128 0x5
 1128 0181 00       		.byte	0
 1129 0182 31       		.uleb128 0x31
 1130 0183 13       		.uleb128 0x13
 1131 0184 02       		.uleb128 0x2
 1132 0185 06       		.uleb128 0x6
 1133 0186 00       		.byte	0
 1134 0187 00       		.byte	0
 1135 0188 20       		.uleb128 0x20
 1136 0189 898201   		.uleb128 0x4109
 1137 018c 01       		.byte	0x1
 1138 018d 11       		.uleb128 0x11
 1139 018e 01       		.uleb128 0x1
 1140 018f 31       		.uleb128 0x31
 1141 0190 13       		.uleb128 0x13
 1142 0191 01       		.uleb128 0x1
 1143 0192 13       		.uleb128 0x13
 1144 0193 00       		.byte	0
 1145 0194 00       		.byte	0
 1146 0195 21       		.uleb128 0x21
 1147 0196 8A8201   		.uleb128 0x410a
 1148 0199 00       		.byte	0
 1149 019a 02       		.uleb128 0x2
 1150 019b 0A       		.uleb128 0xa
 1151 019c 9142     		.uleb128 0x2111
 1152 019e 0A       		.uleb128 0xa
 1153 019f 00       		.byte	0
 1154 01a0 00       		.byte	0
 1155 01a1 22       		.uleb128 0x22
 1156 01a2 898201   		.uleb128 0x4109
 1157 01a5 01       		.byte	0x1
 1158 01a6 11       		.uleb128 0x11
 1159 01a7 01       		.uleb128 0x1
 1160 01a8 31       		.uleb128 0x31
 1161 01a9 13       		.uleb128 0x13
 1162 01aa 00       		.byte	0
 1163 01ab 00       		.byte	0
 1164 01ac 23       		.uleb128 0x23
ARM GAS  C:\Users\CHUCK~1.ERH\AppData\Local\Temp\ccBMiBtP.s 			page 28


 1165 01ad 1D       		.uleb128 0x1d
 1166 01ae 01       		.byte	0x1
 1167 01af 31       		.uleb128 0x31
 1168 01b0 13       		.uleb128 0x13
 1169 01b1 52       		.uleb128 0x52
 1170 01b2 01       		.uleb128 0x1
 1171 01b3 55       		.uleb128 0x55
 1172 01b4 06       		.uleb128 0x6
 1173 01b5 58       		.uleb128 0x58
 1174 01b6 0B       		.uleb128 0xb
 1175 01b7 59       		.uleb128 0x59
 1176 01b8 05       		.uleb128 0x5
 1177 01b9 00       		.byte	0
 1178 01ba 00       		.byte	0
 1179 01bb 24       		.uleb128 0x24
 1180 01bc 1D       		.uleb128 0x1d
 1181 01bd 01       		.byte	0x1
 1182 01be 31       		.uleb128 0x31
 1183 01bf 13       		.uleb128 0x13
 1184 01c0 52       		.uleb128 0x52
 1185 01c1 01       		.uleb128 0x1
 1186 01c2 55       		.uleb128 0x55
 1187 01c3 06       		.uleb128 0x6
 1188 01c4 58       		.uleb128 0x58
 1189 01c5 0B       		.uleb128 0xb
 1190 01c6 59       		.uleb128 0x59
 1191 01c7 0B       		.uleb128 0xb
 1192 01c8 01       		.uleb128 0x1
 1193 01c9 13       		.uleb128 0x13
 1194 01ca 00       		.byte	0
 1195 01cb 00       		.byte	0
 1196 01cc 25       		.uleb128 0x25
 1197 01cd 0B       		.uleb128 0xb
 1198 01ce 01       		.byte	0x1
 1199 01cf 55       		.uleb128 0x55
 1200 01d0 06       		.uleb128 0x6
 1201 01d1 00       		.byte	0
 1202 01d2 00       		.byte	0
 1203 01d3 26       		.uleb128 0x26
 1204 01d4 34       		.uleb128 0x34
 1205 01d5 00       		.byte	0
 1206 01d6 31       		.uleb128 0x31
 1207 01d7 13       		.uleb128 0x13
 1208 01d8 02       		.uleb128 0x2
 1209 01d9 06       		.uleb128 0x6
 1210 01da 00       		.byte	0
 1211 01db 00       		.byte	0
 1212 01dc 27       		.uleb128 0x27
 1213 01dd 05       		.uleb128 0x5
 1214 01de 00       		.byte	0
 1215 01df 31       		.uleb128 0x31
 1216 01e0 13       		.uleb128 0x13
 1217 01e1 1C       		.uleb128 0x1c
 1218 01e2 0B       		.uleb128 0xb
 1219 01e3 00       		.byte	0
 1220 01e4 00       		.byte	0
 1221 01e5 28       		.uleb128 0x28
ARM GAS  C:\Users\CHUCK~1.ERH\AppData\Local\Temp\ccBMiBtP.s 			page 29


 1222 01e6 34       		.uleb128 0x34
 1223 01e7 00       		.byte	0
 1224 01e8 31       		.uleb128 0x31
 1225 01e9 13       		.uleb128 0x13
 1226 01ea 1C       		.uleb128 0x1c
 1227 01eb 06       		.uleb128 0x6
 1228 01ec 00       		.byte	0
 1229 01ed 00       		.byte	0
 1230 01ee 29       		.uleb128 0x29
 1231 01ef 34       		.uleb128 0x34
 1232 01f0 00       		.byte	0
 1233 01f1 31       		.uleb128 0x31
 1234 01f2 13       		.uleb128 0x13
 1235 01f3 1C       		.uleb128 0x1c
 1236 01f4 0B       		.uleb128 0xb
 1237 01f5 00       		.byte	0
 1238 01f6 00       		.byte	0
 1239 01f7 2A       		.uleb128 0x2a
 1240 01f8 2E       		.uleb128 0x2e
 1241 01f9 01       		.byte	0x1
 1242 01fa 3F       		.uleb128 0x3f
 1243 01fb 0C       		.uleb128 0xc
 1244 01fc 03       		.uleb128 0x3
 1245 01fd 0E       		.uleb128 0xe
 1246 01fe 27       		.uleb128 0x27
 1247 01ff 0C       		.uleb128 0xc
 1248 0200 49       		.uleb128 0x49
 1249 0201 13       		.uleb128 0x13
 1250 0202 34       		.uleb128 0x34
 1251 0203 0C       		.uleb128 0xc
 1252 0204 3C       		.uleb128 0x3c
 1253 0205 0C       		.uleb128 0xc
 1254 0206 01       		.uleb128 0x1
 1255 0207 13       		.uleb128 0x13
 1256 0208 00       		.byte	0
 1257 0209 00       		.byte	0
 1258 020a 2B       		.uleb128 0x2b
 1259 020b 05       		.uleb128 0x5
 1260 020c 00       		.byte	0
 1261 020d 49       		.uleb128 0x49
 1262 020e 13       		.uleb128 0x13
 1263 020f 00       		.byte	0
 1264 0210 00       		.byte	0
 1265 0211 2C       		.uleb128 0x2c
 1266 0212 2E       		.uleb128 0x2e
 1267 0213 01       		.byte	0x1
 1268 0214 3F       		.uleb128 0x3f
 1269 0215 0C       		.uleb128 0xc
 1270 0216 03       		.uleb128 0x3
 1271 0217 0E       		.uleb128 0xe
 1272 0218 3A       		.uleb128 0x3a
 1273 0219 0B       		.uleb128 0xb
 1274 021a 3B       		.uleb128 0x3b
 1275 021b 0B       		.uleb128 0xb
 1276 021c 27       		.uleb128 0x27
 1277 021d 0C       		.uleb128 0xc
 1278 021e 3C       		.uleb128 0x3c
ARM GAS  C:\Users\CHUCK~1.ERH\AppData\Local\Temp\ccBMiBtP.s 			page 30


 1279 021f 0C       		.uleb128 0xc
 1280 0220 00       		.byte	0
 1281 0221 00       		.byte	0
 1282 0222 00       		.byte	0
 1283              		.section	.debug_loc,"",%progbits
 1284              	.Ldebug_loc0:
 1285              	.LLST0:
 1286 0000 00000000 		.4byte	.LFB6
 1287 0004 02000000 		.4byte	.LCFI0
 1288 0008 0200     		.2byte	0x2
 1289 000a 7D       		.byte	0x7d
 1290 000b 00       		.sleb128 0
 1291 000c 02000000 		.4byte	.LCFI0
 1292 0010 3C010000 		.4byte	.LFE6
 1293 0014 0200     		.2byte	0x2
 1294 0016 7D       		.byte	0x7d
 1295 0017 08       		.sleb128 8
 1296 0018 00000000 		.4byte	0
 1297 001c 00000000 		.4byte	0
 1298              	.LLST1:
 1299 0020 04000000 		.4byte	.LVL0
 1300 0024 10000000 		.4byte	.LVL1
 1301 0028 0200     		.2byte	0x2
 1302 002a 30       		.byte	0x30
 1303 002b 9F       		.byte	0x9f
 1304 002c 10000000 		.4byte	.LVL1
 1305 0030 1C000000 		.4byte	.LVL2
 1306 0034 0200     		.2byte	0x2
 1307 0036 31       		.byte	0x31
 1308 0037 9F       		.byte	0x9f
 1309 0038 1C000000 		.4byte	.LVL2
 1310 003c 3C010000 		.4byte	.LFE6
 1311 0040 0200     		.2byte	0x2
 1312 0042 32       		.byte	0x32
 1313 0043 9F       		.byte	0x9f
 1314 0044 00000000 		.4byte	0
 1315 0048 00000000 		.4byte	0
 1316              	.LLST3:
 1317 004c 04000000 		.4byte	.LVL0
 1318 0050 10000000 		.4byte	.LVL1
 1319 0054 0600     		.2byte	0x6
 1320 0056 0C       		.byte	0xc
 1321 0057 00300F40 		.4byte	0x400f3000
 1322 005b 9F       		.byte	0x9f
 1323 005c 10000000 		.4byte	.LVL1
 1324 0060 3C010000 		.4byte	.LFE6
 1325 0064 0600     		.2byte	0x6
 1326 0066 0C       		.byte	0xc
 1327 0067 00400F40 		.4byte	0x400f4000
 1328 006b 9F       		.byte	0x9f
 1329 006c 00000000 		.4byte	0
 1330 0070 00000000 		.4byte	0
 1331              	.LLST4:
 1332 0074 76000000 		.4byte	.LVL5
 1333 0078 7A000000 		.4byte	.LVL6
 1334 007c 0200     		.2byte	0x2
 1335 007e 33       		.byte	0x33
ARM GAS  C:\Users\CHUCK~1.ERH\AppData\Local\Temp\ccBMiBtP.s 			page 31


 1336 007f 9F       		.byte	0x9f
 1337 0080 00000000 		.4byte	0
 1338 0084 00000000 		.4byte	0
 1339              	.LLST5:
 1340 0088 74000000 		.4byte	.LVL4
 1341 008c 7A000000 		.4byte	.LVL6
 1342 0090 0100     		.2byte	0x1
 1343 0092 50       		.byte	0x50
 1344 0093 00000000 		.4byte	0
 1345 0097 00000000 		.4byte	0
 1346              	.LLST6:
 1347 009b 76000000 		.4byte	.LVL5
 1348 009f 7A000000 		.4byte	.LVL6
 1349 00a3 0100     		.2byte	0x1
 1350 00a5 51       		.byte	0x51
 1351 00a6 00000000 		.4byte	0
 1352 00aa 00000000 		.4byte	0
 1353              		.section	.debug_aranges,"",%progbits
 1354 0000 1C000000 		.4byte	0x1c
 1355 0004 0200     		.2byte	0x2
 1356 0006 00000000 		.4byte	.Ldebug_info0
 1357 000a 04       		.byte	0x4
 1358 000b 00       		.byte	0
 1359 000c 0000     		.2byte	0
 1360 000e 0000     		.2byte	0
 1361 0010 00000000 		.4byte	.LFB6
 1362 0014 3C010000 		.4byte	.LFE6-.LFB6
 1363 0018 00000000 		.4byte	0
 1364 001c 00000000 		.4byte	0
 1365              		.section	.debug_ranges,"",%progbits
 1366              	.Ldebug_ranges0:
 1367 0000 04000000 		.4byte	.LBB14
 1368 0004 60000000 		.4byte	.LBE14
 1369 0008 62000000 		.4byte	.LBB30
 1370 000c 64000000 		.4byte	.LBE30
 1371 0010 00000000 		.4byte	0
 1372 0014 00000000 		.4byte	0
 1373 0018 60000000 		.4byte	.LBB18
 1374 001c 62000000 		.4byte	.LBE18
 1375 0020 64000000 		.4byte	.LBB31
 1376 0024 8E000000 		.4byte	.LBE31
 1377 0028 8E000000 		.4byte	.LBB32
 1378 002c C8000000 		.4byte	.LBE32
 1379 0030 00000000 		.4byte	0
 1380 0034 00000000 		.4byte	0
 1381 0038 6C000000 		.4byte	.LBB20
 1382 003c 70000000 		.4byte	.LBE20
 1383 0040 72000000 		.4byte	.LBB25
 1384 0044 8E000000 		.4byte	.LBE25
 1385 0048 8E000000 		.4byte	.LBB26
 1386 004c 92000000 		.4byte	.LBE26
 1387 0050 94000000 		.4byte	.LBB27
 1388 0054 96000000 		.4byte	.LBE27
 1389 0058 00000000 		.4byte	0
 1390 005c 00000000 		.4byte	0
 1391 0060 6C000000 		.4byte	.LBB21
 1392 0064 70000000 		.4byte	.LBE21
ARM GAS  C:\Users\CHUCK~1.ERH\AppData\Local\Temp\ccBMiBtP.s 			page 32


 1393 0068 72000000 		.4byte	.LBB22
 1394 006c 8E000000 		.4byte	.LBE22
 1395 0070 8E000000 		.4byte	.LBB23
 1396 0074 92000000 		.4byte	.LBE23
 1397 0078 94000000 		.4byte	.LBB24
 1398 007c 96000000 		.4byte	.LBE24
 1399 0080 00000000 		.4byte	0
 1400 0084 00000000 		.4byte	0
 1401 0088 00000000 		.4byte	.LFB6
 1402 008c 3C010000 		.4byte	.LFE6
 1403 0090 00000000 		.4byte	0
 1404 0094 00000000 		.4byte	0
 1405              		.section	.debug_line,"",%progbits
 1406              	.Ldebug_line0:
 1407 0000 60010000 		.section	.debug_str,"MS",%progbits,1
 1407      0200E200 
 1407      00000201 
 1407      FB0E0D00 
 1407      01010101 
 1408              	.LASF19:
 1409 0000 72656733 		.ascii	"reg32\000"
 1409      3200
 1410              	.LASF11:
 1411 0006 73697A65 		.ascii	"size_t\000"
 1411      5F7400
 1412              	.LASF34:
 1413 000d 416E616C 		.ascii	"AnalogSetDefault\000"
 1413      6F675365 
 1413      74446566 
 1413      61756C74 
 1413      00
 1414              	.LASF23:
 1415 001e 696D6F5F 		.ascii	"imo_trim_entry_t\000"
 1415      7472696D 
 1415      5F656E74 
 1415      72795F74 
 1415      00
 1416              	.LASF39:
 1417 002f 6366675F 		.ascii	"cfg_memset_list\000"
 1417      6D656D73 
 1417      65745F6C 
 1417      69737400 
 1418              	.LASF35:
 1419 003f 436C6F63 		.ascii	"ClockSetup\000"
 1419      6B536574 
 1419      757000
 1420              	.LASF22:
 1421 004a 746D7063 		.ascii	"tmpco\000"
 1421      6F00
 1422              	.LASF3:
 1423 0050 73686F72 		.ascii	"short unsigned int\000"
 1423      7420756E 
 1423      7369676E 
 1423      65642069 
 1423      6E7400
 1424              	.LASF2:
 1425 0063 73686F72 		.ascii	"short int\000"
ARM GAS  C:\Users\CHUCK~1.ERH\AppData\Local\Temp\ccBMiBtP.s 			page 33


 1425      7420696E 
 1425      7400
 1426              	.LASF31:
 1427 006d 53657449 		.ascii	"SetIMOBGTrims\000"
 1427      4D4F4247 
 1427      5472696D 
 1427      7300
 1428              	.LASF16:
 1429 007b 666C6F61 		.ascii	"float\000"
 1429      7400
 1430              	.LASF28:
 1431 0081 696D6F54 		.ascii	"imoTrimIndex\000"
 1431      72696D49 
 1431      6E646578 
 1431      00
 1432              	.LASF37:
 1433 008e 73697A65 		.ascii	"size\000"
 1433      00
 1434              	.LASF18:
 1435 0093 72656738 		.ascii	"reg8\000"
 1435      00
 1436              	.LASF9:
 1437 0098 6C6F6E67 		.ascii	"long unsigned int\000"
 1437      20756E73 
 1437      69676E65 
 1437      6420696E 
 1437      7400
 1438              	.LASF15:
 1439 00aa 696E7433 		.ascii	"int32\000"
 1439      3200
 1440              	.LASF32:
 1441 00b0 43594D45 		.ascii	"CYMEMZERO\000"
 1441      4D5A4552 
 1441      4F00
 1442              	.LASF1:
 1443 00ba 756E7369 		.ascii	"unsigned char\000"
 1443      676E6564 
 1443      20636861 
 1443      7200
 1444              	.LASF44:
 1445 00c8 6D656D73 		.ascii	"memset\000"
 1445      657400
 1446              	.LASF17:
 1447 00cf 646F7562 		.ascii	"double\000"
 1447      6C6500
 1448              	.LASF33:
 1449 00d6 696D6F46 		.ascii	"imoFreq\000"
 1449      72657100 
 1450              	.LASF27:
 1451 00de 494D4F5F 		.ascii	"IMO_TRIM_FREQ_TABLE_ENTRIES\000"
 1451      5452494D 
 1451      5F465245 
 1451      515F5441 
 1451      424C455F 
 1452              	.LASF13:
 1453 00fa 75696E74 		.ascii	"uint16\000"
 1453      313600
ARM GAS  C:\Users\CHUCK~1.ERH\AppData\Local\Temp\ccBMiBtP.s 			page 34


 1454              	.LASF14:
 1455 0101 75696E74 		.ascii	"uint32\000"
 1455      333200
 1456              	.LASF4:
 1457 0108 756E7369 		.ascii	"unsigned int\000"
 1457      676E6564 
 1457      20696E74 
 1457      00
 1458              	.LASF43:
 1459 0115 63796669 		.ascii	"cyfitter_cfg\000"
 1459      74746572 
 1459      5F636667 
 1459      00
 1460              	.LASF36:
 1461 0122 61646472 		.ascii	"address\000"
 1461      65737300 
 1462              	.LASF6:
 1463 012a 6C6F6E67 		.ascii	"long long unsigned int\000"
 1463      206C6F6E 
 1463      6720756E 
 1463      7369676E 
 1463      65642069 
 1464              	.LASF25:
 1465 0141 696D6F5F 		.ascii	"imo_trim_table_t\000"
 1465      7472696D 
 1465      5F746162 
 1465      6C655F74 
 1465      00
 1466              	.LASF38:
 1467 0152 6366675F 		.ascii	"cfg_memset_t\000"
 1467      6D656D73 
 1467      65745F74 
 1467      00
 1468              	.LASF41:
 1469 015f 2E5C4765 		.ascii	".\\Generated_Source\\PSoC4\\cyfitter_cfg.c\000"
 1469      6E657261 
 1469      7465645F 
 1469      536F7572 
 1469      63655C50 
 1470              	.LASF8:
 1471 0187 73697A65 		.ascii	"sizetype\000"
 1471      74797065 
 1471      00
 1472              	.LASF30:
 1473 0190 73657454 		.ascii	"setTmpCo\000"
 1473      6D70436F 
 1473      00
 1474              	.LASF5:
 1475 0199 6C6F6E67 		.ascii	"long long int\000"
 1475      206C6F6E 
 1475      6720696E 
 1475      7400
 1476              	.LASF45:
 1477 01a7 43794465 		.ascii	"CyDelayUs\000"
 1477      6C617955 
 1477      7300
 1478              	.LASF10:
ARM GAS  C:\Users\CHUCK~1.ERH\AppData\Local\Temp\ccBMiBtP.s 			page 35


 1479 01b1 63686172 		.ascii	"char\000"
 1479      00
 1480              	.LASF21:
 1481 01b6 6162736F 		.ascii	"absolute\000"
 1481      6C757465 
 1481      00
 1482              	.LASF42:
 1483 01bf 433A5C55 		.ascii	"C:\\Users\\chuck.erhardt\\Documents\\PSoC Creator\\"
 1483      73657273 
 1483      5C636875 
 1483      636B2E65 
 1483      72686172 
 1484 01ed 57353130 		.ascii	"W5100_Example1\\W5100_Exampl 1-PSoC_Pioneer.cydsn\000"
 1484      305F4578 
 1484      616D706C 
 1484      65315C57 
 1484      35313030 
 1485              	.LASF20:
 1486 021e 66726571 		.ascii	"freq\000"
 1486      00
 1487              	.LASF12:
 1488 0223 75696E74 		.ascii	"uint8\000"
 1488      3800
 1489              	.LASF40:
 1490 0229 474E5520 		.ascii	"GNU C 4.7.3 20130312 (release) [ARM/embedded-4_7-br"
 1490      4320342E 
 1490      372E3320 
 1490      32303133 
 1490      30333132 
 1491 025c 616E6368 		.ascii	"anch revision 196615]\000"
 1491      20726576 
 1491      6973696F 
 1491      6E203139 
 1491      36363135 
 1492              	.LASF26:
 1493 0272 696D6F5F 		.ascii	"imo_trim_table\000"
 1493      7472696D 
 1493      5F746162 
 1493      6C6500
 1494              	.LASF7:
 1495 0281 6C6F6E67 		.ascii	"long int\000"
 1495      20696E74 
 1495      00
 1496              	.LASF24:
 1497 028a 656E7472 		.ascii	"entries\000"
 1497      69657300 
 1498              	.LASF29:
 1499 0292 73657441 		.ascii	"setAbs\000"
 1499      627300
 1500              	.LASF0:
 1501 0299 7369676E 		.ascii	"signed char\000"
 1501      65642063 
 1501      68617200 
 1502              		.ident	"GCC: (GNU Tools for ARM Embedded Processors) 4.7.3 20130312 (release) [ARM/embedded-4_7-br
