Archive member included because of file (symbol)

.\CortexM3\ARM_GCC_473\Debug\W5100_Example1-FreeSoC_Explorer.a(cyfitter_cfg.o)
                              .\CortexM3\ARM_GCC_473\Debug\Cm3Start.o (cyfitter_cfg)
.\CortexM3\ARM_GCC_473\Debug\W5100_Example1-FreeSoC_Explorer.a(SPIM.o)
                              .\CortexM3\ARM_GCC_473\Debug\main.o (SPIM_Start)
.\CortexM3\ARM_GCC_473\Debug\W5100_Example1-FreeSoC_Explorer.a(W5100.o)
                              .\CortexM3\ARM_GCC_473\Debug\main.o (W5100_SocketClose)
.\CortexM3\ARM_GCC_473\Debug\W5100_Example1-FreeSoC_Explorer.a(SPIM_IntClock.o)
                              .\CortexM3\ARM_GCC_473\Debug\W5100_Example1-FreeSoC_Explorer.a(SPIM.o) (SPIM_IntClock_Start)
.\CortexM3\ARM_GCC_473\Debug\W5100_Example1-FreeSoC_Explorer.a(CyBootAsmGnu.o)
                              .\CortexM3\ARM_GCC_473\Debug\W5100_Example1-FreeSoC_Explorer.a(cyfitter_cfg.o) (CyDelayCycles)
.\CortexM3\ARM_GCC_473\Debug\W5100_Example1-FreeSoC_Explorer.a(CyLib.o)
                              .\CortexM3\ARM_GCC_473\Debug\Cm3Start.o (CyResetStatus)
.\CortexM3\ARM_GCC_473\Debug\W5100_Example1-FreeSoC_Explorer.a(cyPm.o)
                              .\CortexM3\ARM_GCC_473\Debug\W5100_Example1-FreeSoC_Explorer.a(CyLib.o) (CyPmReadStatus)
.\CortexM3\ARM_GCC_473\Debug\W5100_Example1-FreeSoC_Explorer.a(CyFlash.o)
                              .\CortexM3\ARM_GCC_473\Debug\W5100_Example1-FreeSoC_Explorer.a(cyPm.o) (CyFlash_SetWaitCycles)
.\CortexM3\ARM_GCC_473\Debug\W5100_Example1-FreeSoC_Explorer.a(CySpc.o)
                              .\CortexM3\ARM_GCC_473\Debug\W5100_Example1-FreeSoC_Explorer.a(CyFlash.o) (CySpcStart)
c:/program files (x86)/cypress/psoc creator/3.0/psoc creator/import/gnu_cs/arm/4.7.3/bin/../lib/gcc/arm-none-eabi/4.7.3/../../../../arm-none-eabi/lib/armv7-m\libc_s.a(lib_a-__atexit2.o)
                              c:/program files (x86)/cypress/psoc creator/3.0/psoc creator/import/gnu_cs/arm/4.7.3/bin/../lib/gcc/arm-none-eabi/4.7.3/../../../../arm-none-eabi/lib/armv7-m/crt0.o (__register_exitproc)
c:/program files (x86)/cypress/psoc creator/3.0/psoc creator/import/gnu_cs/arm/4.7.3/bin/../lib/gcc/arm-none-eabi/4.7.3/../../../../arm-none-eabi/lib/armv7-m\libc_s.a(lib_a-exit.o)
                              c:/program files (x86)/cypress/psoc creator/3.0/psoc creator/import/gnu_cs/arm/4.7.3/bin/../lib/gcc/arm-none-eabi/4.7.3/../../../../arm-none-eabi/lib/armv7-m/crt0.o (exit)
c:/program files (x86)/cypress/psoc creator/3.0/psoc creator/import/gnu_cs/arm/4.7.3/bin/../lib/gcc/arm-none-eabi/4.7.3/../../../../arm-none-eabi/lib/armv7-m\libc_s.a(lib_a-fini.o)
                              c:/program files (x86)/cypress/psoc creator/3.0/psoc creator/import/gnu_cs/arm/4.7.3/bin/../lib/gcc/arm-none-eabi/4.7.3/../../../../arm-none-eabi/lib/armv7-m/crt0.o (__libc_fini_array)
c:/program files (x86)/cypress/psoc creator/3.0/psoc creator/import/gnu_cs/arm/4.7.3/bin/../lib/gcc/arm-none-eabi/4.7.3/../../../../arm-none-eabi/lib/armv7-m\libc_s.a(lib_a-impure.o)
                              c:/program files (x86)/cypress/psoc creator/3.0/psoc creator/import/gnu_cs/arm/4.7.3/bin/../lib/gcc/arm-none-eabi/4.7.3/../../../../arm-none-eabi/lib/armv7-m\libc_s.a(lib_a-exit.o) (_global_impure_ptr)
c:/program files (x86)/cypress/psoc creator/3.0/psoc creator/import/gnu_cs/arm/4.7.3/bin/../lib/gcc/arm-none-eabi/4.7.3/../../../../arm-none-eabi/lib/armv7-m\libc_s.a(lib_a-init.o)
                              c:/program files (x86)/cypress/psoc creator/3.0/psoc creator/import/gnu_cs/arm/4.7.3/bin/../lib/gcc/arm-none-eabi/4.7.3/../../../../arm-none-eabi/lib/armv7-m/crt0.o (__libc_init_array)
c:/program files (x86)/cypress/psoc creator/3.0/psoc creator/import/gnu_cs/arm/4.7.3/bin/../lib/gcc/arm-none-eabi/4.7.3/../../../../arm-none-eabi/lib/armv7-m\libc_s.a(lib_a-memcpy.o)
                              .\CortexM3\ARM_GCC_473\Debug\W5100_Example1-FreeSoC_Explorer.a(cyfitter_cfg.o) (memcpy)
c:/program files (x86)/cypress/psoc creator/3.0/psoc creator/import/gnu_cs/arm/4.7.3/bin/../lib/gcc/arm-none-eabi/4.7.3/../../../../arm-none-eabi/lib/armv7-m\libc_s.a(lib_a-memset.o)
                              c:/program files (x86)/cypress/psoc creator/3.0/psoc creator/import/gnu_cs/arm/4.7.3/bin/../lib/gcc/arm-none-eabi/4.7.3/../../../../arm-none-eabi/lib/armv7-m/crt0.o (memset)
c:/program files (x86)/cypress/psoc creator/3.0/psoc creator/import/gnu_cs/arm/4.7.3/bin/../lib/gcc/arm-none-eabi/4.7.3/../../../../arm-none-eabi/lib/armv7-m\libc_s.a(lib_a-strlen.o)
                              .\CortexM3\ARM_GCC_473\Debug\W5100_Example1-FreeSoC_Explorer.a(W5100.o) (strlen)

Allocating common symbols
Common symbol       size              file

SPIM_swStatusTx     0x1               .\CortexM3\ARM_GCC_473\Debug\W5100_Example1-FreeSoC_Explorer.a(SPIM.o)
dieTemperature      0x2               .\CortexM3\ARM_GCC_473\Debug\W5100_Example1-FreeSoC_Explorer.a(CyFlash.o)
SPIM_swStatusRx     0x1               .\CortexM3\ARM_GCC_473\Debug\W5100_Example1-FreeSoC_Explorer.a(SPIM.o)

Discarded input sections

 .text          0x00000000        0x0 c:/program files (x86)/cypress/psoc creator/3.0/psoc creator/import/gnu_cs/arm/4.7.3/bin/../lib/gcc/arm-none-eabi/4.7.3/armv7-m/crti.o
 .data          0x00000000        0x0 c:/program files (x86)/cypress/psoc creator/3.0/psoc creator/import/gnu_cs/arm/4.7.3/bin/../lib/gcc/arm-none-eabi/4.7.3/armv7-m/crti.o
 .bss           0x00000000        0x0 c:/program files (x86)/cypress/psoc creator/3.0/psoc creator/import/gnu_cs/arm/4.7.3/bin/../lib/gcc/arm-none-eabi/4.7.3/armv7-m/crti.o
 .data          0x00000000        0x4 c:/program files (x86)/cypress/psoc creator/3.0/psoc creator/import/gnu_cs/arm/4.7.3/bin/../lib/gcc/arm-none-eabi/4.7.3/armv7-m/crtbegin.o
 .text          0x00000000       0x70 c:/program files (x86)/cypress/psoc creator/3.0/psoc creator/import/gnu_cs/arm/4.7.3/bin/../lib/gcc/arm-none-eabi/4.7.3/../../../../arm-none-eabi/lib/armv7-m/crt0.o
 .data          0x00000000        0x0 c:/program files (x86)/cypress/psoc creator/3.0/psoc creator/import/gnu_cs/arm/4.7.3/bin/../lib/gcc/arm-none-eabi/4.7.3/../../../../arm-none-eabi/lib/armv7-m/crt0.o
 .bss           0x00000000        0x0 c:/program files (x86)/cypress/psoc creator/3.0/psoc creator/import/gnu_cs/arm/4.7.3/bin/../lib/gcc/arm-none-eabi/4.7.3/../../../../arm-none-eabi/lib/armv7-m/crt0.o
 .ARM.extab     0x00000000        0x0 c:/program files (x86)/cypress/psoc creator/3.0/psoc creator/import/gnu_cs/arm/4.7.3/bin/../lib/gcc/arm-none-eabi/4.7.3/../../../../arm-none-eabi/lib/armv7-m/crt0.o
 .ARM.exidx     0x00000000        0x8 c:/program files (x86)/cypress/psoc creator/3.0/psoc creator/import/gnu_cs/arm/4.7.3/bin/../lib/gcc/arm-none-eabi/4.7.3/../../../../arm-none-eabi/lib/armv7-m/crt0.o
 .text          0x00000000        0x0 .\CortexM3\ARM_GCC_473\Debug\main.o
 .data          0x00000000        0x0 .\CortexM3\ARM_GCC_473\Debug\main.o
 .bss           0x00000000        0x0 .\CortexM3\ARM_GCC_473\Debug\main.o
 .text          0x00000000        0x0 .\CortexM3\ARM_GCC_473\Debug\cymetadata.o
 .data          0x00000000        0x0 .\CortexM3\ARM_GCC_473\Debug\cymetadata.o
 .bss           0x00000000        0x0 .\CortexM3\ARM_GCC_473\Debug\cymetadata.o
 .text          0x00000000        0x0 .\CortexM3\ARM_GCC_473\Debug\Cm3Start.o
 .data          0x00000000        0x0 .\CortexM3\ARM_GCC_473\Debug\Cm3Start.o
 .bss           0x00000000        0x0 .\CortexM3\ARM_GCC_473\Debug\Cm3Start.o
 .text._exit    0x00000000       0x30 .\CortexM3\ARM_GCC_473\Debug\Cm3Start.o
 .text          0x00000000        0x0 .\CortexM3\ARM_GCC_473\Debug\W5100_Example1-FreeSoC_Explorer.a(cyfitter_cfg.o)
 .data          0x00000000        0x0 .\CortexM3\ARM_GCC_473\Debug\W5100_Example1-FreeSoC_Explorer.a(cyfitter_cfg.o)
 .bss           0x00000000        0x0 .\CortexM3\ARM_GCC_473\Debug\W5100_Example1-FreeSoC_Explorer.a(cyfitter_cfg.o)
 .text.CYCONFIGCPYCODE
                0x00000000       0x20 .\CortexM3\ARM_GCC_473\Debug\W5100_Example1-FreeSoC_Explorer.a(cyfitter_cfg.o)
 .text.SetAnalogRoutingPumps
                0x00000000       0x34 .\CortexM3\ARM_GCC_473\Debug\W5100_Example1-FreeSoC_Explorer.a(cyfitter_cfg.o)
 .text          0x00000000        0x0 .\CortexM3\ARM_GCC_473\Debug\W5100_Example1-FreeSoC_Explorer.a(SPIM.o)
 .data          0x00000000        0x0 .\CortexM3\ARM_GCC_473\Debug\W5100_Example1-FreeSoC_Explorer.a(SPIM.o)
 .text.SPIM_Stop
                0x00000000       0x64 .\CortexM3\ARM_GCC_473\Debug\W5100_Example1-FreeSoC_Explorer.a(SPIM.o)
 .text.SPIM_DisableTxInt
                0x00000000        0xc .\CortexM3\ARM_GCC_473\Debug\W5100_Example1-FreeSoC_Explorer.a(SPIM.o)
 .text.SPIM_DisableRxInt
                0x00000000        0xc .\CortexM3\ARM_GCC_473\Debug\W5100_Example1-FreeSoC_Explorer.a(SPIM.o)
 .text.SPIM_SetTxInterruptMode
                0x00000000       0x20 .\CortexM3\ARM_GCC_473\Debug\W5100_Example1-FreeSoC_Explorer.a(SPIM.o)
 .text.SPIM_SetRxInterruptMode
                0x00000000       0x20 .\CortexM3\ARM_GCC_473\Debug\W5100_Example1-FreeSoC_Explorer.a(SPIM.o)
 .text.SPIM_GetTxBufferSize
                0x00000000       0x4c .\CortexM3\ARM_GCC_473\Debug\W5100_Example1-FreeSoC_Explorer.a(SPIM.o)
 .text.SPIM_ClearTxBuffer
                0x00000000       0x58 .\CortexM3\ARM_GCC_473\Debug\W5100_Example1-FreeSoC_Explorer.a(SPIM.o)
 .text.SPIM_PutArray
                0x00000000       0x40 .\CortexM3\ARM_GCC_473\Debug\W5100_Example1-FreeSoC_Explorer.a(SPIM.o)
 .text.SPIM_EnableInt
                0x00000000       0x10 .\CortexM3\ARM_GCC_473\Debug\W5100_Example1-FreeSoC_Explorer.a(SPIM.o)
 .text.SPIM_DisableInt
                0x00000000       0x10 .\CortexM3\ARM_GCC_473\Debug\W5100_Example1-FreeSoC_Explorer.a(SPIM.o)
 .text.SPIM_SetInterruptMode
                0x00000000       0x34 .\CortexM3\ARM_GCC_473\Debug\W5100_Example1-FreeSoC_Explorer.a(SPIM.o)
 .text.SPIM_ReadStatus
                0x00000000       0x3c .\CortexM3\ARM_GCC_473\Debug\W5100_Example1-FreeSoC_Explorer.a(SPIM.o)
 COMMON         0x00000000        0x2 .\CortexM3\ARM_GCC_473\Debug\W5100_Example1-FreeSoC_Explorer.a(SPIM.o)
 .text          0x00000000        0x0 .\CortexM3\ARM_GCC_473\Debug\W5100_Example1-FreeSoC_Explorer.a(W5100.o)
 .data          0x00000000        0x0 .\CortexM3\ARM_GCC_473\Debug\W5100_Example1-FreeSoC_Explorer.a(W5100.o)
 .text.W5100_W51_GetMAC
                0x00000000       0x44 .\CortexM3\ARM_GCC_473\Debug\W5100_Example1-FreeSoC_Explorer.a(W5100.o)
 .text.W5100_W51_GetIP
                0x00000000       0x5c .\CortexM3\ARM_GCC_473\Debug\W5100_Example1-FreeSoC_Explorer.a(W5100.o)
 .text.W5100_W51_ReadBlock
                0x00000000       0x4c .\CortexM3\ARM_GCC_473\Debug\W5100_Example1-FreeSoC_Explorer.a(W5100.o)
 .text.W5100_GetSourceMAC
                0x00000000       0x1c .\CortexM3\ARM_GCC_473\Debug\W5100_Example1-FreeSoC_Explorer.a(W5100.o)
 .text.W5100_GetGatewayAddress
                0x00000000       0x14 .\CortexM3\ARM_GCC_473\Debug\W5100_Example1-FreeSoC_Explorer.a(W5100.o)
 .text.W5100_GetSubnetMask
                0x00000000       0x14 .\CortexM3\ARM_GCC_473\Debug\W5100_Example1-FreeSoC_Explorer.a(W5100.o)
 .text.W5100_GetSourceIP
                0x00000000       0x14 .\CortexM3\ARM_GCC_473\Debug\W5100_Example1-FreeSoC_Explorer.a(W5100.o)
 .text.W5100_GetMode
                0x00000000       0x14 .\CortexM3\ARM_GCC_473\Debug\W5100_Example1-FreeSoC_Explorer.a(W5100.o)
 .text.W5100_GetIR
                0x00000000       0x14 .\CortexM3\ARM_GCC_473\Debug\W5100_Example1-FreeSoC_Explorer.a(W5100.o)
 .text.W5100_SetIMR
                0x00000000       0x20 .\CortexM3\ARM_GCC_473\Debug\W5100_Example1-FreeSoC_Explorer.a(W5100.o)
 .text.W5100_GetIMR
                0x00000000       0x14 .\CortexM3\ARM_GCC_473\Debug\W5100_Example1-FreeSoC_Explorer.a(W5100.o)
 .text.W5100_SetRetryTime
                0x00000000       0x20 .\CortexM3\ARM_GCC_473\Debug\W5100_Example1-FreeSoC_Explorer.a(W5100.o)
 .text.W5100_GetRetryTime
                0x00000000       0x14 .\CortexM3\ARM_GCC_473\Debug\W5100_Example1-FreeSoC_Explorer.a(W5100.o)
 .text.W5100_SetRetryCount
                0x00000000       0x20 .\CortexM3\ARM_GCC_473\Debug\W5100_Example1-FreeSoC_Explorer.a(W5100.o)
 .text.W5100_GetRetryCount
                0x00000000       0x14 .\CortexM3\ARM_GCC_473\Debug\W5100_Example1-FreeSoC_Explorer.a(W5100.o)
 .text.W5100_GetRxMemSize
                0x00000000       0x14 .\CortexM3\ARM_GCC_473\Debug\W5100_Example1-FreeSoC_Explorer.a(W5100.o)
 .text.W5100_GetTxMemSize
                0x00000000       0x14 .\CortexM3\ARM_GCC_473\Debug\W5100_Example1-FreeSoC_Explorer.a(W5100.o)
 .text.W5100_SetUnreachableIP
                0x00000000       0x1c .\CortexM3\ARM_GCC_473\Debug\W5100_Example1-FreeSoC_Explorer.a(W5100.o)
 .text.W5100_GetUnreachableIP
                0x00000000       0x14 .\CortexM3\ARM_GCC_473\Debug\W5100_Example1-FreeSoC_Explorer.a(W5100.o)
 .text.W5100_SetUnreachablePort
                0x00000000       0x20 .\CortexM3\ARM_GCC_473\Debug\W5100_Example1-FreeSoC_Explorer.a(W5100.o)
 .text.W5100_GetUnreachablePort
                0x00000000       0x14 .\CortexM3\ARM_GCC_473\Debug\W5100_Example1-FreeSoC_Explorer.a(W5100.o)
 .text.W5100_GetSocketMode
                0x00000000       0x2c .\CortexM3\ARM_GCC_473\Debug\W5100_Example1-FreeSoC_Explorer.a(W5100.o)
 .text.W5100_SetSocketStatus
                0x00000000       0x30 .\CortexM3\ARM_GCC_473\Debug\W5100_Example1-FreeSoC_Explorer.a(W5100.o)
 .text.W5100_GetSocketSourcePort
                0x00000000       0x2c .\CortexM3\ARM_GCC_473\Debug\W5100_Example1-FreeSoC_Explorer.a(W5100.o)
 .text.W5100_SetSocketDestMAC
                0x00000000       0x2c .\CortexM3\ARM_GCC_473\Debug\W5100_Example1-FreeSoC_Explorer.a(W5100.o)
 .text.W5100_GetSocketDestMAC
                0x00000000       0x2c .\CortexM3\ARM_GCC_473\Debug\W5100_Example1-FreeSoC_Explorer.a(W5100.o)
 .text.W5100_SetSocketDestIP
                0x00000000       0x2c .\CortexM3\ARM_GCC_473\Debug\W5100_Example1-FreeSoC_Explorer.a(W5100.o)
 .text.W5100_GetSocketDestIP
                0x00000000       0x2c .\CortexM3\ARM_GCC_473\Debug\W5100_Example1-FreeSoC_Explorer.a(W5100.o)
 .text.W5100_SetSocketDestPort
                0x00000000       0x30 .\CortexM3\ARM_GCC_473\Debug\W5100_Example1-FreeSoC_Explorer.a(W5100.o)
 .text.W5100_GetSocketDestPort
                0x00000000       0x2c .\CortexM3\ARM_GCC_473\Debug\W5100_Example1-FreeSoC_Explorer.a(W5100.o)
 .text.W5100_SetSocketMaxSegSize
                0x00000000       0x30 .\CortexM3\ARM_GCC_473\Debug\W5100_Example1-FreeSoC_Explorer.a(W5100.o)
 .text.W5100_GetSocketMaxSegSize
                0x00000000       0x2c .\CortexM3\ARM_GCC_473\Debug\W5100_Example1-FreeSoC_Explorer.a(W5100.o)
 .text.W5100_GetSocketProto
                0x00000000       0x2c .\CortexM3\ARM_GCC_473\Debug\W5100_Example1-FreeSoC_Explorer.a(W5100.o)
 .text.W5100_SetSocketTOS
                0x00000000       0x30 .\CortexM3\ARM_GCC_473\Debug\W5100_Example1-FreeSoC_Explorer.a(W5100.o)
 .text.W5100_GetSocketTOS
                0x00000000       0x2c .\CortexM3\ARM_GCC_473\Debug\W5100_Example1-FreeSoC_Explorer.a(W5100.o)
 .text.W5100_SetSocketTTL
                0x00000000       0x30 .\CortexM3\ARM_GCC_473\Debug\W5100_Example1-FreeSoC_Explorer.a(W5100.o)
 .text.W5100_GetSocketTTL
                0x00000000       0x2c .\CortexM3\ARM_GCC_473\Debug\W5100_Example1-FreeSoC_Explorer.a(W5100.o)
 .text.W5100_SetSocketTxFree
                0x00000000       0x30 .\CortexM3\ARM_GCC_473\Debug\W5100_Example1-FreeSoC_Explorer.a(W5100.o)
 .text.W5100_SetSocketTxReadPtr
                0x00000000       0x30 .\CortexM3\ARM_GCC_473\Debug\W5100_Example1-FreeSoC_Explorer.a(W5100.o)
 .text.W5100_GetSocketTxReadPtr
                0x00000000       0x2c .\CortexM3\ARM_GCC_473\Debug\W5100_Example1-FreeSoC_Explorer.a(W5100.o)
 .text.W5100_GetSocketRxSize
                0x00000000       0x2c .\CortexM3\ARM_GCC_473\Debug\W5100_Example1-FreeSoC_Explorer.a(W5100.o)
 .text.W5100_SetSocketRxReadPtr
                0x00000000       0x30 .\CortexM3\ARM_GCC_473\Debug\W5100_Example1-FreeSoC_Explorer.a(W5100.o)
 .text.W5100_GetSocketRxReadPtr
                0x00000000       0x2c .\CortexM3\ARM_GCC_473\Debug\W5100_Example1-FreeSoC_Explorer.a(W5100.o)
 .text.W5100_GetRxSize
                0x00000000       0x48 .\CortexM3\ARM_GCC_473\Debug\W5100_Example1-FreeSoC_Explorer.a(W5100.o)
 .text.W5100_ProcessRxData
                0x00000000       0xc4 .\CortexM3\ARM_GCC_473\Debug\W5100_Example1-FreeSoC_Explorer.a(W5100.o)
 .text.W5100_StringMAC
                0x00000000      0x104 .\CortexM3\ARM_GCC_473\Debug\W5100_Example1-FreeSoC_Explorer.a(W5100.o)
 .text.W5100_StringIP
                0x00000000      0x11c .\CortexM3\ARM_GCC_473\Debug\W5100_Example1-FreeSoC_Explorer.a(W5100.o)
 .text.W5100_SetIP
                0x00000000       0x34 .\CortexM3\ARM_GCC_473\Debug\W5100_Example1-FreeSoC_Explorer.a(W5100.o)
 .text.W5100_GetIP
                0x00000000       0x10 .\CortexM3\ARM_GCC_473\Debug\W5100_Example1-FreeSoC_Explorer.a(W5100.o)
 .text.W5100_SetMAC
                0x00000000       0x18 .\CortexM3\ARM_GCC_473\Debug\W5100_Example1-FreeSoC_Explorer.a(W5100.o)
 .text.W5100_GetMAC
                0x00000000       0x18 .\CortexM3\ARM_GCC_473\Debug\W5100_Example1-FreeSoC_Explorer.a(W5100.o)
 .text.W5100_SocketProcessConnections
                0x00000000       0x44 .\CortexM3\ARM_GCC_473\Debug\W5100_Example1-FreeSoC_Explorer.a(W5100.o)
 .text.W5100_SocketSendMac
                0x00000000       0x78 .\CortexM3\ARM_GCC_473\Debug\W5100_Example1-FreeSoC_Explorer.a(W5100.o)
 .text.W5100_SocketRxDataWaiting
                0x00000000       0x20 .\CortexM3\ARM_GCC_473\Debug\W5100_Example1-FreeSoC_Explorer.a(W5100.o)
 .text.W5100_TcpConnect
                0x00000000       0xa8 .\CortexM3\ARM_GCC_473\Debug\W5100_Example1-FreeSoC_Explorer.a(W5100.o)
 .text.W5100_TcpConnected
                0x00000000       0x20 .\CortexM3\ARM_GCC_473\Debug\W5100_Example1-FreeSoC_Explorer.a(W5100.o)
 .text.W5100_TcpReceive
                0x00000000       0x5c .\CortexM3\ARM_GCC_473\Debug\W5100_Example1-FreeSoC_Explorer.a(W5100.o)
 .text.W5100_UdpOpen
                0x00000000       0x28 .\CortexM3\ARM_GCC_473\Debug\W5100_Example1-FreeSoC_Explorer.a(W5100.o)
 .text.W5100_UdpSend
                0x00000000       0x80 .\CortexM3\ARM_GCC_473\Debug\W5100_Example1-FreeSoC_Explorer.a(W5100.o)
 .text.W5100_UdpReceive
                0x00000000      0x108 .\CortexM3\ARM_GCC_473\Debug\W5100_Example1-FreeSoC_Explorer.a(W5100.o)
 .text          0x00000000        0x0 .\CortexM3\ARM_GCC_473\Debug\W5100_Example1-FreeSoC_Explorer.a(SPIM_IntClock.o)
 .data          0x00000000        0x0 .\CortexM3\ARM_GCC_473\Debug\W5100_Example1-FreeSoC_Explorer.a(SPIM_IntClock.o)
 .bss           0x00000000        0x0 .\CortexM3\ARM_GCC_473\Debug\W5100_Example1-FreeSoC_Explorer.a(SPIM_IntClock.o)
 .text.SPIM_IntClock_Stop
                0x00000000       0x44 .\CortexM3\ARM_GCC_473\Debug\W5100_Example1-FreeSoC_Explorer.a(SPIM_IntClock.o)
 .text.SPIM_IntClock_StopBlock
                0x00000000       0xf8 .\CortexM3\ARM_GCC_473\Debug\W5100_Example1-FreeSoC_Explorer.a(SPIM_IntClock.o)
 .text.SPIM_IntClock_StandbyPower
                0x00000000       0x54 .\CortexM3\ARM_GCC_473\Debug\W5100_Example1-FreeSoC_Explorer.a(SPIM_IntClock.o)
 .text.SPIM_IntClock_SetDividerRegister
                0x00000000      0x1e8 .\CortexM3\ARM_GCC_473\Debug\W5100_Example1-FreeSoC_Explorer.a(SPIM_IntClock.o)
 .text.SPIM_IntClock_GetDividerRegister
                0x00000000       0x18 .\CortexM3\ARM_GCC_473\Debug\W5100_Example1-FreeSoC_Explorer.a(SPIM_IntClock.o)
 .text.SPIM_IntClock_SetModeRegister
                0x00000000       0x3c .\CortexM3\ARM_GCC_473\Debug\W5100_Example1-FreeSoC_Explorer.a(SPIM_IntClock.o)
 .text.SPIM_IntClock_ClearModeRegister
                0x00000000       0x3c .\CortexM3\ARM_GCC_473\Debug\W5100_Example1-FreeSoC_Explorer.a(SPIM_IntClock.o)
 .text.SPIM_IntClock_GetModeRegister
                0x00000000       0x20 .\CortexM3\ARM_GCC_473\Debug\W5100_Example1-FreeSoC_Explorer.a(SPIM_IntClock.o)
 .text.SPIM_IntClock_SetSourceRegister
                0x00000000       0xf4 .\CortexM3\ARM_GCC_473\Debug\W5100_Example1-FreeSoC_Explorer.a(SPIM_IntClock.o)
 .text.SPIM_IntClock_GetSourceRegister
                0x00000000       0x20 .\CortexM3\ARM_GCC_473\Debug\W5100_Example1-FreeSoC_Explorer.a(SPIM_IntClock.o)
 .data          0x00000000        0x0 .\CortexM3\ARM_GCC_473\Debug\W5100_Example1-FreeSoC_Explorer.a(CyBootAsmGnu.o)
 .bss           0x00000000        0x0 .\CortexM3\ARM_GCC_473\Debug\W5100_Example1-FreeSoC_Explorer.a(CyBootAsmGnu.o)
 .text          0x00000000        0x0 .\CortexM3\ARM_GCC_473\Debug\W5100_Example1-FreeSoC_Explorer.a(CyLib.o)
 .bss           0x00000000        0x0 .\CortexM3\ARM_GCC_473\Debug\W5100_Example1-FreeSoC_Explorer.a(CyLib.o)
 .text.CyPLL_OUT_Start
                0x00000000       0xe0 .\CortexM3\ARM_GCC_473\Debug\W5100_Example1-FreeSoC_Explorer.a(CyLib.o)
 .text.CyPLL_OUT_Stop
                0x00000000       0x28 .\CortexM3\ARM_GCC_473\Debug\W5100_Example1-FreeSoC_Explorer.a(CyLib.o)
 .text.CyPLL_OUT_SetPQ
                0x00000000       0xac .\CortexM3\ARM_GCC_473\Debug\W5100_Example1-FreeSoC_Explorer.a(CyLib.o)
 .text.CyPLL_OUT_SetSource
                0x00000000       0x60 .\CortexM3\ARM_GCC_473\Debug\W5100_Example1-FreeSoC_Explorer.a(CyLib.o)
 .text.CyIMO_Start
                0x00000000       0xbc .\CortexM3\ARM_GCC_473\Debug\W5100_Example1-FreeSoC_Explorer.a(CyLib.o)
 .text.CyIMO_Stop
                0x00000000       0x44 .\CortexM3\ARM_GCC_473\Debug\W5100_Example1-FreeSoC_Explorer.a(CyLib.o)
 .text.CyUSB_PowerOnCheck
                0x00000000       0x70 .\CortexM3\ARM_GCC_473\Debug\W5100_Example1-FreeSoC_Explorer.a(CyLib.o)
 .text.CyIMO_SetTrimValue
                0x00000000      0x160 .\CortexM3\ARM_GCC_473\Debug\W5100_Example1-FreeSoC_Explorer.a(CyLib.o)
 .text.CyIMO_SetFreq
                0x00000000      0x224 .\CortexM3\ARM_GCC_473\Debug\W5100_Example1-FreeSoC_Explorer.a(CyLib.o)
 .text.CyIMO_SetSource
                0x00000000       0xb0 .\CortexM3\ARM_GCC_473\Debug\W5100_Example1-FreeSoC_Explorer.a(CyLib.o)
 .text.CyIMO_EnableDoubler
                0x00000000       0x28 .\CortexM3\ARM_GCC_473\Debug\W5100_Example1-FreeSoC_Explorer.a(CyLib.o)
 .text.CyIMO_DisableDoubler
                0x00000000       0x28 .\CortexM3\ARM_GCC_473\Debug\W5100_Example1-FreeSoC_Explorer.a(CyLib.o)
 .text.CyMasterClk_SetSource
                0x00000000       0x3c .\CortexM3\ARM_GCC_473\Debug\W5100_Example1-FreeSoC_Explorer.a(CyLib.o)
 .text.CyMasterClk_SetDivider
                0x00000000       0x20 .\CortexM3\ARM_GCC_473\Debug\W5100_Example1-FreeSoC_Explorer.a(CyLib.o)
 .text.CyBusClk_Internal_SetDivider
                0x00000000       0x98 .\CortexM3\ARM_GCC_473\Debug\W5100_Example1-FreeSoC_Explorer.a(CyLib.o)
 .text.CyBusClk_SetDivider
                0x00000000       0xd0 .\CortexM3\ARM_GCC_473\Debug\W5100_Example1-FreeSoC_Explorer.a(CyLib.o)
 .text.CyUsbClk_SetSource
                0x00000000       0x3c .\CortexM3\ARM_GCC_473\Debug\W5100_Example1-FreeSoC_Explorer.a(CyLib.o)
 .text.CyILO_Start1K
                0x00000000       0x28 .\CortexM3\ARM_GCC_473\Debug\W5100_Example1-FreeSoC_Explorer.a(CyLib.o)
 .text.CyILO_Stop1K
                0x00000000       0x28 .\CortexM3\ARM_GCC_473\Debug\W5100_Example1-FreeSoC_Explorer.a(CyLib.o)
 .text.CyILO_Start100K
                0x00000000       0x28 .\CortexM3\ARM_GCC_473\Debug\W5100_Example1-FreeSoC_Explorer.a(CyLib.o)
 .text.CyILO_Stop100K
                0x00000000       0x28 .\CortexM3\ARM_GCC_473\Debug\W5100_Example1-FreeSoC_Explorer.a(CyLib.o)
 .text.CyILO_Enable33K
                0x00000000       0x28 .\CortexM3\ARM_GCC_473\Debug\W5100_Example1-FreeSoC_Explorer.a(CyLib.o)
 .text.CyILO_Disable33K
                0x00000000       0x28 .\CortexM3\ARM_GCC_473\Debug\W5100_Example1-FreeSoC_Explorer.a(CyLib.o)
 .text.CyILO_SetSource
                0x00000000       0x3c .\CortexM3\ARM_GCC_473\Debug\W5100_Example1-FreeSoC_Explorer.a(CyLib.o)
 .text.CyILO_SetPowerMode
                0x00000000       0x5c .\CortexM3\ARM_GCC_473\Debug\W5100_Example1-FreeSoC_Explorer.a(CyLib.o)
 .text.CyXTAL_32KHZ_Start
                0x00000000       0xa4 .\CortexM3\ARM_GCC_473\Debug\W5100_Example1-FreeSoC_Explorer.a(CyLib.o)
 .text.CyXTAL_32KHZ_Stop
                0x00000000       0x64 .\CortexM3\ARM_GCC_473\Debug\W5100_Example1-FreeSoC_Explorer.a(CyLib.o)
 .text.CyXTAL_32KHZ_ReadStatus
                0x00000000       0x20 .\CortexM3\ARM_GCC_473\Debug\W5100_Example1-FreeSoC_Explorer.a(CyLib.o)
 .text.CyXTAL_32KHZ_SetPowerMode
                0x00000000       0xfc .\CortexM3\ARM_GCC_473\Debug\W5100_Example1-FreeSoC_Explorer.a(CyLib.o)
 .text.CyXTAL_Start
                0x00000000      0x108 .\CortexM3\ARM_GCC_473\Debug\W5100_Example1-FreeSoC_Explorer.a(CyLib.o)
 .text.CyXTAL_Stop
                0x00000000       0x28 .\CortexM3\ARM_GCC_473\Debug\W5100_Example1-FreeSoC_Explorer.a(CyLib.o)
 .text.CyXTAL_EnableErrStatus
                0x00000000       0x28 .\CortexM3\ARM_GCC_473\Debug\W5100_Example1-FreeSoC_Explorer.a(CyLib.o)
 .text.CyXTAL_DisableErrStatus
                0x00000000       0x28 .\CortexM3\ARM_GCC_473\Debug\W5100_Example1-FreeSoC_Explorer.a(CyLib.o)
 .text.CyXTAL_ReadStatus
                0x00000000       0x2c .\CortexM3\ARM_GCC_473\Debug\W5100_Example1-FreeSoC_Explorer.a(CyLib.o)
 .text.CyXTAL_EnableFaultRecovery
                0x00000000       0x28 .\CortexM3\ARM_GCC_473\Debug\W5100_Example1-FreeSoC_Explorer.a(CyLib.o)
 .text.CyXTAL_DisableFaultRecovery
                0x00000000       0x28 .\CortexM3\ARM_GCC_473\Debug\W5100_Example1-FreeSoC_Explorer.a(CyLib.o)
 .text.CyXTAL_SetStartup
                0x00000000       0x3c .\CortexM3\ARM_GCC_473\Debug\W5100_Example1-FreeSoC_Explorer.a(CyLib.o)
 .text.CyXTAL_SetFbVoltage
                0x00000000       0x3c .\CortexM3\ARM_GCC_473\Debug\W5100_Example1-FreeSoC_Explorer.a(CyLib.o)
 .text.CyXTAL_SetWdVoltage
                0x00000000       0x44 .\CortexM3\ARM_GCC_473\Debug\W5100_Example1-FreeSoC_Explorer.a(CyLib.o)
 .text.CyHalt   0x00000000       0x18 .\CortexM3\ARM_GCC_473\Debug\W5100_Example1-FreeSoC_Explorer.a(CyLib.o)
 .text.CySoftwareReset
                0x00000000       0x28 .\CortexM3\ARM_GCC_473\Debug\W5100_Example1-FreeSoC_Explorer.a(CyLib.o)
 .text.CyDelayFreq
                0x00000000       0xa8 .\CortexM3\ARM_GCC_473\Debug\W5100_Example1-FreeSoC_Explorer.a(CyLib.o)
 .text.CyWdtStart
                0x00000000       0xc4 .\CortexM3\ARM_GCC_473\Debug\W5100_Example1-FreeSoC_Explorer.a(CyLib.o)
 .text.CyWdtClear
                0x00000000       0x18 .\CortexM3\ARM_GCC_473\Debug\W5100_Example1-FreeSoC_Explorer.a(CyLib.o)
 .text.CyVdLvDigitEnable
                0x00000000       0xf4 .\CortexM3\ARM_GCC_473\Debug\W5100_Example1-FreeSoC_Explorer.a(CyLib.o)
 .text.CyVdLvAnalogEnable
                0x00000000       0xf4 .\CortexM3\ARM_GCC_473\Debug\W5100_Example1-FreeSoC_Explorer.a(CyLib.o)
 .text.CyVdLvDigitDisable
                0x00000000       0x58 .\CortexM3\ARM_GCC_473\Debug\W5100_Example1-FreeSoC_Explorer.a(CyLib.o)
 .text.CyVdLvAnalogDisable
                0x00000000       0x58 .\CortexM3\ARM_GCC_473\Debug\W5100_Example1-FreeSoC_Explorer.a(CyLib.o)
 .text.CyVdHvAnalogEnable
                0x00000000       0x7c .\CortexM3\ARM_GCC_473\Debug\W5100_Example1-FreeSoC_Explorer.a(CyLib.o)
 .text.CyVdHvAnalogDisable
                0x00000000       0x28 .\CortexM3\ARM_GCC_473\Debug\W5100_Example1-FreeSoC_Explorer.a(CyLib.o)
 .text.CyVdStickyStatus
                0x00000000       0x48 .\CortexM3\ARM_GCC_473\Debug\W5100_Example1-FreeSoC_Explorer.a(CyLib.o)
 .text.CyVdRealTimeStatus
                0x00000000       0x30 .\CortexM3\ARM_GCC_473\Debug\W5100_Example1-FreeSoC_Explorer.a(CyLib.o)
 .text.CyDisableInts
                0x00000000       0x3c .\CortexM3\ARM_GCC_473\Debug\W5100_Example1-FreeSoC_Explorer.a(CyLib.o)
 .text.CyEnableInts
                0x00000000       0x2c .\CortexM3\ARM_GCC_473\Debug\W5100_Example1-FreeSoC_Explorer.a(CyLib.o)
 .text.CyFlushCache
                0x00000000       0x7c .\CortexM3\ARM_GCC_473\Debug\W5100_Example1-FreeSoC_Explorer.a(CyLib.o)
 .text.CyIntSetSysVector
                0x00000000       0x58 .\CortexM3\ARM_GCC_473\Debug\W5100_Example1-FreeSoC_Explorer.a(CyLib.o)
 .text.CyIntGetSysVector
                0x00000000       0x40 .\CortexM3\ARM_GCC_473\Debug\W5100_Example1-FreeSoC_Explorer.a(CyLib.o)
 .text.CyIntSetVector
                0x00000000       0x60 .\CortexM3\ARM_GCC_473\Debug\W5100_Example1-FreeSoC_Explorer.a(CyLib.o)
 .text.CyIntGetVector
                0x00000000       0x44 .\CortexM3\ARM_GCC_473\Debug\W5100_Example1-FreeSoC_Explorer.a(CyLib.o)
 .text.CyIntSetPriority
                0x00000000       0x4c .\CortexM3\ARM_GCC_473\Debug\W5100_Example1-FreeSoC_Explorer.a(CyLib.o)
 .text.CyIntGetPriority
                0x00000000       0x3c .\CortexM3\ARM_GCC_473\Debug\W5100_Example1-FreeSoC_Explorer.a(CyLib.o)
 .text.CyIntGetState
                0x00000000       0x48 .\CortexM3\ARM_GCC_473\Debug\W5100_Example1-FreeSoC_Explorer.a(CyLib.o)
 .text          0x00000000        0x0 .\CortexM3\ARM_GCC_473\Debug\W5100_Example1-FreeSoC_Explorer.a(cyPm.o)
 .data          0x00000000        0x0 .\CortexM3\ARM_GCC_473\Debug\W5100_Example1-FreeSoC_Explorer.a(cyPm.o)
 .bss           0x00000000       0x44 .\CortexM3\ARM_GCC_473\Debug\W5100_Example1-FreeSoC_Explorer.a(cyPm.o)
 .rodata        0x00000000       0x10 .\CortexM3\ARM_GCC_473\Debug\W5100_Example1-FreeSoC_Explorer.a(cyPm.o)
 .text.CyPmSaveClocks
                0x00000000      0x3ac .\CortexM3\ARM_GCC_473\Debug\W5100_Example1-FreeSoC_Explorer.a(cyPm.o)
 .text.CyPmRestoreClocks
                0x00000000      0x424 .\CortexM3\ARM_GCC_473\Debug\W5100_Example1-FreeSoC_Explorer.a(cyPm.o)
 .text.CyPmAltAct
                0x00000000      0x118 .\CortexM3\ARM_GCC_473\Debug\W5100_Example1-FreeSoC_Explorer.a(cyPm.o)
 .text.CyPmSleep
                0x00000000      0x21c .\CortexM3\ARM_GCC_473\Debug\W5100_Example1-FreeSoC_Explorer.a(cyPm.o)
 .text.CyPmHibernate
                0x00000000      0x1f0 .\CortexM3\ARM_GCC_473\Debug\W5100_Example1-FreeSoC_Explorer.a(cyPm.o)
 .text.CyPmReadStatus
                0x00000000       0x78 .\CortexM3\ARM_GCC_473\Debug\W5100_Example1-FreeSoC_Explorer.a(cyPm.o)
 .text.CyPmHibSaveSet
                0x00000000      0x138 .\CortexM3\ARM_GCC_473\Debug\W5100_Example1-FreeSoC_Explorer.a(cyPm.o)
 .text.CyPmHibRestore
                0x00000000       0x94 .\CortexM3\ARM_GCC_473\Debug\W5100_Example1-FreeSoC_Explorer.a(cyPm.o)
 .text.CyPmCtwSetInterval
                0x00000000       0xd8 .\CortexM3\ARM_GCC_473\Debug\W5100_Example1-FreeSoC_Explorer.a(cyPm.o)
 .text.CyPmOppsSet
                0x00000000       0x58 .\CortexM3\ARM_GCC_473\Debug\W5100_Example1-FreeSoC_Explorer.a(cyPm.o)
 .text.CyPmFtwSetInterval
                0x00000000       0xd8 .\CortexM3\ARM_GCC_473\Debug\W5100_Example1-FreeSoC_Explorer.a(cyPm.o)
 .text.CyPmHibSlpSaveSet
                0x00000000      0x458 .\CortexM3\ARM_GCC_473\Debug\W5100_Example1-FreeSoC_Explorer.a(cyPm.o)
 .text.CyPmHibSlpRestore
                0x00000000      0x270 .\CortexM3\ARM_GCC_473\Debug\W5100_Example1-FreeSoC_Explorer.a(cyPm.o)
 .text.CyPmHviLviSaveDisable
                0x00000000      0x13c .\CortexM3\ARM_GCC_473\Debug\W5100_Example1-FreeSoC_Explorer.a(cyPm.o)
 .text.CyPmHviLviRestore
                0x00000000       0x7c .\CortexM3\ARM_GCC_473\Debug\W5100_Example1-FreeSoC_Explorer.a(cyPm.o)
 .text          0x00000000        0x0 .\CortexM3\ARM_GCC_473\Debug\W5100_Example1-FreeSoC_Explorer.a(CyFlash.o)
 .data          0x00000000        0x0 .\CortexM3\ARM_GCC_473\Debug\W5100_Example1-FreeSoC_Explorer.a(CyFlash.o)
 .bss           0x00000000        0x4 .\CortexM3\ARM_GCC_473\Debug\W5100_Example1-FreeSoC_Explorer.a(CyFlash.o)
 .text.CyFlash_Start
                0x00000000       0x48 .\CortexM3\ARM_GCC_473\Debug\W5100_Example1-FreeSoC_Explorer.a(CyFlash.o)
 .text.CyFlash_Stop
                0x00000000       0x44 .\CortexM3\ARM_GCC_473\Debug\W5100_Example1-FreeSoC_Explorer.a(CyFlash.o)
 .text.CySetTempInt
                0x00000000       0x90 .\CortexM3\ARM_GCC_473\Debug\W5100_Example1-FreeSoC_Explorer.a(CyFlash.o)
 .text.CySetTemp
                0x00000000       0x24 .\CortexM3\ARM_GCC_473\Debug\W5100_Example1-FreeSoC_Explorer.a(CyFlash.o)
 .text.CySetFlashEEBuffer
                0x00000000       0x78 .\CortexM3\ARM_GCC_473\Debug\W5100_Example1-FreeSoC_Explorer.a(CyFlash.o)
 .text.CyWriteRowData
                0x00000000       0xbc .\CortexM3\ARM_GCC_473\Debug\W5100_Example1-FreeSoC_Explorer.a(CyFlash.o)
 .text.CyWriteRowFull
                0x00000000      0x120 .\CortexM3\ARM_GCC_473\Debug\W5100_Example1-FreeSoC_Explorer.a(CyFlash.o)
 .text.CyFlash_SetWaitCycles
                0x00000000       0xc0 .\CortexM3\ARM_GCC_473\Debug\W5100_Example1-FreeSoC_Explorer.a(CyFlash.o)
 .text.CyEEPROM_Start
                0x00000000       0x44 .\CortexM3\ARM_GCC_473\Debug\W5100_Example1-FreeSoC_Explorer.a(CyFlash.o)
 .text.CyEEPROM_Stop
                0x00000000       0x44 .\CortexM3\ARM_GCC_473\Debug\W5100_Example1-FreeSoC_Explorer.a(CyFlash.o)
 .text.CyEEPROM_ReadReserve
                0x00000000       0x3c .\CortexM3\ARM_GCC_473\Debug\W5100_Example1-FreeSoC_Explorer.a(CyFlash.o)
 .text.CyEEPROM_ReadRelease
                0x00000000       0x28 .\CortexM3\ARM_GCC_473\Debug\W5100_Example1-FreeSoC_Explorer.a(CyFlash.o)
 COMMON         0x00000000        0x2 .\CortexM3\ARM_GCC_473\Debug\W5100_Example1-FreeSoC_Explorer.a(CyFlash.o)
 .text          0x00000000        0x0 .\CortexM3\ARM_GCC_473\Debug\W5100_Example1-FreeSoC_Explorer.a(CySpc.o)
 .data          0x00000000        0x0 .\CortexM3\ARM_GCC_473\Debug\W5100_Example1-FreeSoC_Explorer.a(CySpc.o)
 .bss           0x00000000        0x8 .\CortexM3\ARM_GCC_473\Debug\W5100_Example1-FreeSoC_Explorer.a(CySpc.o)
 .text.CySpcStart
                0x00000000       0x58 .\CortexM3\ARM_GCC_473\Debug\W5100_Example1-FreeSoC_Explorer.a(CySpc.o)
 .text.CySpcStop
                0x00000000       0x58 .\CortexM3\ARM_GCC_473\Debug\W5100_Example1-FreeSoC_Explorer.a(CySpc.o)
 .text.CySpcReadData
                0x00000000       0x64 .\CortexM3\ARM_GCC_473\Debug\W5100_Example1-FreeSoC_Explorer.a(CySpc.o)
 .text.CySpcLoadMultiByte
                0x00000000      0x11c .\CortexM3\ARM_GCC_473\Debug\W5100_Example1-FreeSoC_Explorer.a(CySpc.o)
 .text.CySpcLoadRow
                0x00000000       0xbc .\CortexM3\ARM_GCC_473\Debug\W5100_Example1-FreeSoC_Explorer.a(CySpc.o)
 .text.CySpcWriteRow
                0x00000000       0xcc .\CortexM3\ARM_GCC_473\Debug\W5100_Example1-FreeSoC_Explorer.a(CySpc.o)
 .text.CySpcEraseSector
                0x00000000       0x9c .\CortexM3\ARM_GCC_473\Debug\W5100_Example1-FreeSoC_Explorer.a(CySpc.o)
 .text.CySpcGetTemp
                0x00000000       0x8c .\CortexM3\ARM_GCC_473\Debug\W5100_Example1-FreeSoC_Explorer.a(CySpc.o)
 .text.CySpcLock
                0x00000000       0x88 .\CortexM3\ARM_GCC_473\Debug\W5100_Example1-FreeSoC_Explorer.a(CySpc.o)
 .text.CySpcUnlock
                0x00000000       0x68 .\CortexM3\ARM_GCC_473\Debug\W5100_Example1-FreeSoC_Explorer.a(CySpc.o)
 .text          0x00000000        0x0 c:/program files (x86)/cypress/psoc creator/3.0/psoc creator/import/gnu_cs/arm/4.7.3/bin/../lib/gcc/arm-none-eabi/4.7.3/../../../../arm-none-eabi/lib/armv7-m\libc_s.a(lib_a-__atexit2.o)
 .data          0x00000000        0x0 c:/program files (x86)/cypress/psoc creator/3.0/psoc creator/import/gnu_cs/arm/4.7.3/bin/../lib/gcc/arm-none-eabi/4.7.3/../../../../arm-none-eabi/lib/armv7-m\libc_s.a(lib_a-__atexit2.o)
 .bss           0x00000000        0x0 c:/program files (x86)/cypress/psoc creator/3.0/psoc creator/import/gnu_cs/arm/4.7.3/bin/../lib/gcc/arm-none-eabi/4.7.3/../../../../arm-none-eabi/lib/armv7-m\libc_s.a(lib_a-__atexit2.o)
 .text.__register_exitproc
                0x00000000       0x14 c:/program files (x86)/cypress/psoc creator/3.0/psoc creator/import/gnu_cs/arm/4.7.3/bin/../lib/gcc/arm-none-eabi/4.7.3/../../../../arm-none-eabi/lib/armv7-m\libc_s.a(lib_a-__atexit2.o)
 .text          0x00000000        0x0 c:/program files (x86)/cypress/psoc creator/3.0/psoc creator/import/gnu_cs/arm/4.7.3/bin/../lib/gcc/arm-none-eabi/4.7.3/../../../../arm-none-eabi/lib/armv7-m\libc_s.a(lib_a-exit.o)
 .data          0x00000000        0x0 c:/program files (x86)/cypress/psoc creator/3.0/psoc creator/import/gnu_cs/arm/4.7.3/bin/../lib/gcc/arm-none-eabi/4.7.3/../../../../arm-none-eabi/lib/armv7-m\libc_s.a(lib_a-exit.o)
 .bss           0x00000000        0x0 c:/program files (x86)/cypress/psoc creator/3.0/psoc creator/import/gnu_cs/arm/4.7.3/bin/../lib/gcc/arm-none-eabi/4.7.3/../../../../arm-none-eabi/lib/armv7-m\libc_s.a(lib_a-exit.o)
 .text.exit     0x00000000       0x2c c:/program files (x86)/cypress/psoc creator/3.0/psoc creator/import/gnu_cs/arm/4.7.3/bin/../lib/gcc/arm-none-eabi/4.7.3/../../../../arm-none-eabi/lib/armv7-m\libc_s.a(lib_a-exit.o)
 .text          0x00000000        0x0 c:/program files (x86)/cypress/psoc creator/3.0/psoc creator/import/gnu_cs/arm/4.7.3/bin/../lib/gcc/arm-none-eabi/4.7.3/../../../../arm-none-eabi/lib/armv7-m\libc_s.a(lib_a-fini.o)
 .data          0x00000000        0x0 c:/program files (x86)/cypress/psoc creator/3.0/psoc creator/import/gnu_cs/arm/4.7.3/bin/../lib/gcc/arm-none-eabi/4.7.3/../../../../arm-none-eabi/lib/armv7-m\libc_s.a(lib_a-fini.o)
 .bss           0x00000000        0x0 c:/program files (x86)/cypress/psoc creator/3.0/psoc creator/import/gnu_cs/arm/4.7.3/bin/../lib/gcc/arm-none-eabi/4.7.3/../../../../arm-none-eabi/lib/armv7-m\libc_s.a(lib_a-fini.o)
 .text.__libc_fini_array
                0x00000000       0x2c c:/program files (x86)/cypress/psoc creator/3.0/psoc creator/import/gnu_cs/arm/4.7.3/bin/../lib/gcc/arm-none-eabi/4.7.3/../../../../arm-none-eabi/lib/armv7-m\libc_s.a(lib_a-fini.o)
 .text          0x00000000        0x0 c:/program files (x86)/cypress/psoc creator/3.0/psoc creator/import/gnu_cs/arm/4.7.3/bin/../lib/gcc/arm-none-eabi/4.7.3/../../../../arm-none-eabi/lib/armv7-m\libc_s.a(lib_a-impure.o)
 .data          0x00000000        0x0 c:/program files (x86)/cypress/psoc creator/3.0/psoc creator/import/gnu_cs/arm/4.7.3/bin/../lib/gcc/arm-none-eabi/4.7.3/../../../../arm-none-eabi/lib/armv7-m\libc_s.a(lib_a-impure.o)
 .bss           0x00000000        0x0 c:/program files (x86)/cypress/psoc creator/3.0/psoc creator/import/gnu_cs/arm/4.7.3/bin/../lib/gcc/arm-none-eabi/4.7.3/../../../../arm-none-eabi/lib/armv7-m\libc_s.a(lib_a-impure.o)
 .data.impure_data
                0x00000000       0x64 c:/program files (x86)/cypress/psoc creator/3.0/psoc creator/import/gnu_cs/arm/4.7.3/bin/../lib/gcc/arm-none-eabi/4.7.3/../../../../arm-none-eabi/lib/armv7-m\libc_s.a(lib_a-impure.o)
 .data._impure_ptr
                0x00000000        0x4 c:/program files (x86)/cypress/psoc creator/3.0/psoc creator/import/gnu_cs/arm/4.7.3/bin/../lib/gcc/arm-none-eabi/4.7.3/../../../../arm-none-eabi/lib/armv7-m\libc_s.a(lib_a-impure.o)
 .rodata.str1.1
                0x00000000        0x2 c:/program files (x86)/cypress/psoc creator/3.0/psoc creator/import/gnu_cs/arm/4.7.3/bin/../lib/gcc/arm-none-eabi/4.7.3/../../../../arm-none-eabi/lib/armv7-m\libc_s.a(lib_a-impure.o)
 .rodata._global_impure_ptr
                0x00000000        0x4 c:/program files (x86)/cypress/psoc creator/3.0/psoc creator/import/gnu_cs/arm/4.7.3/bin/../lib/gcc/arm-none-eabi/4.7.3/../../../../arm-none-eabi/lib/armv7-m\libc_s.a(lib_a-impure.o)
 .text          0x00000000        0x0 c:/program files (x86)/cypress/psoc creator/3.0/psoc creator/import/gnu_cs/arm/4.7.3/bin/../lib/gcc/arm-none-eabi/4.7.3/../../../../arm-none-eabi/lib/armv7-m\libc_s.a(lib_a-init.o)
 .data          0x00000000        0x0 c:/program files (x86)/cypress/psoc creator/3.0/psoc creator/import/gnu_cs/arm/4.7.3/bin/../lib/gcc/arm-none-eabi/4.7.3/../../../../arm-none-eabi/lib/armv7-m\libc_s.a(lib_a-init.o)
 .bss           0x00000000        0x0 c:/program files (x86)/cypress/psoc creator/3.0/psoc creator/import/gnu_cs/arm/4.7.3/bin/../lib/gcc/arm-none-eabi/4.7.3/../../../../arm-none-eabi/lib/armv7-m\libc_s.a(lib_a-init.o)
 .text          0x00000000        0x0 c:/program files (x86)/cypress/psoc creator/3.0/psoc creator/import/gnu_cs/arm/4.7.3/bin/../lib/gcc/arm-none-eabi/4.7.3/../../../../arm-none-eabi/lib/armv7-m\libc_s.a(lib_a-memcpy.o)
 .data          0x00000000        0x0 c:/program files (x86)/cypress/psoc creator/3.0/psoc creator/import/gnu_cs/arm/4.7.3/bin/../lib/gcc/arm-none-eabi/4.7.3/../../../../arm-none-eabi/lib/armv7-m\libc_s.a(lib_a-memcpy.o)
 .bss           0x00000000        0x0 c:/program files (x86)/cypress/psoc creator/3.0/psoc creator/import/gnu_cs/arm/4.7.3/bin/../lib/gcc/arm-none-eabi/4.7.3/../../../../arm-none-eabi/lib/armv7-m\libc_s.a(lib_a-memcpy.o)
 .text          0x00000000        0x0 c:/program files (x86)/cypress/psoc creator/3.0/psoc creator/import/gnu_cs/arm/4.7.3/bin/../lib/gcc/arm-none-eabi/4.7.3/../../../../arm-none-eabi/lib/armv7-m\libc_s.a(lib_a-memset.o)
 .data          0x00000000        0x0 c:/program files (x86)/cypress/psoc creator/3.0/psoc creator/import/gnu_cs/arm/4.7.3/bin/../lib/gcc/arm-none-eabi/4.7.3/../../../../arm-none-eabi/lib/armv7-m\libc_s.a(lib_a-memset.o)
 .bss           0x00000000        0x0 c:/program files (x86)/cypress/psoc creator/3.0/psoc creator/import/gnu_cs/arm/4.7.3/bin/../lib/gcc/arm-none-eabi/4.7.3/../../../../arm-none-eabi/lib/armv7-m\libc_s.a(lib_a-memset.o)
 .text          0x00000000        0x0 c:/program files (x86)/cypress/psoc creator/3.0/psoc creator/import/gnu_cs/arm/4.7.3/bin/../lib/gcc/arm-none-eabi/4.7.3/../../../../arm-none-eabi/lib/armv7-m\libc_s.a(lib_a-strlen.o)
 .data          0x00000000        0x0 c:/program files (x86)/cypress/psoc creator/3.0/psoc creator/import/gnu_cs/arm/4.7.3/bin/../lib/gcc/arm-none-eabi/4.7.3/../../../../arm-none-eabi/lib/armv7-m\libc_s.a(lib_a-strlen.o)
 .bss           0x00000000        0x0 c:/program files (x86)/cypress/psoc creator/3.0/psoc creator/import/gnu_cs/arm/4.7.3/bin/../lib/gcc/arm-none-eabi/4.7.3/../../../../arm-none-eabi/lib/armv7-m\libc_s.a(lib_a-strlen.o)
 .text          0x00000000        0x0 c:/program files (x86)/cypress/psoc creator/3.0/psoc creator/import/gnu_cs/arm/4.7.3/bin/../lib/gcc/arm-none-eabi/4.7.3/armv7-m/crtend.o
 .data          0x00000000        0x0 c:/program files (x86)/cypress/psoc creator/3.0/psoc creator/import/gnu_cs/arm/4.7.3/bin/../lib/gcc/arm-none-eabi/4.7.3/armv7-m/crtend.o
 .bss           0x00000000        0x0 c:/program files (x86)/cypress/psoc creator/3.0/psoc creator/import/gnu_cs/arm/4.7.3/bin/../lib/gcc/arm-none-eabi/4.7.3/armv7-m/crtend.o
 .text          0x00000000        0x0 c:/program files (x86)/cypress/psoc creator/3.0/psoc creator/import/gnu_cs/arm/4.7.3/bin/../lib/gcc/arm-none-eabi/4.7.3/armv7-m/crtn.o
 .data          0x00000000        0x0 c:/program files (x86)/cypress/psoc creator/3.0/psoc creator/import/gnu_cs/arm/4.7.3/bin/../lib/gcc/arm-none-eabi/4.7.3/armv7-m/crtn.o
 .bss           0x00000000        0x0 c:/program files (x86)/cypress/psoc creator/3.0/psoc creator/import/gnu_cs/arm/4.7.3/bin/../lib/gcc/arm-none-eabi/4.7.3/armv7-m/crtn.o

Memory Configuration

Name             Origin             Length             Attributes
rom              0x00000000         0x00040000         xr
ram              0x1fff8000         0x00010000         xrw
*default*        0x00000000         0xffffffff

Linker script and memory map

LOAD c:/program files (x86)/cypress/psoc creator/3.0/psoc creator/import/gnu_cs/arm/4.7.3/bin/../lib/gcc/arm-none-eabi/4.7.3/armv7-m/crti.o
LOAD c:/program files (x86)/cypress/psoc creator/3.0/psoc creator/import/gnu_cs/arm/4.7.3/bin/../lib/gcc/arm-none-eabi/4.7.3/armv7-m/crtbegin.o
LOAD c:/program files (x86)/cypress/psoc creator/3.0/psoc creator/import/gnu_cs/arm/4.7.3/bin/../lib/gcc/arm-none-eabi/4.7.3/../../../../arm-none-eabi/lib/armv7-m/crt0.o
START GROUP
LOAD .\CortexM3\ARM_GCC_473\Debug\main.o
LOAD .\CortexM3\ARM_GCC_473\Debug\cymetadata.o
LOAD .\CortexM3\ARM_GCC_473\Debug\Cm3Start.o
LOAD .\CortexM3\ARM_GCC_473\Debug\W5100_Example1-FreeSoC_Explorer.a
LOAD C:\Program Files (x86)\Cypress\PSoC Creator\3.0\PSoC Creator\psoc\content\cycomponentlibrary\CyComponentLibrary.cylib\CortexM3\ARM_GCC_473\Debug\CyComponentLibrary.a
END GROUP
START GROUP
LOAD c:/program files (x86)/cypress/psoc creator/3.0/psoc creator/import/gnu_cs/arm/4.7.3/bin/../lib/gcc/arm-none-eabi/4.7.3/armv7-m\libgcc.a
LOAD c:/program files (x86)/cypress/psoc creator/3.0/psoc creator/import/gnu_cs/arm/4.7.3/bin/../lib/gcc/arm-none-eabi/4.7.3/../../../../arm-none-eabi/lib/armv7-m\libc_s.a
END GROUP
LOAD c:/program files (x86)/cypress/psoc creator/3.0/psoc creator/import/gnu_cs/arm/4.7.3/bin/../lib/gcc/arm-none-eabi/4.7.3/armv7-m/crtend.o
LOAD c:/program files (x86)/cypress/psoc creator/3.0/psoc creator/import/gnu_cs/arm/4.7.3/bin/../lib/gcc/arm-none-eabi/4.7.3/armv7-m/crtn.o
START GROUP
LOAD c:/program files (x86)/cypress/psoc creator/3.0/psoc creator/import/gnu_cs/arm/4.7.3/bin/../lib/gcc/arm-none-eabi/4.7.3/armv7-m\libgcc.a
LOAD c:/program files (x86)/cypress/psoc creator/3.0/psoc creator/import/gnu_cs/arm/4.7.3/bin/../lib/gcc/arm-none-eabi/4.7.3/../../../../arm-none-eabi/lib/armv7-m\libc.a
LOAD c:/program files (x86)/cypress/psoc creator/3.0/psoc creator/import/gnu_cs/arm/4.7.3/bin/../lib/gcc/arm-none-eabi/4.7.3/../../../../arm-none-eabi/lib/armv7-m\libnosys.a
END GROUP
                0x00000000                CY_APPL_ORIGIN = 0x0
                0x00000100                CY_FLASH_ROW_SIZE = 0x100
                0x00000020                CY_ECC_ROW_SIZE = 0x20
                0x00000000                CY_EE_IN_BTLDR = 0x0
                0x00000000                CY_APPL_LOADABLE = 0x0
                0x00000800                CY_EE_SIZE = 0x800
                0x00000001                CY_APPL_NUM = 0x1
                0x00000001                CY_APPL_MAX = 0x1
                0x00000040                CY_METADATA_SIZE = 0x40
                0x1fff8168                PROVIDE (__cy_heap_start, _end)
                0x00000001                PROVIDE (__cy_region_num, ((__cy_regions_end - __cy_regions) / 0x10))
                0x20008000                PROVIDE (__cy_stack, (ORIGIN (ram) + 0x10000))
                0x20004000                PROVIDE (__cy_heap_end, (__cy_stack - 0x4000))

.cybootloader   0x00000000        0x0
 *(.cybootloader)
                0x00000000                appl1_start = CY_APPL_ORIGIN?CY_APPL_ORIGIN:ALIGN (CY_FLASH_ROW_SIZE)
                0x0001ff00                appl2_start = (appl1_start + ALIGN ((((0x40000 - appl1_start) - (0x2 * CY_FLASH_ROW_SIZE)) / 0x2), CY_FLASH_ROW_SIZE))
                0x00000000                appl_start = (CY_APPL_NUM == 0x1)?appl1_start:appl2_start
                0x00000000                ecc_offset = ((appl_start / CY_FLASH_ROW_SIZE) * CY_ECC_ROW_SIZE)
                0x00000000                ee_offset = (CY_APPL_LOADABLE && ! (CY_EE_IN_BTLDR))?((CY_EE_SIZE / CY_APPL_MAX) * (CY_APPL_NUM - 0x1)):0x0
                0x00000800                ee_size = (CY_APPL_LOADABLE && ! (CY_EE_IN_BTLDR))?(CY_EE_SIZE / CY_APPL_MAX):CY_EE_SIZE
                0x00000000                PROVIDE (CY_ECC_OFFSET, ecc_offset)

.text           0x00000000     0x1a8e
 CREATE_OBJECT_SYMBOLS
                0x00000000                PROVIDE (__cy_interrupt_vector, RomVectors)
 *(.romvectors)
 .romvectors    0x00000000       0x10 .\CortexM3\ARM_GCC_473\Debug\Cm3Start.o
                0x00000000                RomVectors
                0x00000001                ASSERT ((. != __cy_interrupt_vector), No interrupt vector)
                0x00000001                ASSERT (CY_APPL_ORIGIN?(SIZEOF (.cybootloader) <= CY_APPL_ORIGIN):0x1, Wrong image location)
                0x00000010                PROVIDE (__cy_reset, Reset)
 *(.text.Reset)
 .text.Reset    0x00000010       0x1c .\CortexM3\ARM_GCC_473\Debug\Cm3Start.o
                0x00000010                Reset
                0x00000001                ASSERT ((. != __cy_reset), No reset code)
 *(.dma_init)
                0x00000001                ASSERT ((((appl_start + .) <= 0x10000) || 0x1), DMA Init must be within the first 64k of flash)
 *(.text .text.* .gnu.linkonce.t.*)
 .text          0x0000002c       0x54 c:/program files (x86)/cypress/psoc creator/3.0/psoc creator/import/gnu_cs/arm/4.7.3/bin/../lib/gcc/arm-none-eabi/4.7.3/armv7-m/crtbegin.o
 .text.main     0x00000080       0x60 .\CortexM3\ARM_GCC_473\Debug\main.o
                0x00000080                main
 .text.IntDefaultHandler
                0x000000e0        0x8 .\CortexM3\ARM_GCC_473\Debug\Cm3Start.o
                0x000000e0                IntDefaultHandler
 .text.Start_c  0x000000e8       0xcc .\CortexM3\ARM_GCC_473\Debug\Cm3Start.o
                0x000000e8                Start_c
 .text.initialize_psoc
                0x000001b4       0xb4 .\CortexM3\ARM_GCC_473\Debug\Cm3Start.o
                0x000001b4                initialize_psoc
 .text.CYMEMZERO
                0x00000268       0x20 .\CortexM3\ARM_GCC_473\Debug\W5100_Example1-FreeSoC_Explorer.a(cyfitter_cfg.o)
 .text.CYCONFIGCPY
                0x00000288       0x20 .\CortexM3\ARM_GCC_473\Debug\W5100_Example1-FreeSoC_Explorer.a(cyfitter_cfg.o)
 .text.CyClockStartupError
                0x000002a8        0xc .\CortexM3\ARM_GCC_473\Debug\W5100_Example1-FreeSoC_Explorer.a(cyfitter_cfg.o)
 .text.cfg_write_bytes32
                0x000002b4       0x84 .\CortexM3\ARM_GCC_473\Debug\W5100_Example1-FreeSoC_Explorer.a(cyfitter_cfg.o)
 .text.ClockSetup
                0x00000338      0x150 .\CortexM3\ARM_GCC_473\Debug\W5100_Example1-FreeSoC_Explorer.a(cyfitter_cfg.o)
 .text.AnalogSetDefault
                0x00000488       0x50 .\CortexM3\ARM_GCC_473\Debug\W5100_Example1-FreeSoC_Explorer.a(cyfitter_cfg.o)
 .text.cyfitter_cfg
                0x000004d8      0x1d8 .\CortexM3\ARM_GCC_473\Debug\W5100_Example1-FreeSoC_Explorer.a(cyfitter_cfg.o)
                0x000004d8                cyfitter_cfg
 .text.SPIM_Init
                0x000006b0       0x3c .\CortexM3\ARM_GCC_473\Debug\W5100_Example1-FreeSoC_Explorer.a(SPIM.o)
                0x000006b0                SPIM_Init
 .text.SPIM_Enable
                0x000006ec       0x80 .\CortexM3\ARM_GCC_473\Debug\W5100_Example1-FreeSoC_Explorer.a(SPIM.o)
                0x000006ec                SPIM_Enable
 .text.SPIM_Start
                0x0000076c       0x2c .\CortexM3\ARM_GCC_473\Debug\W5100_Example1-FreeSoC_Explorer.a(SPIM.o)
                0x0000076c                SPIM_Start
 .text.SPIM_EnableTxInt
                0x00000798        0xc .\CortexM3\ARM_GCC_473\Debug\W5100_Example1-FreeSoC_Explorer.a(SPIM.o)
                0x00000798                SPIM_EnableTxInt
 .text.SPIM_EnableRxInt
                0x000007a4        0xc .\CortexM3\ARM_GCC_473\Debug\W5100_Example1-FreeSoC_Explorer.a(SPIM.o)
                0x000007a4                SPIM_EnableRxInt
 .text.SPIM_ReadTxStatus
                0x000007b0       0x20 .\CortexM3\ARM_GCC_473\Debug\W5100_Example1-FreeSoC_Explorer.a(SPIM.o)
                0x000007b0                SPIM_ReadTxStatus
 .text.SPIM_ReadRxStatus
                0x000007d0       0x20 .\CortexM3\ARM_GCC_473\Debug\W5100_Example1-FreeSoC_Explorer.a(SPIM.o)
                0x000007d0                SPIM_ReadRxStatus
 .text.SPIM_WriteTxData
                0x000007f0       0x38 .\CortexM3\ARM_GCC_473\Debug\W5100_Example1-FreeSoC_Explorer.a(SPIM.o)
                0x000007f0                SPIM_WriteTxData
 .text.SPIM_ReadRxData
                0x00000828       0x20 .\CortexM3\ARM_GCC_473\Debug\W5100_Example1-FreeSoC_Explorer.a(SPIM.o)
                0x00000828                SPIM_ReadRxData
 .text.SPIM_GetRxBufferSize
                0x00000848       0x34 .\CortexM3\ARM_GCC_473\Debug\W5100_Example1-FreeSoC_Explorer.a(SPIM.o)
                0x00000848                SPIM_GetRxBufferSize
 .text.SPIM_ClearRxBuffer
                0x0000087c       0x2c .\CortexM3\ARM_GCC_473\Debug\W5100_Example1-FreeSoC_Explorer.a(SPIM.o)
                0x0000087c                SPIM_ClearRxBuffer
 .text.SPIM_ClearFIFO
                0x000008a8       0x78 .\CortexM3\ARM_GCC_473\Debug\W5100_Example1-FreeSoC_Explorer.a(SPIM.o)
                0x000008a8                SPIM_ClearFIFO
 .text.W5100_W51_Select
                0x00000920        0xc .\CortexM3\ARM_GCC_473\Debug\W5100_Example1-FreeSoC_Explorer.a(W5100.o)
 .text.W5100_W51_Write
                0x0000092c       0x60 .\CortexM3\ARM_GCC_473\Debug\W5100_Example1-FreeSoC_Explorer.a(W5100.o)
                0x0000092c                W5100_W51_Write
 .text.W5100_W51_Read
                0x0000098c       0x9c .\CortexM3\ARM_GCC_473\Debug\W5100_Example1-FreeSoC_Explorer.a(W5100.o)
                0x0000098c                W5100_W51_Read
 .text.W5100_W51_SetMAC
                0x00000a28       0x44 .\CortexM3\ARM_GCC_473\Debug\W5100_Example1-FreeSoC_Explorer.a(W5100.o)
 .text.W5100_W51_SetIP
                0x00000a6c       0x48 .\CortexM3\ARM_GCC_473\Debug\W5100_Example1-FreeSoC_Explorer.a(W5100.o)
 .text.W5100_W51_Write16
                0x00000ab4       0x40 .\CortexM3\ARM_GCC_473\Debug\W5100_Example1-FreeSoC_Explorer.a(W5100.o)
 .text.W5100_W51_Read16
                0x00000af4       0x44 .\CortexM3\ARM_GCC_473\Debug\W5100_Example1-FreeSoC_Explorer.a(W5100.o)
 .text.W5100_W51_WriteBlock
                0x00000b38       0x4c .\CortexM3\ARM_GCC_473\Debug\W5100_Example1-FreeSoC_Explorer.a(W5100.o)
 .text.W5100_SetSourceMAC
                0x00000b84       0x1c .\CortexM3\ARM_GCC_473\Debug\W5100_Example1-FreeSoC_Explorer.a(W5100.o)
 .text.W5100_SetGatewayAddress
                0x00000ba0       0x1c .\CortexM3\ARM_GCC_473\Debug\W5100_Example1-FreeSoC_Explorer.a(W5100.o)
 .text.W5100_SetSubnetMask
                0x00000bbc       0x1c .\CortexM3\ARM_GCC_473\Debug\W5100_Example1-FreeSoC_Explorer.a(W5100.o)
 .text.W5100_SetSourceIP
                0x00000bd8       0x1c .\CortexM3\ARM_GCC_473\Debug\W5100_Example1-FreeSoC_Explorer.a(W5100.o)
 .text.W5100_SetMode
                0x00000bf4       0x20 .\CortexM3\ARM_GCC_473\Debug\W5100_Example1-FreeSoC_Explorer.a(W5100.o)
 .text.W5100_SetIR
                0x00000c14       0x20 .\CortexM3\ARM_GCC_473\Debug\W5100_Example1-FreeSoC_Explorer.a(W5100.o)
 .text.W5100_SetRxMemSize
                0x00000c34       0x20 .\CortexM3\ARM_GCC_473\Debug\W5100_Example1-FreeSoC_Explorer.a(W5100.o)
 .text.W5100_SetTxMemSize
                0x00000c54       0x20 .\CortexM3\ARM_GCC_473\Debug\W5100_Example1-FreeSoC_Explorer.a(W5100.o)
 .text.W5100_SetSocketMode
                0x00000c74       0x30 .\CortexM3\ARM_GCC_473\Debug\W5100_Example1-FreeSoC_Explorer.a(W5100.o)
 .text.W5100_SetSocketCommand
                0x00000ca4       0x30 .\CortexM3\ARM_GCC_473\Debug\W5100_Example1-FreeSoC_Explorer.a(W5100.o)
 .text.W5100_GetSocketCommand
                0x00000cd4       0x2c .\CortexM3\ARM_GCC_473\Debug\W5100_Example1-FreeSoC_Explorer.a(W5100.o)
 .text.W5100_SetSocketIR
                0x00000d00       0x30 .\CortexM3\ARM_GCC_473\Debug\W5100_Example1-FreeSoC_Explorer.a(W5100.o)
 .text.W5100_GetSocketIR
                0x00000d30       0x2c .\CortexM3\ARM_GCC_473\Debug\W5100_Example1-FreeSoC_Explorer.a(W5100.o)
 .text.W5100_GetSocketStatus
                0x00000d5c       0x2c .\CortexM3\ARM_GCC_473\Debug\W5100_Example1-FreeSoC_Explorer.a(W5100.o)
 .text.W5100_SetSocketSourcePort
                0x00000d88       0x30 .\CortexM3\ARM_GCC_473\Debug\W5100_Example1-FreeSoC_Explorer.a(W5100.o)
 .text.W5100_GetSocketTxFree
                0x00000db8       0x2c .\CortexM3\ARM_GCC_473\Debug\W5100_Example1-FreeSoC_Explorer.a(W5100.o)
 .text.W5100_SetSocketTxWritePtr
                0x00000de4       0x30 .\CortexM3\ARM_GCC_473\Debug\W5100_Example1-FreeSoC_Explorer.a(W5100.o)
 .text.W5100_GetSocketTxWritePtr
                0x00000e14       0x2c .\CortexM3\ARM_GCC_473\Debug\W5100_Example1-FreeSoC_Explorer.a(W5100.o)
 .text.W5100_ExecuteSocketCommand
                0x00000e40       0x54 .\CortexM3\ARM_GCC_473\Debug\W5100_Example1-FreeSoC_Explorer.a(W5100.o)
 .text.W5100_GetTxFreeSize
                0x00000e94       0x48 .\CortexM3\ARM_GCC_473\Debug\W5100_Example1-FreeSoC_Explorer.a(W5100.o)
 .text.W5100_ProcessTxData
                0x00000edc       0xb8 .\CortexM3\ARM_GCC_473\Debug\W5100_Example1-FreeSoC_Explorer.a(W5100.o)
 .text.W5100_Init
                0x00000f94       0x94 .\CortexM3\ARM_GCC_473\Debug\W5100_Example1-FreeSoC_Explorer.a(W5100.o)
                0x00000f94                W5100_Init
 .text.W5100_Start
                0x00001028       0xd4 .\CortexM3\ARM_GCC_473\Debug\W5100_Example1-FreeSoC_Explorer.a(W5100.o)
                0x00001028                W5100_Start
 .text.W5100_ParseIP
                0x000010fc      0x150 .\CortexM3\ARM_GCC_473\Debug\W5100_Example1-FreeSoC_Explorer.a(W5100.o)
                0x000010fc                W5100_ParseIP
 .text.W5100_ParseMAC
                0x0000124c      0x34c .\CortexM3\ARM_GCC_473\Debug\W5100_Example1-FreeSoC_Explorer.a(W5100.o)
                0x0000124c                W5100_ParseMAC
 .text.W5100_SocketOpen
                0x00001598      0x110 .\CortexM3\ARM_GCC_473\Debug\W5100_Example1-FreeSoC_Explorer.a(W5100.o)
                0x00001598                W5100_SocketOpen
 .text.W5100_SocketClose
                0x000016a8       0x6c .\CortexM3\ARM_GCC_473\Debug\W5100_Example1-FreeSoC_Explorer.a(W5100.o)
                0x000016a8                W5100_SocketClose
 .text.W5100_SocketEstablished
                0x00001714       0x28 .\CortexM3\ARM_GCC_473\Debug\W5100_Example1-FreeSoC_Explorer.a(W5100.o)
                0x00001714                W5100_SocketEstablished
 .text.W5100_SocketSend
                0x0000173c       0x78 .\CortexM3\ARM_GCC_473\Debug\W5100_Example1-FreeSoC_Explorer.a(W5100.o)
 .text.W5100_TcpOpen
                0x000017b4       0x28 .\CortexM3\ARM_GCC_473\Debug\W5100_Example1-FreeSoC_Explorer.a(W5100.o)
                0x000017b4                W5100_TcpOpen
 .text.W5100_TcpStartServer
                0x000017dc       0x24 .\CortexM3\ARM_GCC_473\Debug\W5100_Example1-FreeSoC_Explorer.a(W5100.o)
                0x000017dc                W5100_TcpStartServer
 .text.W5100_TcpStartServerWait
                0x00001800       0x34 .\CortexM3\ARM_GCC_473\Debug\W5100_Example1-FreeSoC_Explorer.a(W5100.o)
                0x00001800                W5100_TcpStartServerWait
 .text.W5100_TcpDisconnect
                0x00001834       0x20 .\CortexM3\ARM_GCC_473\Debug\W5100_Example1-FreeSoC_Explorer.a(W5100.o)
                0x00001834                W5100_TcpDisconnect
 .text.W5100_TcpSend
                0x00001854       0xb4 .\CortexM3\ARM_GCC_473\Debug\W5100_Example1-FreeSoC_Explorer.a(W5100.o)
                0x00001854                W5100_TcpSend
 .text.W5100_TcpPrint
                0x00001908       0x2c .\CortexM3\ARM_GCC_473\Debug\W5100_Example1-FreeSoC_Explorer.a(W5100.o)
                0x00001908                W5100_TcpPrint
 .text.SPIM_IntClock_Start
                0x00001934       0x44 .\CortexM3\ARM_GCC_473\Debug\W5100_Example1-FreeSoC_Explorer.a(SPIM_IntClock.o)
                0x00001934                SPIM_IntClock_Start
 .text          0x00001978       0x28 .\CortexM3\ARM_GCC_473\Debug\W5100_Example1-FreeSoC_Explorer.a(CyBootAsmGnu.o)
                0x00001978                CyDelayCycles
                0x0000198c                CyEnterCriticalSection
                0x00001994                CyExitCriticalSection
 .text.CyDelay  0x000019a0       0x48 .\CortexM3\ARM_GCC_473\Debug\W5100_Example1-FreeSoC_Explorer.a(CyLib.o)
                0x000019a0                CyDelay
 .text.CyDelayUs
                0x000019e8       0x28 .\CortexM3\ARM_GCC_473\Debug\W5100_Example1-FreeSoC_Explorer.a(CyLib.o)
                0x000019e8                CyDelayUs
 .text.__libc_init_array
                0x00001a10       0x4c c:/program files (x86)/cypress/psoc creator/3.0/psoc creator/import/gnu_cs/arm/4.7.3/bin/../lib/gcc/arm-none-eabi/4.7.3/../../../../arm-none-eabi/lib/armv7-m\libc_s.a(lib_a-init.o)
                0x00001a10                __libc_init_array
 .text.memcpy   0x00001a5c       0x12 c:/program files (x86)/cypress/psoc creator/3.0/psoc creator/import/gnu_cs/arm/4.7.3/bin/../lib/gcc/arm-none-eabi/4.7.3/../../../../arm-none-eabi/lib/armv7-m\libc_s.a(lib_a-memcpy.o)
                0x00001a5c                memcpy
 .text.memset   0x00001a6e       0x10 c:/program files (x86)/cypress/psoc creator/3.0/psoc creator/import/gnu_cs/arm/4.7.3/bin/../lib/gcc/arm-none-eabi/4.7.3/../../../../arm-none-eabi/lib/armv7-m\libc_s.a(lib_a-memset.o)
                0x00001a6e                memset
 .text.strlen   0x00001a7e       0x10 c:/program files (x86)/cypress/psoc creator/3.0/psoc creator/import/gnu_cs/arm/4.7.3/bin/../lib/gcc/arm-none-eabi/4.7.3/../../../../arm-none-eabi/lib/armv7-m\libc_s.a(lib_a-strlen.o)
                0x00001a7e                strlen
 *(.plt)
 *(.gnu.warning)
 *(.glue_7t)
 .glue_7t       0x00000000        0x0 linker stubs
 *(.glue_7)
 .glue_7        0x00000000        0x0 linker stubs
 *(.vfp11_veneer)
 .vfp11_veneer  0x00000000        0x0 linker stubs
 *(.bootloader)
 *(.ARM.extab* .gnu.linkonce.armextab.*)
 *(.gcc_except_table)

.v4_bx          0x00001a90        0x0
 .v4_bx         0x00000000        0x0 linker stubs

.iplt           0x00001a90        0x0
 .iplt          0x00000000        0x0 c:/program files (x86)/cypress/psoc creator/3.0/psoc creator/import/gnu_cs/arm/4.7.3/bin/../lib/gcc/arm-none-eabi/4.7.3/armv7-m/crtbegin.o

.eh_frame_hdr
 *(.eh_frame_hdr)

.eh_frame       0x00001a90        0x4
 *(.eh_frame)
 .eh_frame      0x00001a90        0x0 c:/program files (x86)/cypress/psoc creator/3.0/psoc creator/import/gnu_cs/arm/4.7.3/bin/../lib/gcc/arm-none-eabi/4.7.3/armv7-m/crtbegin.o
 .eh_frame      0x00001a90        0x4 c:/program files (x86)/cypress/psoc creator/3.0/psoc creator/import/gnu_cs/arm/4.7.3/bin/../lib/gcc/arm-none-eabi/4.7.3/armv7-m/crtend.o
                0x00001a94                PROVIDE (__exidx_start, .)

.ARM.exidx
 *(.ARM.exidx* .gnu.linkonce.armexidx.*)
                0x00001a94                __exidx_end = .

.rodata         0x00001a94       0xe4
 *(.rodata .rodata.* .gnu.linkonce.r.*)
 .rodata        0x00001a94       0x20 .\CortexM3\ARM_GCC_473\Debug\main.o
 .rodata        0x00001ab4       0x50 .\CortexM3\ARM_GCC_473\Debug\W5100_Example1-FreeSoC_Explorer.a(cyfitter_cfg.o)
 .rodata        0x00001b04       0x40 .\CortexM3\ARM_GCC_473\Debug\W5100_Example1-FreeSoC_Explorer.a(W5100.o)
                0x00001b44                . = ALIGN (0x4)
 *(.init)
 .init          0x00001b44        0x4 c:/program files (x86)/cypress/psoc creator/3.0/psoc creator/import/gnu_cs/arm/4.7.3/bin/../lib/gcc/arm-none-eabi/4.7.3/armv7-m/crti.o
                0x00001b44                _init
 .init          0x00001b48        0x8 c:/program files (x86)/cypress/psoc creator/3.0/psoc creator/import/gnu_cs/arm/4.7.3/bin/../lib/gcc/arm-none-eabi/4.7.3/armv7-m/crtn.o
                0x00001b50                . = ALIGN (0x4)
                0x00001b50                __preinit_array_start = .
 *(.preinit_array)
                0x00001b50                __preinit_array_end = .
                0x00001b50                . = ALIGN (0x4)
                0x00001b50                __init_array_start = .
 *(SORT(.init_array.*))
 *(.init_array)
 .init_array    0x00001b50        0x4 c:/program files (x86)/cypress/psoc creator/3.0/psoc creator/import/gnu_cs/arm/4.7.3/bin/../lib/gcc/arm-none-eabi/4.7.3/armv7-m/crtbegin.o
 .init_array    0x00001b54        0x4 .\CortexM3\ARM_GCC_473\Debug\Cm3Start.o
                0x00001b58                __init_array_end = .
                0x00001b58                . = ALIGN (0x4)
 *(.fini)
 .fini          0x00001b58        0x4 c:/program files (x86)/cypress/psoc creator/3.0/psoc creator/import/gnu_cs/arm/4.7.3/bin/../lib/gcc/arm-none-eabi/4.7.3/armv7-m/crti.o
                0x00001b58                _fini
 .fini          0x00001b5c        0x8 c:/program files (x86)/cypress/psoc creator/3.0/psoc creator/import/gnu_cs/arm/4.7.3/bin/../lib/gcc/arm-none-eabi/4.7.3/armv7-m/crtn.o
                0x00001b64                . = ALIGN (0x4)
                0x00001b64                __fini_array_start = .
 *(.fini_array)
 .fini_array    0x00001b64        0x4 c:/program files (x86)/cypress/psoc creator/3.0/psoc creator/import/gnu_cs/arm/4.7.3/bin/../lib/gcc/arm-none-eabi/4.7.3/armv7-m/crtbegin.o
 *(SORT(.fini_array.*))
                0x00001b68                __fini_array_end = .
                0x00001b68                . = ALIGN (0x4)
 *crtbegin.o(.ctors)
 *(EXCLUDE_FILE(*crtend.o) .ctors)
 *(SORT(.ctors.*))
 *crtend.o(.ctors)
                0x00001b68                . = ALIGN (0x4)
 *crtbegin.o(.dtors)
 *(EXCLUDE_FILE(*crtend.o) .dtors)
 *(SORT(.dtors.*))
 *crtend.o(.dtors)
                0x00001b68                . = ALIGN (0x4)
                0x00001b68                __cy_regions = .
                0x00001b68        0x4 LONG 0x1b78 __cy_region_init_ram
                0x00001b6c        0x4 LONG 0x1fff8108 __cy_region_start_data
                0x00001b70        0x4 LONG 0x18 __cy_region_init_size_ram
                0x00001b74        0x4 LONG 0x48 __cy_region_zero_size_ram
                0x00001b78                __cy_regions_end = .
                0x00001b78                . = ALIGN (0x8)
                0x00001b78                _etext = .

.ramvectors     0x1fff8000      0x100
                0x1fff8000                __cy_region_start_ram = .
 *(.ramvectors)
 .ramvectors    0x1fff8000      0x100 .\CortexM3\ARM_GCC_473\Debug\Cm3Start.o
                0x1fff8000                CyRamVectors

.noinit         0x1fff8100        0x5
 *(.noinit)
 .noinit        0x1fff8100        0x4 .\CortexM3\ARM_GCC_473\Debug\Cm3Start.o
 .noinit        0x1fff8104        0x1 .\CortexM3\ARM_GCC_473\Debug\W5100_Example1-FreeSoC_Explorer.a(CyLib.o)
                0x1fff8104                CyResetStatus

.data           0x1fff8108       0x18 load address 0x00001b78
                0x1fff8108                __cy_region_start_data = .
 *(.jcr)
 .jcr           0x1fff8108        0x0 c:/program files (x86)/cypress/psoc creator/3.0/psoc creator/import/gnu_cs/arm/4.7.3/bin/../lib/gcc/arm-none-eabi/4.7.3/armv7-m/crtbegin.o
 .jcr           0x1fff8108        0x4 c:/program files (x86)/cypress/psoc creator/3.0/psoc creator/import/gnu_cs/arm/4.7.3/bin/../lib/gcc/arm-none-eabi/4.7.3/armv7-m/crtend.o
 *(.got.plt)
 *(.got)
 *(.shdata)
 *(.data .data.* .gnu.linkonce.d.*)
 .data          0x1fff810c       0x10 .\CortexM3\ARM_GCC_473\Debug\W5100_Example1-FreeSoC_Explorer.a(CyLib.o)
                0x1fff810c                cydelay_freq_hz
                0x1fff8110                cydelay_freq_khz
                0x1fff8114                cydelay_freq_mhz
                0x1fff8118                cydelay_32k_ms
                0x1fff8120                . = ALIGN (0x8)
 *fill*         0x1fff811c        0x4 00
 *(.ram)
                0x1fff8120                _edata = .

.igot.plt       0x1fff8120        0x0 load address 0x00001b90
 .igot.plt      0x00000000        0x0 c:/program files (x86)/cypress/psoc creator/3.0/psoc creator/import/gnu_cs/arm/4.7.3/bin/../lib/gcc/arm-none-eabi/4.7.3/armv7-m/crtbegin.o

.bss            0x1fff8120       0x48 load address 0x00001b90
                0x1fff8120                PROVIDE (__bss_start__, .)
 *(.shbss)
 *(.bss .bss.* .gnu.linkonce.b.*)
 .bss           0x1fff8120       0x1c c:/program files (x86)/cypress/psoc creator/3.0/psoc creator/import/gnu_cs/arm/4.7.3/bin/../lib/gcc/arm-none-eabi/4.7.3/armv7-m/crtbegin.o
 .bss           0x1fff813c        0x1 .\CortexM3\ARM_GCC_473\Debug\W5100_Example1-FreeSoC_Explorer.a(SPIM.o)
                0x1fff813c                SPIM_initVar
 *fill*         0x1fff813d        0x3 00
 .bss           0x1fff8140       0x24 .\CortexM3\ARM_GCC_473\Debug\W5100_Example1-FreeSoC_Explorer.a(W5100.o)
 *(COMMON)
                0x1fff8168                . = ALIGN (0x8)
 *fill*         0x1fff8164        0x4 00
 *(.ram.b)
                0x1fff8168                _end = .
                0x1fff8168                __end = .
                0x1fff8168                PROVIDE (end, .)
                0x1fff8168                PROVIDE (__bss_end__, .)
                0x00001b78                __cy_region_init_ram = LOADADDR (.data)
                0x00000018                __cy_region_init_size_ram = (_edata - ADDR (.data))
                0x00000048                __cy_region_zero_size_ram = (_end - _edata)

.heap           0x1fff8168     0x1000 load address 0x00001b90
                0x1fff8168                . = _end
                0x1fff9168                . = (. + 0x1000)
 *fill*         0x1fff8168     0x1000 00
                0x1fff9168                __cy_heap_limit = .

.stack          0x20004000     0x4000
                0x20004000                __cy_stack_limit = .
                0x20008000                . = (. + 0x4000)
 *fill*         0x20004000     0x4000 00
                0x00000001                ASSERT ((__cy_stack_limit >= __cy_heap_limit), region RAM overflowed with stack)

.cyloadermeta
 *(.cyloadermeta)

.cyloadablemeta
 *(.cyloadablemeta)

.cyconfigecc    0x80000000      0x2f4
 *(.cyconfigecc)
 .cyconfigecc   0x80000000      0x2f4 .\CortexM3\ARM_GCC_473\Debug\cymetadata.o
                0x80000000                cy_meta_configecc

.cycustnvl      0x90000000        0x4
 *(.cycustnvl)
 .cycustnvl     0x90000000        0x4 .\CortexM3\ARM_GCC_473\Debug\cymetadata.o
                0x90000000                cy_meta_custnvl

.cywolatch      0x90100000        0x4
 *(.cywolatch)
 .cywolatch     0x90100000        0x4 .\CortexM3\ARM_GCC_473\Debug\cymetadata.o
                0x90100000                cy_meta_wonvl

.cyeeprom       0x90200000        0x0
 *(.cyeeprom)
                0x00000001                ASSERT ((. <= ((0x90200000 + ee_offset) + ee_size)), .cyeeprom data will not fit in EEPROM)

.cyflashprotect
                0x90400000      0x100
 *(.cyflashprotect)
 .cyflashprotect
                0x90400000      0x100 .\CortexM3\ARM_GCC_473\Debug\cymetadata.o
                0x90400000                cy_meta_flashprotect

.cymeta         0x90500000        0xc
 *(.cymeta)
 .cymeta        0x90500000        0xc .\CortexM3\ARM_GCC_473\Debug\cymetadata.o
                0x90500000                cy_metadata

.rel.dyn        0x00001b90        0x0 load address 0x9050000c
 .rel.iplt      0x00000000        0x0 c:/program files (x86)/cypress/psoc creator/3.0/psoc creator/import/gnu_cs/arm/4.7.3/bin/../lib/gcc/arm-none-eabi/4.7.3/armv7-m/crtbegin.o

.stab
 *(.stab)

.stabstr
 *(.stabstr)

.debug
 *(.debug)

.line
 *(.line)

.debug_srcinfo
 *(.debug_srcinfo)

.debug_sfnames
 *(.debug_sfnames)

.debug_aranges  0x00000000      0x918
 *(.debug_aranges)
 .debug_aranges
                0x00000000       0x20 .\CortexM3\ARM_GCC_473\Debug\main.o
 .debug_aranges
                0x00000020       0x18 .\CortexM3\ARM_GCC_473\Debug\cymetadata.o
 .debug_aranges
                0x00000038       0x40 .\CortexM3\ARM_GCC_473\Debug\Cm3Start.o
 .debug_aranges
                0x00000078       0x60 .\CortexM3\ARM_GCC_473\Debug\W5100_Example1-FreeSoC_Explorer.a(cyfitter_cfg.o)
 .debug_aranges
                0x000000d8       0xd8 .\CortexM3\ARM_GCC_473\Debug\W5100_Example1-FreeSoC_Explorer.a(SPIM.o)
 .debug_aranges
                0x000001b0      0x350 .\CortexM3\ARM_GCC_473\Debug\W5100_Example1-FreeSoC_Explorer.a(W5100.o)
 .debug_aranges
                0x00000500       0x70 .\CortexM3\ARM_GCC_473\Debug\W5100_Example1-FreeSoC_Explorer.a(SPIM_IntClock.o)
 .debug_aranges
                0x00000570       0x20 .\CortexM3\ARM_GCC_473\Debug\W5100_Example1-FreeSoC_Explorer.a(CyBootAsmGnu.o)
 .debug_aranges
                0x00000590      0x218 .\CortexM3\ARM_GCC_473\Debug\W5100_Example1-FreeSoC_Explorer.a(CyLib.o)
 .debug_aranges
                0x000007a8       0x90 .\CortexM3\ARM_GCC_473\Debug\W5100_Example1-FreeSoC_Explorer.a(cyPm.o)
 .debug_aranges
                0x00000838       0x78 .\CortexM3\ARM_GCC_473\Debug\W5100_Example1-FreeSoC_Explorer.a(CyFlash.o)
 .debug_aranges
                0x000008b0       0x68 .\CortexM3\ARM_GCC_473\Debug\W5100_Example1-FreeSoC_Explorer.a(CySpc.o)

.debug_pubnames
 *(.debug_pubnames)

.debug_info     0x00000000     0x4406
 *(.debug_info .gnu.linkonce.wi.*)
 .debug_info    0x00000000       0xe1 .\CortexM3\ARM_GCC_473\Debug\main.o
 .debug_info    0x000000e1      0x13f .\CortexM3\ARM_GCC_473\Debug\cymetadata.o
 .debug_info    0x00000220      0x2ea .\CortexM3\ARM_GCC_473\Debug\Cm3Start.o
 .debug_info    0x0000050a      0x47e .\CortexM3\ARM_GCC_473\Debug\W5100_Example1-FreeSoC_Explorer.a(cyfitter_cfg.o)
 .debug_info    0x00000988      0x46a .\CortexM3\ARM_GCC_473\Debug\W5100_Example1-FreeSoC_Explorer.a(SPIM.o)
 .debug_info    0x00000df2     0x1906 .\CortexM3\ARM_GCC_473\Debug\W5100_Example1-FreeSoC_Explorer.a(W5100.o)
 .debug_info    0x000026f8      0x294 .\CortexM3\ARM_GCC_473\Debug\W5100_Example1-FreeSoC_Explorer.a(SPIM_IntClock.o)
 .debug_info    0x0000298c       0xb3 .\CortexM3\ARM_GCC_473\Debug\W5100_Example1-FreeSoC_Explorer.a(CyBootAsmGnu.o)
 .debug_info    0x00002a3f      0xcd7 .\CortexM3\ARM_GCC_473\Debug\W5100_Example1-FreeSoC_Explorer.a(CyLib.o)
 .debug_info    0x00003716      0x5c3 .\CortexM3\ARM_GCC_473\Debug\W5100_Example1-FreeSoC_Explorer.a(cyPm.o)
 .debug_info    0x00003cd9      0x354 .\CortexM3\ARM_GCC_473\Debug\W5100_Example1-FreeSoC_Explorer.a(CyFlash.o)
 .debug_info    0x0000402d      0x3d9 .\CortexM3\ARM_GCC_473\Debug\W5100_Example1-FreeSoC_Explorer.a(CySpc.o)

.debug_abbrev   0x00000000      0xee3
 *(.debug_abbrev)
 .debug_abbrev  0x00000000       0x7a .\CortexM3\ARM_GCC_473\Debug\main.o
 .debug_abbrev  0x0000007a       0x66 .\CortexM3\ARM_GCC_473\Debug\cymetadata.o
 .debug_abbrev  0x000000e0      0x175 .\CortexM3\ARM_GCC_473\Debug\Cm3Start.o
 .debug_abbrev  0x00000255      0x1b9 .\CortexM3\ARM_GCC_473\Debug\W5100_Example1-FreeSoC_Explorer.a(cyfitter_cfg.o)
 .debug_abbrev  0x0000040e      0x158 .\CortexM3\ARM_GCC_473\Debug\W5100_Example1-FreeSoC_Explorer.a(SPIM.o)
 .debug_abbrev  0x00000566      0x202 .\CortexM3\ARM_GCC_473\Debug\W5100_Example1-FreeSoC_Explorer.a(W5100.o)
 .debug_abbrev  0x00000768      0x11f .\CortexM3\ARM_GCC_473\Debug\W5100_Example1-FreeSoC_Explorer.a(SPIM_IntClock.o)
 .debug_abbrev  0x00000887       0x14 .\CortexM3\ARM_GCC_473\Debug\W5100_Example1-FreeSoC_Explorer.a(CyBootAsmGnu.o)
 .debug_abbrev  0x0000089b      0x207 .\CortexM3\ARM_GCC_473\Debug\W5100_Example1-FreeSoC_Explorer.a(CyLib.o)
 .debug_abbrev  0x00000aa2      0x170 .\CortexM3\ARM_GCC_473\Debug\W5100_Example1-FreeSoC_Explorer.a(cyPm.o)
 .debug_abbrev  0x00000c12      0x172 .\CortexM3\ARM_GCC_473\Debug\W5100_Example1-FreeSoC_Explorer.a(CyFlash.o)
 .debug_abbrev  0x00000d84      0x15f .\CortexM3\ARM_GCC_473\Debug\W5100_Example1-FreeSoC_Explorer.a(CySpc.o)

.debug_line     0x00000000     0x223c
 *(.debug_line)
 .debug_line    0x00000000      0x122 .\CortexM3\ARM_GCC_473\Debug\main.o
 .debug_line    0x00000122       0x53 .\CortexM3\ARM_GCC_473\Debug\cymetadata.o
 .debug_line    0x00000175      0x1b0 .\CortexM3\ARM_GCC_473\Debug\Cm3Start.o
 .debug_line    0x00000325      0x21e .\CortexM3\ARM_GCC_473\Debug\W5100_Example1-FreeSoC_Explorer.a(cyfitter_cfg.o)
 .debug_line    0x00000543      0x270 .\CortexM3\ARM_GCC_473\Debug\W5100_Example1-FreeSoC_Explorer.a(SPIM.o)
 .debug_line    0x000007b3      0xa82 .\CortexM3\ARM_GCC_473\Debug\W5100_Example1-FreeSoC_Explorer.a(W5100.o)
 .debug_line    0x00001235      0x1a4 .\CortexM3\ARM_GCC_473\Debug\W5100_Example1-FreeSoC_Explorer.a(SPIM_IntClock.o)
 .debug_line    0x000013d9       0x68 .\CortexM3\ARM_GCC_473\Debug\W5100_Example1-FreeSoC_Explorer.a(CyBootAsmGnu.o)
 .debug_line    0x00001441      0x73b .\CortexM3\ARM_GCC_473\Debug\W5100_Example1-FreeSoC_Explorer.a(CyLib.o)
 .debug_line    0x00001b7c      0x370 .\CortexM3\ARM_GCC_473\Debug\W5100_Example1-FreeSoC_Explorer.a(cyPm.o)
 .debug_line    0x00001eec      0x1a9 .\CortexM3\ARM_GCC_473\Debug\W5100_Example1-FreeSoC_Explorer.a(CyFlash.o)
 .debug_line    0x00002095      0x1a7 .\CortexM3\ARM_GCC_473\Debug\W5100_Example1-FreeSoC_Explorer.a(CySpc.o)

.debug_frame    0x00000000     0x1fd0
 *(.debug_frame)
 .debug_frame   0x00000000       0x30 .\CortexM3\ARM_GCC_473\Debug\main.o
 .debug_frame   0x00000030       0xa4 .\CortexM3\ARM_GCC_473\Debug\Cm3Start.o
 .debug_frame   0x000000d4      0x120 .\CortexM3\ARM_GCC_473\Debug\W5100_Example1-FreeSoC_Explorer.a(cyfitter_cfg.o)
 .debug_frame   0x000001f4      0x2c4 .\CortexM3\ARM_GCC_473\Debug\W5100_Example1-FreeSoC_Explorer.a(SPIM.o)
 .debug_frame   0x000004b8      0xcc0 .\CortexM3\ARM_GCC_473\Debug\W5100_Example1-FreeSoC_Explorer.a(W5100.o)
 .debug_frame   0x00001178      0x14c .\CortexM3\ARM_GCC_473\Debug\W5100_Example1-FreeSoC_Explorer.a(SPIM_IntClock.o)
 .debug_frame   0x000012c4      0x778 .\CortexM3\ARM_GCC_473\Debug\W5100_Example1-FreeSoC_Explorer.a(CyLib.o)
 .debug_frame   0x00001a3c      0x1d0 .\CortexM3\ARM_GCC_473\Debug\W5100_Example1-FreeSoC_Explorer.a(cyPm.o)
 .debug_frame   0x00001c0c      0x178 .\CortexM3\ARM_GCC_473\Debug\W5100_Example1-FreeSoC_Explorer.a(CyFlash.o)
 .debug_frame   0x00001d84      0x13c .\CortexM3\ARM_GCC_473\Debug\W5100_Example1-FreeSoC_Explorer.a(CySpc.o)
 .debug_frame   0x00001ec0       0x28 c:/program files (x86)/cypress/psoc creator/3.0/psoc creator/import/gnu_cs/arm/4.7.3/bin/../lib/gcc/arm-none-eabi/4.7.3/../../../../arm-none-eabi/lib/armv7-m\libc_s.a(lib_a-__atexit2.o)
 .debug_frame   0x00001ee8       0x28 c:/program files (x86)/cypress/psoc creator/3.0/psoc creator/import/gnu_cs/arm/4.7.3/bin/../lib/gcc/arm-none-eabi/4.7.3/../../../../arm-none-eabi/lib/armv7-m\libc_s.a(lib_a-exit.o)
 .debug_frame   0x00001f10       0x2c c:/program files (x86)/cypress/psoc creator/3.0/psoc creator/import/gnu_cs/arm/4.7.3/bin/../lib/gcc/arm-none-eabi/4.7.3/../../../../arm-none-eabi/lib/armv7-m\libc_s.a(lib_a-fini.o)
 .debug_frame   0x00001f3c       0x2c c:/program files (x86)/cypress/psoc creator/3.0/psoc creator/import/gnu_cs/arm/4.7.3/bin/../lib/gcc/arm-none-eabi/4.7.3/../../../../arm-none-eabi/lib/armv7-m\libc_s.a(lib_a-init.o)
 .debug_frame   0x00001f68       0x28 c:/program files (x86)/cypress/psoc creator/3.0/psoc creator/import/gnu_cs/arm/4.7.3/bin/../lib/gcc/arm-none-eabi/4.7.3/../../../../arm-none-eabi/lib/armv7-m\libc_s.a(lib_a-memcpy.o)
 .debug_frame   0x00001f90       0x20 c:/program files (x86)/cypress/psoc creator/3.0/psoc creator/import/gnu_cs/arm/4.7.3/bin/../lib/gcc/arm-none-eabi/4.7.3/../../../../arm-none-eabi/lib/armv7-m\libc_s.a(lib_a-memset.o)
 .debug_frame   0x00001fb0       0x20 c:/program files (x86)/cypress/psoc creator/3.0/psoc creator/import/gnu_cs/arm/4.7.3/bin/../lib/gcc/arm-none-eabi/4.7.3/../../../../arm-none-eabi/lib/armv7-m\libc_s.a(lib_a-strlen.o)

.debug_str      0x00000000     0x1d1a
 *(.debug_str)
 .debug_str     0x00000000      0x145 .\CortexM3\ARM_GCC_473\Debug\main.o
                                0x17e (size before relaxing)
 .debug_str     0x00000145       0x77 .\CortexM3\ARM_GCC_473\Debug\cymetadata.o
                                0x1c8 (size before relaxing)
 .debug_str     0x000001bc      0x119 .\CortexM3\ARM_GCC_473\Debug\Cm3Start.o
                                0x284 (size before relaxing)
 .debug_str     0x000002d5      0x193 .\CortexM3\ARM_GCC_473\Debug\W5100_Example1-FreeSoC_Explorer.a(cyfitter_cfg.o)
                                0x30a (size before relaxing)
 .debug_str     0x00000468      0x22f .\CortexM3\ARM_GCC_473\Debug\W5100_Example1-FreeSoC_Explorer.a(SPIM.o)
                                0x38a (size before relaxing)
 .debug_str     0x00000697      0x915 .\CortexM3\ARM_GCC_473\Debug\W5100_Example1-FreeSoC_Explorer.a(W5100.o)
                                0xac1 (size before relaxing)
 .debug_str     0x00000fac      0x1b2 .\CortexM3\ARM_GCC_473\Debug\W5100_Example1-FreeSoC_Explorer.a(SPIM_IntClock.o)
                                0x314 (size before relaxing)
 .debug_str     0x0000115e      0x62e .\CortexM3\ARM_GCC_473\Debug\W5100_Example1-FreeSoC_Explorer.a(CyLib.o)
                                0x7ea (size before relaxing)
 .debug_str     0x0000178c      0x367 .\CortexM3\ARM_GCC_473\Debug\W5100_Example1-FreeSoC_Explorer.a(cyPm.o)
                                0x4f9 (size before relaxing)
 .debug_str     0x00001af3      0x129 .\CortexM3\ARM_GCC_473\Debug\W5100_Example1-FreeSoC_Explorer.a(CyFlash.o)
                                0x2bf (size before relaxing)
 .debug_str     0x00001c1c       0xfe .\CortexM3\ARM_GCC_473\Debug\W5100_Example1-FreeSoC_Explorer.a(CySpc.o)
                                0x29b (size before relaxing)

.debug_loc      0x00000000     0x3460
 *(.debug_loc)
 .debug_loc     0x00000000       0x38 .\CortexM3\ARM_GCC_473\Debug\main.o
 .debug_loc     0x00000038      0x100 .\CortexM3\ARM_GCC_473\Debug\Cm3Start.o
 .debug_loc     0x00000138      0x1f8 .\CortexM3\ARM_GCC_473\Debug\W5100_Example1-FreeSoC_Explorer.a(cyfitter_cfg.o)
 .debug_loc     0x00000330      0x4d4 .\CortexM3\ARM_GCC_473\Debug\W5100_Example1-FreeSoC_Explorer.a(SPIM.o)
 .debug_loc     0x00000804     0x15e0 .\CortexM3\ARM_GCC_473\Debug\W5100_Example1-FreeSoC_Explorer.a(W5100.o)
 .debug_loc     0x00001de4      0x22c .\CortexM3\ARM_GCC_473\Debug\W5100_Example1-FreeSoC_Explorer.a(SPIM_IntClock.o)
 .debug_loc     0x00002010      0xce0 .\CortexM3\ARM_GCC_473\Debug\W5100_Example1-FreeSoC_Explorer.a(CyLib.o)
 .debug_loc     0x00002cf0      0x2e8 .\CortexM3\ARM_GCC_473\Debug\W5100_Example1-FreeSoC_Explorer.a(cyPm.o)
 .debug_loc     0x00002fd8      0x258 .\CortexM3\ARM_GCC_473\Debug\W5100_Example1-FreeSoC_Explorer.a(CyFlash.o)
 .debug_loc     0x00003230      0x230 .\CortexM3\ARM_GCC_473\Debug\W5100_Example1-FreeSoC_Explorer.a(CySpc.o)

.debug_macinfo
 *(.debug_macinfo)

.debug_ranges   0x00000000      0x840
 *(.debug_ranges)
 .debug_ranges  0x00000000       0x10 .\CortexM3\ARM_GCC_473\Debug\main.o
 .debug_ranges  0x00000010       0x30 .\CortexM3\ARM_GCC_473\Debug\Cm3Start.o
 .debug_ranges  0x00000040       0x50 .\CortexM3\ARM_GCC_473\Debug\W5100_Example1-FreeSoC_Explorer.a(cyfitter_cfg.o)
 .debug_ranges  0x00000090       0xc8 .\CortexM3\ARM_GCC_473\Debug\W5100_Example1-FreeSoC_Explorer.a(SPIM.o)
 .debug_ranges  0x00000158      0x340 .\CortexM3\ARM_GCC_473\Debug\W5100_Example1-FreeSoC_Explorer.a(W5100.o)
 .debug_ranges  0x00000498       0x60 .\CortexM3\ARM_GCC_473\Debug\W5100_Example1-FreeSoC_Explorer.a(SPIM_IntClock.o)
 .debug_ranges  0x000004f8      0x208 .\CortexM3\ARM_GCC_473\Debug\W5100_Example1-FreeSoC_Explorer.a(CyLib.o)
 .debug_ranges  0x00000700       0x80 .\CortexM3\ARM_GCC_473\Debug\W5100_Example1-FreeSoC_Explorer.a(cyPm.o)
 .debug_ranges  0x00000780       0x68 .\CortexM3\ARM_GCC_473\Debug\W5100_Example1-FreeSoC_Explorer.a(CyFlash.o)
 .debug_ranges  0x000007e8       0x58 .\CortexM3\ARM_GCC_473\Debug\W5100_Example1-FreeSoC_Explorer.a(CySpc.o)

.comment        0x00000000       0x70
 .comment       0x00000000       0x70 .\CortexM3\ARM_GCC_473\Debug\main.o
                                 0x71 (size before relaxing)
 .comment       0x00000000       0x71 .\CortexM3\ARM_GCC_473\Debug\cymetadata.o
 .comment       0x00000000       0x71 .\CortexM3\ARM_GCC_473\Debug\Cm3Start.o
 .comment       0x00000000       0x71 .\CortexM3\ARM_GCC_473\Debug\W5100_Example1-FreeSoC_Explorer.a(cyfitter_cfg.o)
 .comment       0x00000000       0x71 .\CortexM3\ARM_GCC_473\Debug\W5100_Example1-FreeSoC_Explorer.a(SPIM.o)
 .comment       0x00000000       0x71 .\CortexM3\ARM_GCC_473\Debug\W5100_Example1-FreeSoC_Explorer.a(W5100.o)
 .comment       0x00000000       0x71 .\CortexM3\ARM_GCC_473\Debug\W5100_Example1-FreeSoC_Explorer.a(SPIM_IntClock.o)
 .comment       0x00000000       0x71 .\CortexM3\ARM_GCC_473\Debug\W5100_Example1-FreeSoC_Explorer.a(CyLib.o)
 .comment       0x00000000       0x71 .\CortexM3\ARM_GCC_473\Debug\W5100_Example1-FreeSoC_Explorer.a(cyPm.o)
 .comment       0x00000000       0x71 .\CortexM3\ARM_GCC_473\Debug\W5100_Example1-FreeSoC_Explorer.a(CyFlash.o)
 .comment       0x00000000       0x71 .\CortexM3\ARM_GCC_473\Debug\W5100_Example1-FreeSoC_Explorer.a(CySpc.o)

.debug_weaknames
 *(.debug_weaknames)

.debug_funcnames
 *(.debug_funcnames)

.debug_typenames
 *(.debug_typenames)

.debug_varnames
 *(.debug_varnames)

.note.gnu.arm.ident
 *(.note.gnu.arm.ident)

.ARM.attributes
                0x00000000       0x29
 *(.ARM.attributes)
 .ARM.attributes
                0x00000000       0x1d c:/program files (x86)/cypress/psoc creator/3.0/psoc creator/import/gnu_cs/arm/4.7.3/bin/../lib/gcc/arm-none-eabi/4.7.3/armv7-m/crti.o
 .ARM.attributes
                0x0000001d       0x2d c:/program files (x86)/cypress/psoc creator/3.0/psoc creator/import/gnu_cs/arm/4.7.3/bin/../lib/gcc/arm-none-eabi/4.7.3/armv7-m/crtbegin.o
 .ARM.attributes
                0x0000004a       0x1b c:/program files (x86)/cypress/psoc creator/3.0/psoc creator/import/gnu_cs/arm/4.7.3/bin/../lib/gcc/arm-none-eabi/4.7.3/../../../../arm-none-eabi/lib/armv7-m/crt0.o
 .ARM.attributes
                0x00000065       0x33 .\CortexM3\ARM_GCC_473\Debug\main.o
 .ARM.attributes
                0x00000098       0x33 .\CortexM3\ARM_GCC_473\Debug\cymetadata.o
 .ARM.attributes
                0x000000cb       0x33 .\CortexM3\ARM_GCC_473\Debug\Cm3Start.o
 .ARM.attributes
                0x000000fe       0x33 .\CortexM3\ARM_GCC_473\Debug\W5100_Example1-FreeSoC_Explorer.a(cyfitter_cfg.o)
 .ARM.attributes
                0x00000131       0x33 .\CortexM3\ARM_GCC_473\Debug\W5100_Example1-FreeSoC_Explorer.a(SPIM.o)
 .ARM.attributes
                0x00000164       0x33 .\CortexM3\ARM_GCC_473\Debug\W5100_Example1-FreeSoC_Explorer.a(W5100.o)
 .ARM.attributes
                0x00000197       0x33 .\CortexM3\ARM_GCC_473\Debug\W5100_Example1-FreeSoC_Explorer.a(SPIM_IntClock.o)
 .ARM.attributes
                0x000001ca       0x21 .\CortexM3\ARM_GCC_473\Debug\W5100_Example1-FreeSoC_Explorer.a(CyBootAsmGnu.o)
 .ARM.attributes
                0x000001eb       0x33 .\CortexM3\ARM_GCC_473\Debug\W5100_Example1-FreeSoC_Explorer.a(CyLib.o)
 .ARM.attributes
                0x0000021e       0x33 .\CortexM3\ARM_GCC_473\Debug\W5100_Example1-FreeSoC_Explorer.a(cyPm.o)
 .ARM.attributes
                0x00000251       0x33 .\CortexM3\ARM_GCC_473\Debug\W5100_Example1-FreeSoC_Explorer.a(CyFlash.o)
 .ARM.attributes
                0x00000284       0x33 .\CortexM3\ARM_GCC_473\Debug\W5100_Example1-FreeSoC_Explorer.a(CySpc.o)
 .ARM.attributes
                0x000002b7       0x2d c:/program files (x86)/cypress/psoc creator/3.0/psoc creator/import/gnu_cs/arm/4.7.3/bin/../lib/gcc/arm-none-eabi/4.7.3/../../../../arm-none-eabi/lib/armv7-m\libc_s.a(lib_a-__atexit2.o)
 .ARM.attributes
                0x000002e4       0x2d c:/program files (x86)/cypress/psoc creator/3.0/psoc creator/import/gnu_cs/arm/4.7.3/bin/../lib/gcc/arm-none-eabi/4.7.3/../../../../arm-none-eabi/lib/armv7-m\libc_s.a(lib_a-exit.o)
 .ARM.attributes
                0x00000311       0x2d c:/program files (x86)/cypress/psoc creator/3.0/psoc creator/import/gnu_cs/arm/4.7.3/bin/../lib/gcc/arm-none-eabi/4.7.3/../../../../arm-none-eabi/lib/armv7-m\libc_s.a(lib_a-fini.o)
 .ARM.attributes
                0x0000033e       0x2d c:/program files (x86)/cypress/psoc creator/3.0/psoc creator/import/gnu_cs/arm/4.7.3/bin/../lib/gcc/arm-none-eabi/4.7.3/../../../../arm-none-eabi/lib/armv7-m\libc_s.a(lib_a-impure.o)
 .ARM.attributes
                0x0000036b       0x2d c:/program files (x86)/cypress/psoc creator/3.0/psoc creator/import/gnu_cs/arm/4.7.3/bin/../lib/gcc/arm-none-eabi/4.7.3/../../../../arm-none-eabi/lib/armv7-m\libc_s.a(lib_a-init.o)
 .ARM.attributes
                0x00000398       0x2d c:/program files (x86)/cypress/psoc creator/3.0/psoc creator/import/gnu_cs/arm/4.7.3/bin/../lib/gcc/arm-none-eabi/4.7.3/../../../../arm-none-eabi/lib/armv7-m\libc_s.a(lib_a-memcpy.o)
 .ARM.attributes
                0x000003c5       0x2d c:/program files (x86)/cypress/psoc creator/3.0/psoc creator/import/gnu_cs/arm/4.7.3/bin/../lib/gcc/arm-none-eabi/4.7.3/../../../../arm-none-eabi/lib/armv7-m\libc_s.a(lib_a-memset.o)
 .ARM.attributes
                0x000003f2       0x2d c:/program files (x86)/cypress/psoc creator/3.0/psoc creator/import/gnu_cs/arm/4.7.3/bin/../lib/gcc/arm-none-eabi/4.7.3/../../../../arm-none-eabi/lib/armv7-m\libc_s.a(lib_a-strlen.o)
 .ARM.attributes
                0x0000041f       0x2d c:/program files (x86)/cypress/psoc creator/3.0/psoc creator/import/gnu_cs/arm/4.7.3/bin/../lib/gcc/arm-none-eabi/4.7.3/armv7-m/crtend.o
 .ARM.attributes
                0x0000044c       0x1d c:/program files (x86)/cypress/psoc creator/3.0/psoc creator/import/gnu_cs/arm/4.7.3/bin/../lib/gcc/arm-none-eabi/4.7.3/armv7-m/crtn.o

/DISCARD/
 *(.note.GNU-stack)
OUTPUT(.\CortexM3\ARM_GCC_473\Debug\W5100_Example1-FreeSoC_Explorer.elf elf32-littlearm)
